W/CoreSettingsObserver(  424): 	at com.android.internal.os.ZygoteInit.main(ZygoteInit.java:700)
D/AlarmManagerService(  424): Kernel timezone updated to -480 minutes west of GMT
D/PermissionCache(  122): checking android.permission.ACCESS_SURFACE_FLINGER for uid=1000 => granted (618 us)
D/BluetoothManagerService(  424): Loading stored name and address
D/EventHub(  424): No input device configuration file found for device 'spiKb'.
D/BluetoothManagerService(  424): Stored bluetooth Name=null,Address=null
I/EventHub(  424): New device: id=1, fd=74, path='/dev/input/event1', name='spiKb', classes=0x1, configuration='', keyLayout='/system/usr/keylayout/Generic.kl', keyCharacterMap='/system/usr/keychars/Generic.kcm', builtinKeyboard=false, wakeMechanism=EPOLLWAKEUP, usingClockIoctl=true
E/EventHub(  424): could not get driver version for /dev/input/mice, Not a typewriter
E/EventHub(  424): could not get driver version for /dev/input/mouse0, Not a typewriter
I/EventHub(  424): New device: id=2, fd=76, path='/dev/input/event0', name='TSC2007 Touchscreen', classes=0x4, configuration='/system/usr/idc/TSC2007_Touchscreen.idc', keyLayout='', keyCharacterMap='', builtinKeyboard=false, wakeMechanism=EPOLLWAKEUP, usingClockIoctl=true
I/InputReader(  424): Device added: id=-1, name='Virtual', sources=0x00000301
I/InputReader(  424):   Touch device 'TSC2007 Touchscreen' could not query the properties of its associated display.  The device will be inoperable until the display size becomes available.
I/InputReader(  424): Device added: id=2, name='TSC2007 Touchscreen', sources=0x00001002
I/InputReader(  424): Device added: id=1, name='spiKb', sources=0x00000101
I/InputReader(  424): Reconfiguring input devices.  changes=0x00000004
I/InputReader(  424): Device reconfigured: id=2, name='TSC2007 Touchscreen', size 800x600, orientation 0, mode 1, display id 0
I/art     (  424): DexFile_isDexOptNeeded failed to open oat file '/data/dalvik-cache/arm/system@priv-app@Telecom@Telecom.apk@classes.dex' for file location '/system/priv-app/Telecom/Telecom.apk': Failed to open oat filename for reading: No such file or directory
I/art     (  424): DexFile_isDexOptNeeded failed to open oat file '/system/priv-app/Telecom/arm/Telecom.odex' for file location '/system/priv-app/Telecom/Telecom.apk': Failed to open oat filename for reading: No such file or directory
I/PackageManager(  424): Running dexopt on: /system/priv-app/Telecom/Telecom.apk pkg=com.android.server.telecom isa=arm vmSafeMode=false
I/PackageManager(  424): No secure containers found
E/cutils-trace(  558): Error opening trace file: Permission denied (13)
I/dex2oat (  558): /system/bin/dex2oat --zip-fd=5 --zip-location=/system/priv-app/Telecom/Telecom.apk --oat-fd=6 --oat-location=/data/dalvik-cache/arm/system@priv-app@Telecom@Telecom.apk@classes.dex --instruction-set=arm --instruction-set-features=default --runtime-arg -Xms64m --runtime-arg -Xmx512m
I/dex2oat (  558): dex2oat took 1.149s (threads: 2)
I/art     (  424): DexFile_isDexOptNeeded failed to open oat file '/data/dalvik-cache/arm/system@priv-app@TeleService@TeleService.apk@classes.dex' for file location '/system/priv-app/TeleService/TeleService.apk': Failed to open oat filename for reading: No such file or directory
I/art     (  424): DexFile_isDexOptNeeded failed to open oat file '/system/priv-app/TeleService/arm/TeleService.odex' for file location '/system/priv-app/TeleService/TeleService.apk': Failed to open oat filename for reading: No such file or directory
I/PackageManager(  424): Running dexopt on: /system/priv-app/TeleService/TeleService.apk pkg=com.android.phone isa=arm vmSafeMode=false
E/cutils-trace(  561): Error opening trace file: Permission denied (13)
I/dex2oat (  561): /system/bin/dex2oat --zip-fd=5 --zip-location=/system/priv-app/TeleService/TeleService.apk --oat-fd=6 --oat-location=/data/dalvik-cache/arm/system@priv-app@TeleService@TeleService.apk@classes.dex --instruction-set=arm --instruction-set-features=default --runtime-arg -Xms64m --runtime-arg -Xmx512m
I/dex2oat (  561): dex2oat took 2.221s (threads: 2)
I/art     (  424): DexFile_isDexOptNeeded failed to open oat file '/data/dalvik-cache/arm/system@priv-app@Dialer@Dialer.apk@classes.dex' for file location '/system/priv-app/Dialer/Dialer.apk': Failed to open oat filename for reading: No such file or directory
I/art     (  424): DexFile_isDexOptNeeded failed to open oat file '/system/priv-app/Dialer/arm/Dialer.odex' for file location '/system/priv-app/Dialer/Dialer.apk': Failed to open oat filename for reading: No such file or directory
I/PackageManager(  424): Running dexopt on: /system/priv-app/Dialer/Dialer.apk pkg=com.android.dialer isa=arm vmSafeMode=false
E/cutils-trace(  564): Error opening trace file: Permission denied (13)
I/dex2oat (  564): /system/bin/dex2oat --zip-fd=5 --zip-location=/system/priv-app/Dialer/Dialer.apk --oat-fd=6 --oat-location=/data/dalvik-cache/arm/system@priv-app@Dialer@Dialer.apk@classes.dex --instruction-set=arm --instruction-set-features=default --runtime-arg -Xms64m --runtime-arg -Xmx512m
I/dex2oat (  564): dex2oat took 5.309s (threads: 2)
I/art     (  424): DexFile_isDexOptNeeded failed to open oat file '/data/dalvik-cache/arm/system@priv-app@MmsService@MmsService.apk@classes.dex' for file location '/system/priv-app/MmsService/MmsService.apk': Failed to open oat filename for reading: No such file or directory
I/art     (  424): DexFile_isDexOptNeeded failed to open oat file '/system/priv-app/MmsService/arm/MmsService.odex' for file location '/system/priv-app/MmsService/MmsService.apk': Failed to open oat filename for reading: No such file or directory
I/PackageManager(  424): Running dexopt on: /system/priv-app/MmsService/MmsService.apk pkg=com.android.mms.service isa=arm vmSafeMode=false
E/cutils-trace(  567): Error opening trace file: Permission denied (13)
I/dex2oat (  567): /system/bin/dex2oat --zip-fd=5 --zip-location=/system/priv-app/MmsService/MmsService.apk --oat-fd=6 --oat-location=/data/dalvik-cache/arm/system@priv-app@MmsService@MmsService.apk@classes.dex --instruction-set=arm --instruction-set-features=default --runtime-arg -Xms64m --runtime-arg -Xmx512m
I/dex2oat (  567): dex2oat took 771.334ms (threads: 2)
I/art     (  424): DexFile_isDexOptNeeded failed to open oat file '/data/dalvik-cache/arm/system@priv-app@SystemUI@SystemUI.apk@classes.dex' for file location '/system/priv-app/SystemUI/SystemUI.apk': Failed to open oat filename for reading: No such file or directory
I/art     (  424): DexFile_isDexOptNeeded failed to open oat file '/system/priv-app/SystemUI/arm/SystemUI.odex' for file location '/system/priv-app/SystemUI/SystemUI.apk': Failed to open oat filename for reading: No such file or directory
I/PackageManager(  424): Running dexopt on: /system/priv-app/SystemUI/SystemUI.apk pkg=com.android.systemui isa=arm vmSafeMode=false
E/cutils-trace(  570): Error opening trace file: Permission denied (13)
I/dex2oat (  570): /system/bin/dex2oat --zip-fd=5 --zip-location=/system/priv-app/SystemUI/SystemUI.apk --oat-fd=6 --oat-location=/data/dalvik-cache/arm/system@priv-app@SystemUI@SystemUI.apk@classes.dex --instruction-set=arm --instruction-set-features=default --runtime-arg -Xms64m --runtime-arg -Xmx512m
I/dex2oat (  570): dex2oat took 5.375s (threads: 2)
I/art     (  424): DexFile_isDexOptNeeded failed to open oat file '/data/dalvik-cache/arm/system@priv-app@DefaultContainerService@DefaultContainerService.apk@classes.dex' for file location '/system/priv-app/DefaultContainerService/DefaultContainerService.apk': Failed to open oat filename for reading: No such file or directory
I/art     (  424): DexFile_isDexOptNeeded failed to open oat file '/system/priv-app/DefaultContainerService/arm/DefaultContainerService.odex' for file location '/system/priv-app/DefaultContainerService/DefaultContainerService.apk': Failed to open oat filename for reading: No such file or directory
I/PackageManager(  424): Running dexopt on: /system/priv-app/DefaultContainerService/DefaultContainerService.apk pkg=com.android.defcontainer isa=arm vmSafeMode=false
E/cutils-trace(  573): Error opening trace file: Permission denied (13)
I/dex2oat (  573): /system/bin/dex2oat --zip-fd=5 --zip-location=/system/priv-app/DefaultContainerService/DefaultContainerService.apk --oat-fd=6 --oat-location=/data/dalvik-cache/arm/system@priv-app@DefaultContainerService@DefaultContainerService.apk@classes.dex --instruction-set=arm --instruction-set-features=default --runtime-arg -Xms64m --runtime-arg -Xmx512m
I/dex2oat (  573): dex2oat took 192.292ms (threads: 2)
I/art     (  424): DexFile_isDexOptNeeded failed to open oat file '/data/dalvik-cache/arm/system@priv-app@Shell@Shell.apk@classes.dex' for file location '/system/priv-app/Shell/Shell.apk': Failed to open oat filename for reading: No such file or directory
I/art     (  424): DexFile_isDexOptNeeded failed to open oat file '/system/priv-app/Shell/arm/Shell.odex' for file location '/system/priv-app/Shell/Shell.apk': Failed to open oat filename for reading: No such file or directory
I/PackageManager(  424): Running dexopt on: /system/priv-app/Shell/Shell.apk pkg=com.android.shell isa=arm vmSafeMode=false
E/cutils-trace(  576): Error opening trace file: Permission denied (13)
I/dex2oat (  576): /system/bin/dex2oat --zip-fd=5 --zip-location=/system/priv-app/Shell/Shell.apk --oat-fd=6 --oat-location=/data/dalvik-cache/arm/system@priv-app@Shell@Shell.apk@classes.dex --instruction-set=arm --instruction-set-features=default --runtime-arg -Xms64m --runtime-arg -Xmx512m
I/dex2oat (  576): dex2oat took 1.253s (threads: 2)
I/art     (  424): DexFile_isDexOptNeeded failed to open oat file '/data/dalvik-cache/arm/system@priv-app@ProxyHandler@ProxyHandler.apk@classes.dex' for file location '/system/priv-app/ProxyHandler/ProxyHandler.apk': Failed to open oat filename for reading: No such file or directory
I/art     (  424): DexFile_isDexOptNeeded failed to open oat file '/system/priv-app/ProxyHandler/arm/ProxyHandler.odex' for file location '/system/priv-app/ProxyHandler/ProxyHandler.apk': Failed to open oat filename for reading: No such file or directory
I/PackageManager(  424): Running dexopt on: /system/priv-app/ProxyHandler/ProxyHandler.apk pkg=com.android.proxyhandler isa=arm vmSafeMode=false
E/cutils-trace(  579): Error opening trace file: Permission denied (13)
I/dex2oat (  579): /system/bin/dex2oat --zip-fd=5 --zip-location=/system/priv-app/ProxyHandler/ProxyHandler.apk --oat-fd=6 --oat-location=/data/dalvik-cache/arm/system@priv-app@ProxyHandler@ProxyHandler.apk@classes.dex --instruction-set=arm --instruction-set-features=default --runtime-arg -Xms64m --runtime-arg -Xmx512m
I/dex2oat (  579): dex2oat took 82.737ms (threads: 2)
I/art     (  424): DexFile_isDexOptNeeded failed to open oat file '/data/dalvik-cache/arm/system@app@LatinIME@LatinIME.apk@classes.dex' for file location '/system/app/LatinIME/LatinIME.apk': Failed to open oat filename for reading: No such file or directory
I/art     (  424): DexFile_isDexOptNeeded failed to open oat file '/system/app/LatinIME/arm/LatinIME.odex' for file location '/system/app/LatinIME/LatinIME.apk': Failed to open oat filename for reading: No such file or directory
I/PackageManager(  424): Running dexopt on: /system/app/LatinIME/LatinIME.apk pkg=com.android.inputmethod.latin isa=arm vmSafeMode=false
E/cutils-trace(  582): Error opening trace file: Permission denied (13)
I/dex2oat (  582): /system/bin/dex2oat --zip-fd=5 --zip-location=/system/app/LatinIME/LatinIME.apk --oat-fd=6 --oat-location=/data/dalvik-cache/arm/system@app@LatinIME@LatinIME.apk@classes.dex --instruction-set=arm --instruction-set-features=default --runtime-arg -Xms64m --runtime-arg -Xmx512m
I/dex2oat (  582): dex2oat took 3.609s (threads: 2)
I/art     (  424): DexFile_isDexOptNeeded failed to open oat file '/data/dalvik-cache/arm/system@priv-app@TelephonyProvider@TelephonyProvider.apk@classes.dex' for file location '/system/priv-app/TelephonyProvider/TelephonyProvider.apk': Failed to open oat filename for reading: No such file or directory
I/art     (  424): DexFile_isDexOptNeeded failed to open oat file '/system/priv-app/TelephonyProvider/arm/TelephonyProvider.odex' for file location '/system/priv-app/TelephonyProvider/TelephonyProvider.apk': Failed to open oat filename for reading: No such file or directory
I/PackageManager(  424): Running dexopt on: /system/priv-app/TelephonyProvider/TelephonyProvider.apk pkg=com.android.providers.telephony isa=arm vmSafeMode=false
E/cutils-trace(  585): Error opening trace file: Permission denied (13)
I/dex2oat (  585): /system/bin/dex2oat --zip-fd=5 --zip-location=/system/priv-app/TelephonyProvider/TelephonyProvider.apk --oat-fd=6 --oat-location=/data/dalvik-cache/arm/system@priv-app@TelephonyProvider@TelephonyProvider.apk@classes.dex --instruction-set=arm --instruction-set-features=default --runtime-arg -Xms64m --runtime-arg -Xmx512m
I/dex2oat (  585): dex2oat took 834.280ms (threads: 2)
I/art     (  424): DexFile_isDexOptNeeded failed to open oat file '/data/dalvik-cache/arm/system@priv-app@MediaProvider@MediaProvider.apk@classes.dex' for file location '/system/priv-app/MediaProvider/MediaProvider.apk': Failed to open oat filename for reading: No such file or directory
I/art     (  424): DexFile_isDexOptNeeded failed to open oat file '/system/priv-app/MediaProvider/arm/MediaProvider.odex' for file location '/system/priv-app/MediaProvider/MediaProvider.apk': Failed to open oat filename for reading: No such file or directory
I/PackageManager(  424): Running dexopt on: /system/priv-app/MediaProvider/MediaProvider.apk pkg=com.android.providers.media isa=arm vmSafeMode=false
E/cutils-trace(  588): Error opening trace file: Permission denied (13)
I/dex2oat (  588): /system/bin/dex2oat --zip-fd=5 --zip-location=/system/priv-app/MediaProvider/MediaProvider.apk --oat-fd=6 --oat-location=/data/dalvik-cache/arm/system@priv-app@MediaProvider@MediaProvider.apk@classes.dex --instruction-set=arm --instruction-set-features=default --runtime-arg -Xms64m --runtime-arg -Xmx512m
I/dex2oat (  588): dex2oat took 590.560ms (threads: 2)
I/art     (  424): DexFile_isDexOptNeeded failed to open oat file '/data/dalvik-cache/arm/system@priv-app@ContactsProvider@ContactsProvider.apk@classes.dex' for file location '/system/priv-app/ContactsProvider/ContactsProvider.apk': Failed to open oat filename for reading: No such file or directory
I/art     (  424): DexFile_isDexOptNeeded failed to open oat file '/system/priv-app/ContactsProvider/arm/ContactsProvider.odex' for file location '/system/priv-app/ContactsProvider/ContactsProvider.apk': Failed to open oat filename for reading: No such file or directory
I/PackageManager(  424): Running dexopt on: /system/priv-app/ContactsProvider/ContactsProvider.apk pkg=com.android.providers.contacts isa=arm vmSafeMode=false
E/cutils-trace(  591): Error opening trace file: Permission denied (13)
I/dex2oat (  591): /system/bin/dex2oat --zip-fd=5 --zip-location=/system/priv-app/ContactsProvider/ContactsProvider.apk --oat-fd=6 --oat-location=/data/dalvik-cache/arm/system@priv-app@ContactsProvider@ContactsProvider.apk@classes.dex --instruction-set=arm --instruction-set-features=default --runtime-arg -Xms64m --runtime-arg -Xmx512m
I/dex2oat (  591): dex2oat took 2.521s (threads: 2)
I/art     (  424): DexFile_isDexOptNeeded failed to open oat file '/data/dalvik-cache/arm/system@priv-app@CalendarProvider@CalendarProvider.apk@classes.dex' for file location '/system/priv-app/CalendarProvider/CalendarProvider.apk': Failed to open oat filename for reading: No such file or directory
I/art     (  424): DexFile_isDexOptNeeded failed to open oat file '/system/priv-app/CalendarProvider/arm/CalendarProvider.odex' for file location '/system/priv-app/CalendarProvider/CalendarProvider.apk': Failed to open oat filename for reading: No such file or directory
I/PackageManager(  424): Running dexopt on: /system/priv-app/CalendarProvider/CalendarProvider.apk pkg=com.android.providers.calendar isa=arm vmSafeMode=false
E/cutils-trace(  594): Error opening trace file: Permission denied (13)
I/dex2oat (  594): /system/bin/dex2oat --zip-fd=5 --zip-location=/system/priv-app/CalendarProvider/CalendarProvider.apk --oat-fd=6 --oat-location=/data/dalvik-cache/arm/system@priv-app@CalendarProvider@CalendarProvider.apk@classes.dex --instruction-set=arm --instruction-set-features=default --runtime-arg -Xms64m --runtime-arg -Xmx512m
I/dex2oat (  594): dex2oat took 1.181s (threads: 2)
I/art     (  424): DexFile_isDexOptNeeded failed to open oat file '/data/dalvik-cache/arm/system@priv-app@ManagedProvisioning@ManagedProvisioning.apk@classes.dex' for file location '/system/priv-app/ManagedProvisioning/ManagedProvisioning.apk': Failed to open oat filename for reading: No such file or directory
I/art     (  424): DexFile_isDexOptNeeded failed to open oat file '/system/priv-app/ManagedProvisioning/arm/ManagedProvisioning.odex' for file location '/system/priv-app/ManagedProvisioning/ManagedProvisioning.apk': Failed to open oat filename for reading: No such file or directory
I/PackageManager(  424): Running dexopt on: /system/priv-app/ManagedProvisioning/ManagedProvisioning.apk pkg=com.android.managedprovisioning isa=arm vmSafeMode=false
E/cutils-trace(  597): Error opening trace file: Permission denied (13)
I/dex2oat (  597): /system/bin/dex2oat --zip-fd=5 --zip-location=/system/priv-app/ManagedProvisioning/ManagedProvisioning.apk --oat-fd=6 --oat-location=/data/dalvik-cache/arm/system@priv-app@ManagedProvisioning@ManagedProvisioning.apk@classes.dex --instruction-set=arm --instruction-set-features=default --runtime-arg -Xms64m --runtime-arg -Xmx512m
I/dex2oat (  597): dex2oat took 1.479s (threads: 2)
I/art     (  424): DexFile_isDexOptNeeded failed to open oat file '/data/dalvik-cache/arm/system@app@PackageInstaller@PackageInstaller.apk@classes.dex' for file location '/system/app/PackageInstaller/PackageInstaller.apk': Failed to open oat filename for reading: No such file or directory
I/art     (  424): DexFile_isDexOptNeeded failed to open oat file '/system/app/PackageInstaller/arm/PackageInstaller.odex' for file location '/system/app/PackageInstaller/PackageInstaller.apk': Failed to open oat filename for reading: No such file or directory
I/PackageManager(  424): Running dexopt on: /system/app/PackageInstaller/PackageInstaller.apk pkg=com.android.packageinstaller isa=arm vmSafeMode=false
E/cutils-trace(  600): Error opening trace file: Permission denied (13)
I/dex2oat (  600): /system/bin/dex2oat --zip-fd=5 --zip-location=/system/app/PackageInstaller/PackageInstaller.apk --oat-fd=6 --oat-location=/data/dalvik-cache/arm/system@app@PackageInstaller@PackageInstaller.apk@classes.dex --instruction-set=arm --instruction-set-features=default --runtime-arg -Xms64m --runtime-arg -Xmx512m
I/dex2oat (  600): dex2oat took 1.075s (threads: 2)
I/art     (  424): DexFile_isDexOptNeeded failed to open oat file '/data/dalvik-cache/arm/system@app@Home@Home.apk@classes.dex' for file location '/system/app/Home/Home.apk': Failed to open oat filename for reading: No such file or directory
I/art     (  424): DexFile_isDexOptNeeded failed to open oat file '/system/app/Home/arm/Home.odex' for file location '/system/app/Home/Home.apk': Failed to open oat filename for reading: No such file or directory
I/PackageManager(  424): Running dexopt on: /system/app/Home/Home.apk pkg=com.example.android.home isa=arm vmSafeMode=false
E/cutils-trace(  603): Error opening trace file: Permission denied (13)
I/dex2oat (  603): /system/bin/dex2oat --zip-fd=5 --zip-location=/system/app/Home/Home.apk --oat-fd=6 --oat-location=/data/dalvik-cache/arm/system@app@Home@Home.apk@classes.dex --instruction-set=arm --instruction-set-features=default --runtime-arg -Xms64m --runtime-arg -Xmx512m
I/dex2oat (  603): dex2oat took 625.817ms (threads: 2)
I/art     (  424): DexFile_isDexOptNeeded failed to open oat file '/data/dalvik-cache/arm/system@priv-app@Launcher2@Launcher2.apk@classes.dex' for file location '/system/priv-app/Launcher2/Launcher2.apk': Failed to open oat filename for reading: No such file or directory
I/art     (  424): DexFile_isDexOptNeeded failed to open oat file '/system/priv-app/Launcher2/arm/Launcher2.odex' for file location '/system/priv-app/Launcher2/Launcher2.apk': Failed to open oat filename for reading: No such file or directory
I/PackageManager(  424): Running dexopt on: /system/priv-app/Launcher2/Launcher2.apk pkg=com.android.launcher isa=arm vmSafeMode=false
E/cutils-trace(  606): Error opening trace file: Permission denied (13)
I/dex2oat (  606): /system/bin/dex2oat --zip-fd=5 --zip-location=/system/priv-app/Launcher2/Launcher2.apk --oat-fd=6 --oat-location=/data/dalvik-cache/arm/system@priv-app@Launcher2@Launcher2.apk@classes.dex --instruction-set=arm --instruction-set-features=default --runtime-arg -Xms64m --runtime-arg -Xmx512m
I/dex2oat (  606): dex2oat took 3.210s (threads: 2)
I/art     (  424): DexFile_isDexOptNeeded failed to open oat file '/data/dalvik-cache/arm/system@priv-app@DownloadProvider@DownloadProvider.apk@classes.dex' for file location '/system/priv-app/DownloadProvider/DownloadProvider.apk': Failed to open oat filename for reading: No such file or directory
I/art     (  424): DexFile_isDexOptNeeded failed to open oat file '/system/priv-app/DownloadProvider/arm/DownloadProvider.odex' for file location '/system/priv-app/DownloadProvider/DownloadProvider.apk': Failed to open oat filename for reading: No such file or directory
I/PackageManager(  424): Running dexopt on: /system/priv-app/DownloadProvider/DownloadProvider.apk pkg=com.android.providers.downloads isa=arm vmSafeMode=false
E/cutils-trace(  609): Error opening trace file: Permission denied (13)
I/dex2oat (  609): /system/bin/dex2oat --zip-fd=5 --zip-location=/system/priv-app/DownloadProvider/DownloadProvider.apk --oat-fd=6 --oat-location=/data/dalvik-cache/arm/system@priv-app@DownloadProvider@DownloadProvider.apk@classes.dex --instruction-set=arm --instruction-set-features=default --runtime-arg -Xms64m --runtime-arg -Xmx512m
I/dex2oat (  609): dex2oat took 910.847ms (threads: 2)
I/art     (  424): DexFile_isDexOptNeeded failed to open oat file '/data/dalvik-cache/arm/system@priv-app@Contacts@Contacts.apk@classes.dex' for file location '/system/priv-app/Contacts/Contacts.apk': Failed to open oat filename for reading: No such file or directory
I/art     (  424): DexFile_isDexOptNeeded failed to open oat file '/system/priv-app/Contacts/arm/Contacts.odex' for file location '/system/priv-app/Contacts/Contacts.apk': Failed to open oat filename for reading: No such file or directory
I/PackageManager(  424): Running dexopt on: /system/priv-app/Contacts/Contacts.apk pkg=com.android.contacts isa=arm vmSafeMode=false
E/cutils-trace(  612): Error opening trace file: Permission denied (13)
I/dex2oat (  612): /system/bin/dex2oat --zip-fd=5 --zip-location=/system/priv-app/Contacts/Contacts.apk --oat-fd=6 --oat-location=/data/dalvik-cache/arm/system@priv-app@Contacts@Contacts.apk@classes.dex --instruction-set=arm --instruction-set-features=default --runtime-arg -Xms64m --runtime-arg -Xmx512m
I/dex2oat (  612): dex2oat took 5.311s (threads: 2)
I/art     (  424): DexFile_isDexOptNeeded failed to open oat file '/data/dalvik-cache/arm/system@app@UserDictionaryProvider@UserDictionaryProvider.apk@classes.dex' for file location '/system/app/UserDictionaryProvider/UserDictionaryProvider.apk': Failed to open oat filename for reading: No such file or directory
I/art     (  424): DexFile_isDexOptNeeded failed to open oat file '/system/app/UserDictionaryProvider/arm/UserDictionaryProvider.odex' for file location '/system/app/UserDictionaryProvider/UserDictionaryProvider.apk': Failed to open oat filename for reading: No such file or directory
I/PackageManager(  424): Running dexopt on: /system/app/UserDictionaryProvider/UserDictionaryProvider.apk pkg=com.android.providers.userdictionary isa=arm vmSafeMode=false
E/cutils-trace(  615): Error opening trace file: Permission denied (13)
I/dex2oat (  615): /system/bin/dex2oat --zip-fd=5 --zip-location=/system/app/UserDictionaryProvider/UserDictionaryProvider.apk --oat-fd=6 --oat-location=/data/dalvik-cache/arm/system@app@UserDictionaryProvider@UserDictionaryProvider.apk@classes.dex --instruction-set=arm --instruction-set-features=default --runtime-arg -Xms64m --runtime-arg -Xmx512m
I/dex2oat (  615): dex2oat took 100.652ms (threads: 2)
I/art     (  424): DexFile_isDexOptNeeded failed to open oat file '/data/dalvik-cache/arm/system@priv-app@WallpaperCropper@WallpaperCropper.apk@classes.dex' for file location '/system/priv-app/WallpaperCropper/WallpaperCropper.apk': Failed to open oat filename for reading: No such file or directory
I/art     (  424): DexFile_isDexOptNeeded failed to open oat file '/system/priv-app/WallpaperCropper/arm/WallpaperCropper.odex' for file location '/system/priv-app/WallpaperCropper/WallpaperCropper.apk': Failed to open oat filename for reading: No such file or directory
I/PackageManager(  424): Running dexopt on: /system/priv-app/WallpaperCropper/WallpaperCropper.apk pkg=com.android.wallpapercropper isa=arm vmSafeMode=false
E/cutils-trace(  618): Error opening trace file: Permission denied (13)
I/dex2oat (  618): /system/bin/dex2oat --zip-fd=5 --zip-location=/system/priv-app/WallpaperCropper/WallpaperCropper.apk --oat-fd=6 --oat-location=/data/dalvik-cache/arm/system@priv-app@WallpaperCropper@WallpaperCropper.apk@classes.dex --instruction-set=arm --instruction-set-features=default --runtime-arg -Xms64m --runtime-arg -Xmx512m
I/dex2oat (  618): dex2oat took 1.123s (threads: 2)
I/art     (  424): DexFile_isDexOptNeeded failed to open oat file '/data/dalvik-cache/arm/system@priv-app@SharedStorageBackup@SharedStorageBackup.apk@classes.dex' for file location '/system/priv-app/SharedStorageBackup/SharedStorageBackup.apk': Failed to open oat filename for reading: No such file or directory
I/art     (  424): DexFile_isDexOptNeeded failed to open oat file '/system/priv-app/SharedStorageBackup/arm/SharedStorageBackup.odex' for file location '/system/priv-app/SharedStorageBackup/SharedStorageBackup.apk': Failed to open oat filename for reading: No such file or directory
I/PackageManager(  424): Running dexopt on: /system/priv-app/SharedStorageBackup/SharedStorageBackup.apk pkg=com.android.sharedstoragebackup isa=arm vmSafeMode=false
E/cutils-trace(  621): Error opening trace file: Permission denied (13)
I/dex2oat (  621): /system/bin/dex2oat --zip-fd=5 --zip-location=/system/priv-app/SharedStorageBackup/SharedStorageBackup.apk --oat-fd=6 --oat-location=/data/dalvik-cache/arm/system@priv-app@SharedStorageBackup@SharedStorageBackup.apk@classes.dex --instruction-set=arm --instruction-set-features=default --runtime-arg -Xms64m --runtime-arg -Xmx512m
I/dex2oat (  621): dex2oat took 94.294ms (threads: 2)
I/art     (  424): DexFile_isDexOptNeeded failed to open oat file '/data/dalvik-cache/arm/system@priv-app@OneTimeInitializer@OneTimeInitializer.apk@classes.dex' for file location '/system/priv-app/OneTimeInitializer/OneTimeInitializer.apk': Failed to open oat filename for reading: No such file or directory
I/art     (  424): DexFile_isDexOptNeeded failed to open oat file '/system/priv-app/OneTimeInitializer/arm/OneTimeInitializer.odex' for file location '/system/priv-app/OneTimeInitializer/OneTimeInitializer.apk': Failed to open oat filename for reading: No such file or directory
I/PackageManager(  424): Running dexopt on: /system/priv-app/OneTimeInitializer/OneTimeInitializer.apk pkg=com.android.onetimeinitializer isa=arm vmSafeMode=false
E/cutils-trace(  624): Error opening trace file: Permission denied (13)
I/dex2oat (  624): /system/bin/dex2oat --zip-fd=5 --zip-location=/system/priv-app/OneTimeInitializer/OneTimeInitializer.apk --oat-fd=6 --oat-location=/data/dalvik-cache/arm/system@priv-app@OneTimeInitializer@OneTimeInitializer.apk@classes.dex --instruction-set=arm --instruction-set-features=default --runtime-arg -Xms64m --runtime-arg -Xmx512m
I/dex2oat (  624): dex2oat took 195.014ms (threads: 2)
I/art     (  424): DexFile_isDexOptNeeded failed to open oat file '/data/dalvik-cache/arm/system@priv-app@ExternalStorageProvider@ExternalStorageProvider.apk@classes.dex' for file location '/system/priv-app/ExternalStorageProvider/ExternalStorageProvider.apk': Failed to open oat filename for reading: No such file or directory
I/art     (  424): DexFile_isDexOptNeeded failed to open oat file '/system/priv-app/ExternalStorageProvider/arm/ExternalStorageProvider.odex' for file location '/system/priv-app/ExternalStorageProvider/ExternalStorageProvider.apk': Failed to open oat filename for reading: No such file or directory
I/PackageManager(  424): Running dexopt on: /system/priv-app/ExternalStorageProvider/ExternalStorageProvider.apk pkg=com.android.externalstorage isa=arm vmSafeMode=false
E/cutils-trace(  627): Error opening trace file: Permission denied (13)
I/dex2oat (  627): /system/bin/dex2oat --zip-fd=5 --zip-location=/system/priv-app/ExternalStorageProvider/ExternalStorageProvider.apk --oat-fd=6 --oat-location=/data/dalvik-cache/arm/system@priv-app@ExternalStorageProvider@ExternalStorageProvider.apk@classes.dex --instruction-set=arm --instruction-set-features=default --runtime-arg -Xms64m --runtime-arg -Xmx512m
I/dex2oat (  627): dex2oat took 189.093ms (threads: 2)
I/art     (  424): DexFile_isDexOptNeeded failed to open oat file '/data/dalvik-cache/arm/system@priv-app@MusicFX@MusicFX.apk@classes.dex' for file location '/system/priv-app/MusicFX/MusicFX.apk': Failed to open oat filename for reading: No such file or directory
I/art     (  424): DexFile_isDexOptNeeded failed to open oat file '/system/priv-app/MusicFX/arm/MusicFX.odex' for file location '/system/priv-app/MusicFX/MusicFX.apk': Failed to open oat filename for reading: No such file or directory
I/PackageManager(  424): Running dexopt on: /system/priv-app/MusicFX/MusicFX.apk pkg=com.android.musicfx isa=arm vmSafeMode=false
E/cutils-trace(  630): Error opening trace file: Permission denied (13)
I/dex2oat (  630): /system/bin/dex2oat --zip-fd=5 --zip-location=/system/priv-app/MusicFX/MusicFX.apk --oat-fd=6 --oat-location=/data/dalvik-cache/arm/system@priv-app@MusicFX@MusicFX.apk@classes.dex --instruction-set=arm --instruction-set-features=default --runtime-arg -Xms64m --runtime-arg -Xmx512m
I/dex2oat (  630): dex2oat took 460.104ms (threads: 2)
I/art     (  424): DexFile_isDexOptNeeded failed to open oat file '/data/dalvik-cache/arm/system@app@ES@ES.apk@classes.dex' for file location '/system/app/ES/ES.apk': Failed to open oat filename for reading: No such file or directory
I/art     (  424): DexFile_isDexOptNeeded failed to open oat file '/system/app/ES/arm/ES.odex' for file location '/system/app/ES/ES.apk': Failed to open oat filename for reading: No such file or directory
I/PackageManager(  424): Running dexopt on: /system/app/ES/ES.apk pkg=com.estrongs.android.pop isa=arm vmSafeMode=false
E/cutils-trace(  633): Error opening trace file: Permission denied (13)
I/dex2oat (  633): /system/bin/dex2oat --zip-fd=5 --zip-location=/system/app/ES/ES.apk --oat-fd=6 --oat-location=/data/dalvik-cache/arm/system@app@ES@ES.apk@classes.dex --instruction-set=arm --instruction-set-features=default --runtime-arg -Xms64m --runtime-arg -Xmx512m
W/dex2oat (  633): Before Android 4.1, method int android.support.v7.internal.widget.ListViewCompat.lookForSelectablePosition(int, boolean) would have incorrectly overridden the package-private method in android.widget.ListView
I/dex2oat (  633): Method exceeds compiler instruction limit: 36946 in byte[] com.dropbox.client2.SecureSSLSocketFactory.GetRootKeyStoreBytes1()
I/dex2oat (  633): Method exceeds compiler instruction limit: 20050 in byte[] com.dropbox.client2.SecureSSLSocketFactory.GetRootKeyStoreBytes2()
I/dex2oat (  633): Method exceeds compiler instruction limit: 45153 in byte[] com.dropbox.client2.SecureSSLSocketFactory.GetRootKeyStoreBytes3()
I/dex2oat (  633): Method exceeds compiler instruction limit: 17425 in android.util.SparseArray com.estrongs.android.pop.esclasses.a.ai.a()
I/dex2oat (  633): Method exceeds compiler instruction limit: 19230 in android.util.SparseArray com.estrongs.android.pop.esclasses.a.f.a()
W/dex2oat (  633): Compilation of boolean com.estrongs.fs.d.a(com.estrongs.fs.b.u) took 145.486ms
I/dex2oat (  633): dex2oat took 30.296s (threads: 2)
I/art     (  424): DexFile_isDexOptNeeded failed to open oat file '/data/dalvik-cache/arm/system@priv-app@VpnDialogs@VpnDialogs.apk@classes.dex' for file location '/system/priv-app/VpnDialogs/VpnDialogs.apk': Failed to open oat filename for reading: No such file or directory
I/art     (  424): DexFile_isDexOptNeeded failed to open oat file '/system/priv-app/VpnDialogs/arm/VpnDialogs.odex' for file location '/system/priv-app/VpnDialogs/VpnDialogs.apk': Failed to open oat filename for reading: No such file or directory
I/PackageManager(  424): Running dexopt on: /system/priv-app/VpnDialogs/VpnDialogs.apk pkg=com.android.vpndialogs isa=arm vmSafeMode=false
E/cutils-trace(  636): Error opening trace file: Permission denied (13)
I/dex2oat (  636): /system/bin/dex2oat --zip-fd=5 --zip-location=/system/priv-app/VpnDialogs/VpnDialogs.apk --oat-fd=6 --oat-location=/data/dalvik-cache/arm/system@priv-app@VpnDialogs@VpnDialogs.apk@classes.dex --instruction-set=arm --instruction-set-features=default --runtime-arg -Xms64m --runtime-arg -Xmx512m
I/dex2oat (  636): dex2oat took 92.472ms (threads: 2)
I/art     (  424): DexFile_isDexOptNeeded failed to open oat file '/data/dalvik-cache/arm/system@app@DeskClock@DeskClock.apk@classes.dex' for file location '/system/app/DeskClock/DeskClock.apk': Failed to open oat filename for reading: No such file or directory
I/art     (  424): DexFile_isDexOptNeeded failed to open oat file '/system/app/DeskClock/arm/DeskClock.odex' for file location '/system/app/DeskClock/DeskClock.apk': Failed to open oat filename for reading: No such file or directory
I/PackageManager(  424): Running dexopt on: /system/app/DeskClock/DeskClock.apk pkg=com.android.deskclock isa=arm vmSafeMode=false
E/cutils-trace(  639): Error opening trace file: Permission denied (13)
I/dex2oat (  639): /system/bin/dex2oat --zip-fd=5 --zip-location=/system/app/DeskClock/DeskClock.apk --oat-fd=6 --oat-location=/data/dalvik-cache/arm/system@app@DeskClock@DeskClock.apk@classes.dex --instruction-set=arm --instruction-set-features=default --runtime-arg -Xms64m --runtime-arg -Xmx512m
I/dex2oat (  639): dex2oat took 2.492s (threads: 2)
I/art     (  424): DexFile_isDexOptNeeded failed to open oat file '/data/dalvik-cache/arm/system@priv-app@BackupRestoreConfirmation@BackupRestoreConfirmation.apk@classes.dex' for file location '/system/priv-app/BackupRestoreConfirmation/BackupRestoreConfirmation.apk': Failed to open oat filename for reading: No such file or directory
I/art     (  424): DexFile_isDexOptNeeded failed to open oat file '/system/priv-app/BackupRestoreConfirmation/arm/BackupRestoreConfirmation.odex' for file location '/system/priv-app/BackupRestoreConfirmation/BackupRestoreConfirmation.apk': Failed to open oat filename for reading: No such file or directory
I/PackageManager(  424): Running dexopt on: /system/priv-app/BackupRestoreConfirmation/BackupRestoreConfirmation.apk pkg=com.android.backupconfirm isa=arm vmSafeMode=false
E/cutils-trace(  642): Error opening trace file: Permission denied (13)
I/dex2oat (  642): /system/bin/dex2oat --zip-fd=5 --zip-location=/system/priv-app/BackupRestoreConfirmation/BackupRestoreConfirmation.apk --oat-fd=6 --oat-location=/data/dalvik-cache/arm/system@priv-app@BackupRestoreConfirmation@BackupRestoreConfirmation.apk@classes.dex --instruction-set=arm --instruction-set-features=default --runtime-arg -Xms64m --runtime-arg -Xmx512m
I/dex2oat (  642): dex2oat took 581.924ms (threads: 2)
I/art     (  424): DexFile_isDexOptNeeded failed to open oat file '/data/dalvik-cache/arm/system@app@QuickSearchBox@QuickSearchBox.apk@classes.dex' for file location '/system/app/QuickSearchBox/QuickSearchBox.apk': Failed to open oat filename for reading: No such file or directory
I/art     (  424): DexFile_isDexOptNeeded failed to open oat file '/system/app/QuickSearchBox/arm/QuickSearchBox.odex' for file location '/system/app/QuickSearchBox/QuickSearchBox.apk': Failed to open oat filename for reading: No such file or directory
I/PackageManager(  424): Running dexopt on: /system/app/QuickSearchBox/QuickSearchBox.apk pkg=com.android.quicksearchbox isa=arm vmSafeMode=false
E/cutils-trace(  645): Error opening trace file: Permission denied (13)
I/dex2oat (  645): /system/bin/dex2oat --zip-fd=5 --zip-location=/system/app/QuickSearchBox/QuickSearchBox.apk --oat-fd=6 --oat-location=/data/dalvik-cache/arm/system@app@QuickSearchBox@QuickSearchBox.apk@classes.dex --instruction-set=arm --instruction-set-features=default --runtime-arg -Xms64m --runtime-arg -Xmx512m
I/dex2oat (  645): dex2oat took 1.461s (threads: 2)
I/art     (  424): DexFile_isDexOptNeeded failed to open oat file '/data/dalvik-cache/arm/system@priv-app@Mms@Mms.apk@classes.dex' for file location '/system/priv-app/Mms/Mms.apk': Failed to open oat filename for reading: No such file or directory
I/art     (  424): DexFile_isDexOptNeeded failed to open oat file '/system/priv-app/Mms/arm/Mms.odex' for file location '/system/priv-app/Mms/Mms.apk': Failed to open oat filename for reading: No such file or directory
I/PackageManager(  424): Running dexopt on: /system/priv-app/Mms/Mms.apk pkg=com.android.mms isa=arm vmSafeMode=false
E/cutils-trace(  648): Error opening trace file: Permission denied (13)
I/dex2oat (  648): /system/bin/dex2oat --zip-fd=5 --zip-location=/system/priv-app/Mms/Mms.apk --oat-fd=6 --oat-location=/data/dalvik-cache/arm/system@priv-app@Mms@Mms.apk@classes.dex --instruction-set=arm --instruction-set-features=default --runtime-arg -Xms64m --runtime-arg -Xmx512m
I/dex2oat (  648): dex2oat took 3.778s (threads: 2)
I/art     (  424): DexFile_isDexOptNeeded failed to open oat file '/data/dalvik-cache/arm/data@app@HSpad.apk@classes.dex' for file location '/data/app/HSpad.apk': Failed to open oat filename for reading: No such file or directory
I/art     (  424): DexFile_isDexOptNeeded failed to open oat file '/data/app/arm/HSpad.odex' for file location '/data/app/HSpad.apk': Failed to open oat filename for reading: No such file or directory
I/PackageManager(  424): Running dexopt on: /data/app/HSpad.apk pkg=com.hsr.hspad isa=arm vmSafeMode=false
E/cutils-trace(  651): Error opening trace file: Permission denied (13)
I/dex2oat (  651): /system/bin/dex2oat --zip-fd=5 --zip-location=/data/app/HSpad.apk --oat-fd=6 --oat-location=/data/dalvik-cache/arm/data@app@HSpad.apk@classes.dex --instruction-set=arm --instruction-set-features=default --runtime-arg -Xms64m --runtime-arg -Xmx512m
I/dex2oat (  651): dex2oat took 4.829s (threads: 2)
I/art     (  424): DexFile_isDexOptNeeded failed to open oat file '/data/dalvik-cache/arm/data@app@button_test.apk@classes.dex' for file location '/data/app/button_test.apk': Failed to open oat filename for reading: No such file or directory
I/art     (  424): DexFile_isDexOptNeeded failed to open oat file '/data/app/arm/button_test.odex' for file location '/data/app/button_test.apk': Failed to open oat filename for reading: No such file or directory
I/PackageManager(  424): Running dexopt on: /data/app/button_test.apk pkg=com.example.button_test isa=arm vmSafeMode=false
E/cutils-trace(  654): Error opening trace file: Permission denied (13)
I/dex2oat (  654): /system/bin/dex2oat --zip-fd=5 --zip-location=/data/app/button_test.apk --oat-fd=6 --oat-location=/data/dalvik-cache/arm/data@app@button_test.apk@classes.dex --instruction-set=arm --instruction-set-features=default --runtime-arg -Xms64m --runtime-arg -Xmx512m
I/dex2oat (  654): dex2oat took 3.868s (threads: 2)
I/WifiP2pService(  424): Registering wifip2p
E/WifiConfigStore(  424): associatedPartialScanPeriodMilli set to 20000
D/WifiController(  424): isAirplaneModeOn = false, isWifiEnabled = false, isScanningAvailable = false
I/WifiService(  424): Registering wifi
I/WifiScanningService(  424): Creating wifiscanner
I/WifiScanningService(  424): Starting wifiscanner
I/RttService(  424): Creating rttmanager
I/RttService(  424): Starting rttmanager
I/EthernetServiceImpl(  424): Creating EthernetConfigStore
E/IpConfigStore(  424): Error parsing configuration: java.io.FileNotFoundException: /data/misc/ethernet/ipconfig.txt: open failed: ENOENT (No such file or directory)
W/EthernetConfigStore(  424): No Ethernet configuration found. Using default.
I/EthernetServiceImpl(  424): Read stored IP configuration: IP assignment: DHCP
I/EthernetServiceImpl(  424): Proxy settings: NONE
I/EthernetService(  424): Registering service ethernet
I/art     (  424): Background partial concurrent mark sweep GC freed 7657(579KB) AllocSpace objects, 0(0B) LOS objects, 33% free, 3MB/5MB, paused 6.020ms total 74.848ms
E/AudioPolicyManager(  128): getDeviceForStrategy() speaker device not found for STRATEGY_SONIFICATION
E/AudioPolicyManager(  128): getDeviceForStrategy() speaker device not found for STRATEGY_SONIFICATION
E/AudioPolicyManager(  128): getDeviceForStrategy() speaker device not found for STRATEGY_SONIFICATION
E/AudioPolicyManager(  128): getDeviceForStrategy() speaker device not found for STRATEGY_SONIFICATION
W/TelecomManager(  424): Telecom Service not found.
E/AudioPolicyManager(  128): getDeviceForStrategy() speaker device not found for STRATEGY_SONIFICATION
E/AudioPolicyManager(  128): getDeviceForStrategy() speaker device not found for STRATEGY_SONIFICATION
E/AudioPolicyManager(  128): getDeviceForStrategy() speaker device not found for STRATEGY_SONIFICATION
E/AudioPolicyManager(  128): getDeviceForStrategy() speaker device not found for STRATEGY_SONIFICATION
I/GpioBtnService(  424): GpioBtn JNI: initializing......
I/GpioBtnService(  424): GpioBtn JNI: gpioBtn Stub found.
I/GpioBtnStub(  424): GpioBtn Stub: open /dev/gpioBtn successfully.
I/GpioBtnService(  424): GpioBtn JNI: gpioBtn device is open.
D/Atlas   (  424): Computing best atlas configuration...
D/Atlas   (  424): Running Atlas Worker #1
D/Atlas   (  424): Running Atlas Worker #2
D/Atlas   (  424): Found best atlas configuration in 0.02s
D/Atlas   (  424): Loaded configuration: SliceMinArea (768x768) flags=0x2 count=2
V/Fingerprint-JNI(  424): nativeInit()
V/Fingerprint-JNI(  424): nativeOpenHal()
E/Fingerprint-JNI(  424): Can't open fingerprint HW Module, error: -2
D/libEGL  (  424): loaded /system/lib/egl/libEGL_VIVANTE.so
D/libEGL  (  424): loaded /system/lib/egl/libGLESv1_CM_VIVANTE.so
I/WindowManager(  424): SAFE MODE not enabled
D/libEGL  (  424): loaded /system/lib/egl/libGLESv2_VIVANTE.so
E/SQLiteLog(  424): (1) no such table: locksettings
D/Atlas   (  424): Rendered atlas in 947.43ms (3.40+944.04ms)
I/WifiScanningService(  424): Registering wifiscanner
D/WifiScanningService(  424): DefaultState
D/WifiChangeStateMachine(  424): Entering IdleState
I/RttService(  424): Registering rttmanager
I/EthernetServiceImpl(  424): Starting Ethernet service
D/Ethernet(  424): Registering NetworkFactory
D/Ethernet(  424): got request NetworkRequest [ id=1, legacyType=-1, [ Capabilities: INTERNET&NOT_RESTRICTED&TRUSTED&NOT_VPN] ] with score 0
D/EthernetNetworkFactory(  424): Started tracking interface eth0
D/CommandListener(  125): Setting iface cfg
D/CommandListener(  125): Trying to bring up eth0
V/CKL_TEST(  424): in function setView
I/Zygote  (  424): Process: zygote socket opened, supported ABIS: armeabi-v7a,armeabi
D/SurfaceFlinger(  122): Set power mode=2, type=0 flinger=0x76962000
D/SurfaceFlinger(  122): Screen type=0 is already mode=2
D/WifiScanningService(  424): SCAN_AVAILABLE : 1
D/RttService(  424): SCAN_AVAILABLE : 1
D/WifiScanningService(  424): DefaultState got{ when=-1ms what=160007 target=com.android.internal.util.StateMachine$SmHandler }
D/RttService(  424): DefaultState got{ when=-2ms what=160513 target=com.android.internal.util.StateMachine$SmHandler }
V/KeyEvent(  424): Reset: android.view.KeyEvent$DispatcherState@303c14aa
V/KeyEvent(  424): Reset: android.view.KeyEvent$DispatcherState@303c14aa
I/ContactsUpgradeReceiver(  700): Creating or opening contacts database
I/ContactsDatabaseHelper(  700): Bootstrapping database version: 910
I/ContactsProviderV1(  700): Bootstrapping database legacy support
I/ContactsDatabaseHelper(  700): Bootstrapping database version: 910
I/ContactsProviderV1(  700): Bootstrapping database legacy support
I/ContactsProvider(  700): Locale has changed from null to zh-CN
I/ContactsDatabaseHelper(  700): Switching to locale zh-CN (ICU v53.1.0.1)
I/ContactsDatabaseHelper(  700): Locale change completed in 1183ms
I/ContactsDatabaseHelper(  700): Switching to locale zh-CN (ICU v53.1.0.1)
I/ContactsDatabaseHelper(  700): Locale change completed in 137ms
I/CKL_TEST(  424): mActivityManagerService.systemReady called in 251854ms
V/SystemUIService(  771): Starting SystemUI services.
I/art     (  424): Background partial concurrent mark sweep GC freed 9913(674KB) AllocSpace objects, 1(16KB) LOS objects, 33% free, 5MB/7MB, paused 5.509ms total 132.361ms
D/NuPlayerDriver(  128): start(0x7570d040)
I/GenericSource(  128): start
E/OMXMaster(  128): A component of name 'OMX.Freescale.std.parser.fsl.sw-based' already exists, ignoring this one.
E/OMXMaster(  128): A component of name 'OMX.Freescale.std.parser.fsl.sw-based' already exists, ignoring this one.
E/OMXMaster(  128): A component of name 'OMX.Freescale.std.parser.fsl.sw-based' already exists, ignoring this one.
E/OMXMaster(  128): A component of name 'OMX.Freescale.std.parser.fsl.sw-based' already exists, ignoring this one.
E/OMXMaster(  128): A component of name 'OMX.Freescale.std.parser.fsl.sw-based' already exists, ignoring this one.
E/OMXMaster(  128): A component of name 'OMX.Freescale.std.parser.fsl.sw-based' already exists, ignoring this one.
E/OMXMaster(  128): A component of name 'OMX.Freescale.std.parser.fsl.sw-based' already exists, ignoring this one.
E/OMXMaster(  128): A component of name 'OMX.Freescale.std.parser.fsl.sw-based' already exists, ignoring this one.
E/OMXMaster(  128): A component of name 'OMX.Freescale.std.parser.fsl.sw-based' already exists, ignoring this one.
E/OMXMaster(  128): A component of name 'OMX.Freescale.std.parser.fsl.sw-based' already exists, ignoring this one.
E/OMXMaster(  128): A component of name 'OMX.Freescale.std.parser.fsl.sw-based' already exists, ignoring this one.
E/OMXMaster(  128): A component of name 'OMX.Freescale.std.parser.streaming.sw-based' already exists, ignoring this one.
E/OMXMaster(  128): A component of name 'OMX.Freescale.std.parser.fsl.sw-based' already exists, ignoring this one.
E/OMXNodeInstance(  128): getParameter(100663311) ERROR: 0x8000100e
E/OMXNodeInstance(  128): getParameter(100663297) ERROR: 0x8000100e
E/OMXNodeInstance(  128): OMX_SetParameter() failed for StoreMetaDataInBuffers: 0x8000101a
W/OMXNodeInstance(  128): OMX_GetExtensionIndex OMX.google.android.index.prepareForAdaptivePlayback failed
E/OMXNodeInstance(  128): getParameter(100663311) ERROR: 0x8000100e
E/OMXNodeInstance(  128): getParameter(100663297) ERROR: 0x8000100e
E/OMXNodeInstance(  128): OMX_SetParameter() failed for StoreMetaDataInBuffers: 0x8000101a
W/OMXNodeInstance(  128): OMX_GetExtensionIndex OMX.google.android.index.prepareForAdaptivePlayback failed
E/OMXNodeInstance(  128): getParameter(100663311) ERROR: 0x8000100e
E/OMXNodeInstance(  128): getParameter(100663297) ERROR: 0x8000100e
E/OMXNodeInstance(  128): OMX_SetParameter() failed for StoreMetaDataInBuffers: 0x8000101a
W/OMXNodeInstance(  128): OMX_GetExtensionIndex OMX.google.android.index.prepareForAdaptivePlayback failed
E/OMXNodeInstance(  128): getParameter(100663311) ERROR: 0x8000101a
E/OMXNodeInstance(  128): getParameter(100663297) ERROR: 0x8000100e
E/OMXNodeInstance(  128): OMX_SetParameter() failed for StoreMetaDataInBuffers: 0x8000101a
W/OMXNodeInstance(  128): OMX_GetExtensionIndex OMX.google.android.index.prepareForAdaptivePlayback failed
I/vpu-lib (  128): Product Info: i.MX6Q/D/S
E/OMXNodeInstance(  128): getParameter(100663311) ERROR: 0x8000100e
W/ACodec  (  128): do not know color format 0x7f000789 = 2130708361
E/OMXNodeInstance(  128): getParameter(100663297) ERROR: 0x8000100e
I/OMXPlayer(  128): LEVEL: 1 FUNCTION: DeInitFilterComponent LINE: 1997
I/OMXPlayer(  128): DeInitFilterComponent: vpu close failure: ret=0x3 
I/vpu-lib (  128): Product Info: i.MX6Q/D/S
E/OMXNodeInstance(  128): getParameter(100663311) ERROR: 0x8000100e
W/ACodec  (  128): do not know color format 0x7f000789 = 2130708361
E/OMXNodeInstance(  128): getParameter(100663297) ERROR: 0x8000100e
I/OMXPlayer(  128): LEVEL: 1 FUNCTION: DeInitFilterComponent LINE: 1997
I/OMXPlayer(  128): DeInitFilterComponent: vpu close failure: ret=0x3 
I/vpu-lib (  128): Product Info: i.MX6Q/D/S
E/OMXNodeInstance(  128): getParameter(100663311) ERROR: 0x8000100e
W/ACodec  (  128): do not know color format 0x7f000789 = 2130708361
E/OMXNodeInstance(  128): getParameter(100663297) ERROR: 0x8000100e
I/OMXPlayer(  128): LEVEL: 1 FUNCTION: DeInitFilterComponent LINE: 1997
I/OMXPlayer(  128): DeInitFilterComponent: vpu close failure: ret=0x3 
E/OMXNodeInstance(  128): getParameter(100663311) ERROR: 0x8000101a
E/OMXNodeInstance(  128): getParameter(100663297) ERROR: 0x8000101a
E/OMXNodeInstance(  128): getParameter(100663311) ERROR: 0x8000101a
