I/CKL_TEST(  771): in ViewPostImeInputStage
I/CKL_TEST(  771): in ViewPostImeInputStage
I/CKL_TEST(  771): in ViewPostImeInputStage
I/CKL_TEST( 1090): in ViewPreImeInputStage
I/CKL_TEST( 1090): in ImeInputStage
V/KeyEvent(  920): Key down to android.inputmethodservice.InputMethodService$InputMethodSessionImpl@10620927 in android.view.KeyEvent$DispatcherState@13b1f7d4: KeyEvent { action=ACTION_DOWN, keyCode=KEYCODE_BACK, scanCode=0, metaState=0, flags=0x48, repeatCount=0, eventTime=363875, downTime=363875, deviceId=-1, source=0x101 }
I/CKL_TEST( 1090): in ViewPostImeInputStage
V/CKL_TEST( 1090): mView is object from:class com.android.internal.policy.impl.PhoneWindow$DecorView
I/CKL_TEST( 1090): in DerocView dispatchKeyEvent
I/CKL_TEST( 1090): cb == null?false
I/CKL_TEST( 1090): mFeatureId < 0 ?true
I/CKL_TEST( 1090): in Activity dispatchKeyEvent
I/CKL_TEST( 1090): in superDispatchKeyEvent
V/CKL_TEST( 1090): in ViewGroup dispatchKeyEvent
V/CKL_TEST( 1090): in ViewGroup dispatchKeyEvent
V/CKL_TEST( 1090): in ViewGroup dispatchKeyEvent
V/CKL_TEST( 1090): in ViewGroup dispatchKeyEvent
V/CKL_TEST( 1090): in ViewGroup dispatchKeyEvent
V/KeyEvent( 1090): Key down to android.widget.ListView{35583de9 VFED.VCL .F....I. 60,545-540,657 #1020371 android:id/resolver_list} in android.view.KeyEvent$DispatcherState@2a6ae22: KeyEvent { action=ACTION_DOWN, keyCode=KEYCODE_BACK, scanCode=0, metaState=0, flags=0x48, repeatCount=0, eventTime=363875, downTime=363875, deviceId=-1, source=0x101 }
V/KeyEvent( 1090): Key down to com.android.internal.app.ResolverActivity@33184472 in android.view.KeyEvent$DispatcherState@2a6ae22: KeyEvent { action=ACTION_DOWN, keyCode=KEYCODE_BACK, scanCode=0, metaState=0, flags=0x48, repeatCount=0, eventTime=363875, downTime=363875, deviceId=-1, source=0x101 }
V/KeyEvent( 1090):   Start tracking!
V/KeyEvent( 1090): Start trackingt in com.android.internal.app.ResolverActivity@33184472: android.view.KeyEvent$DispatcherState@2a6ae22
I/CKL_TEST(  771): in ViewPostImeInputStage
I/CKL_TEST(  771): in ViewPostImeInputStage
I/CKL_TEST(  771): in ViewPostImeInputStage
I/CKL_TEST(  771): in ViewPostImeInputStage
I/CKL_TEST(  771): in ViewPostImeInputStage
I/CKL_TEST( 1090): in ViewPreImeInputStage
I/CKL_TEST( 1090): in ImeInputStage
V/KeyEvent(  920): Key up to android.inputmethodservice.InputMethodService$InputMethodSessionImpl@10620927 in android.view.KeyEvent$DispatcherState@13b1f7d4: KeyEvent { action=ACTION_UP, keyCode=KEYCODE_BACK, scanCode=0, metaState=0, flags=0x68, repeatCount=0, eventTime=364121, downTime=363875, deviceId=-1, source=0x101 }
V/KeyEvent(  920): Handle key up KeyEvent { action=ACTION_UP, keyCode=KEYCODE_BACK, scanCode=0, metaState=0, flags=0x68, repeatCount=0, eventTime=364121, downTime=363875, deviceId=-1, source=0x101 }: android.view.KeyEvent$DispatcherState@13b1f7d4
I/CKL_TEST( 1090): in ViewPostImeInputStage
V/CKL_TEST( 1090): mView is object from:class com.android.internal.policy.impl.PhoneWindow$DecorView
I/CKL_TEST( 1090): in DerocView dispatchKeyEvent
I/CKL_TEST( 1090): cb == null?false
I/CKL_TEST( 1090): mFeatureId < 0 ?true
I/CKL_TEST( 1090): in Activity dispatchKeyEvent
I/CKL_TEST( 1090): in superDispatchKeyEvent
V/CKL_TEST( 1090): in ViewGroup dispatchKeyEvent
V/CKL_TEST( 1090): in ViewGroup dispatchKeyEvent
V/CKL_TEST( 1090): in ViewGroup dispatchKeyEvent
V/CKL_TEST( 1090): in ViewGroup dispatchKeyEvent
V/CKL_TEST( 1090): in ViewGroup dispatchKeyEvent
V/KeyEvent( 1090): Key up to android.widget.ListView{35583de9 VFED.VCL .F....I. 60,545-540,657 #1020371 android:id/resolver_list} in android.view.KeyEvent$DispatcherState@2a6ae22: KeyEvent { action=ACTION_UP, keyCode=KEYCODE_BACK, scanCode=0, metaState=0, flags=0x68, repeatCount=0, eventTime=364121, downTime=363875, deviceId=-1, source=0x101 }
V/KeyEvent( 1090): Handle key up KeyEvent { action=ACTION_UP, keyCode=KEYCODE_BACK, scanCode=0, metaState=0, flags=0x68, repeatCount=0, eventTime=364121, downTime=363875, deviceId=-1, source=0x101 }: android.view.KeyEvent$DispatcherState@2a6ae22
V/KeyEvent( 1090):   Tracking!
V/KeyEvent( 1090): Key up to com.android.internal.app.ResolverActivity@33184472 in android.view.KeyEvent$DispatcherState@2a6ae22: KeyEvent { action=ACTION_UP, keyCode=KEYCODE_BACK, scanCode=0, metaState=0, flags=0x268, repeatCount=0, eventTime=364121, downTime=363875, deviceId=-1, source=0x101 }
V/KeyEvent( 1090): Handle key up KeyEvent { action=ACTION_UP, keyCode=KEYCODE_BACK, scanCode=0, metaState=0, flags=0x268, repeatCount=0, eventTime=364121, downTime=363875, deviceId=-1, source=0x101 }: android.view.KeyEvent$DispatcherState@2a6ae22
V/KeyEvent( 1090): Handle key up KeyEvent { action=ACTION_UP, keyCode=KEYCODE_BACK, scanCode=0, metaState=0, flags=0x268, repeatCount=0, eventTime=364121, downTime=363875, deviceId=-1, source=0x101 }: android.view.KeyEvent$DispatcherState@2a6ae22
V/KeyEvent( 1090): Handle key up KeyEvent { action=ACTION_UP, keyCode=KEYCODE_BACK, scanCode=0, metaState=0, flags=0x268, repeatCount=0, eventTime=364121, downTime=363875, deviceId=-1, source=0x101 }: android.view.KeyEvent$DispatcherState@2a6ae22
I/CKL_TEST(  771): in ViewPostImeInputStage
I/CKL_TEST( 1090): in ViewPostImeInputStage
I/CKL_TEST(  771): in ViewPostImeInputStage
I/CKL_TEST( 1090): in ViewPostImeInputStage
I/CKL_TEST( 1090): in ViewPostImeInputStage
I/CKL_TEST( 1090): in ViewPostImeInputStage
W/AudioPolicyManager(  128): getOutput() could not find output for stream 1, samplingRate 0,format 0, channels 3, flags 0
W/AudioPolicyManager(  128): getOutput() could not find output for stream 1, samplingRate 0,format 0, channels 3, flags 0
W/AudioPolicyManager(  128): getOutput() could not find output for stream 1, samplingRate 48000,format 1, channels 3, flags 4
E/AudioTrack(  424): Could not get audio output for stream type 1, usage 13, sample rate 48000, format 0x1, channel mask 0x3, flags 0x4
E/SoundPool(  424): Error creating AudioTrack
I/CKL_TEST(  771): in ViewPostImeInputStage
I/CKL_TEST(  771): in ViewPostImeInputStage
I/CKL_TEST( 1090): in ViewPostImeInputStage
I/CKL_TEST( 1090): in ViewPostImeInputStage
I/CKL_TEST( 1090): in ViewPostImeInputStage
W/AudioPolicyManager(  128): getOutput() could not find output for stream 1, samplingRate 0,format 0, channels 3, flags 0
W/AudioPolicyManager(  128): getOutput() could not find output for stream 1, samplingRate 0,format 0, channels 3, flags 0
W/AudioPolicyManager(  128): getOutput() could not find output for stream 1, samplingRate 48000,format 1, channels 3, flags 4
E/AudioTrack(  424): Could not get audio output for stream type 1, usage 13, sample rate 48000, format 0x1, channel mask 0x3, flags 0x4
E/SoundPool(  424): Error creating AudioTrack
I/PackageManager(  424): Adding preferred activity com.example.android.home/.Home for user 0:
I/PackageManager(  424):   Action: "android.intent.action.MAIN"
I/PackageManager(  424):   Category: "android.intent.category.HOME"
I/PackageManager(  424):   Category: "android.intent.category.DEFAULT"
I/ActivityManager(  424): START u0 {act=android.intent.action.MAIN cat=[android.intent.category.HOME] flg=0x13000008 cmp=com.example.android.home/.Home} from uid 0 on display 0
V/IntentResolver(  424): Resolving type=null scheme=null defaultOnly=false userId=0 of Intent { act=android.intent.action.MAIN cat=[android.intent.category.HOME] flg=0x13000008 cmp=com.example.android.home/.Home }
V/IntentResolver(  424): Action list: null
V/IntentResolver(  424): Final result list:
V/CKL_TEST(  424): in function setView
I/art     (  424): Background partial concurrent mark sweep GC freed 2548(193KB) AllocSpace objects, 5(1060KB) LOS objects, 33% free, 7MB/11MB, paused 2.235ms total 105.420ms
I/ActivityManager(  424): Start proc com.example.android.home for activity com.example.android.home/.Home: pid=1449 uid=10019 gids={50019, 9997, 3003} abi=armeabi-v7a
V/KeyEvent( 1090): Reset: android.view.KeyEvent$DispatcherState@2a6ae22
W/ActivityManager(  424): Duplicate finish request for ActivityRecord{19fc896f u0 android/com.android.internal.app.ResolverActivity t2 f}
W/ResourceType( 1449): No package identifier when getting value for resource number 0x00000000
W/PackageManager( 1449): Failure retrieving resources for com.android.mms: Resource ID #0x0
I/art     (  771): Background sticky concurrent mark sweep GC freed 20994(925KB) AllocSpace objects, 0(0B) LOS objects, 0% free, 19MB/19MB, paused 15.624ms total 75.500ms
W/ResourceType( 1449): No package identifier when getting value for resource number 0x00000000
W/PackageManager( 1449): Failure retrieving resources for com.android.settings: Resource ID #0x0
W/ResourceType( 1449): No package identifier when getting value for resource number 0x00000000
W/PackageManager( 1449): Failure retrieving resources for com.android.quicksearchbox: Resource ID #0x0
W/ResourceType( 1449): No package identifier when getting value for resource number 0x00000000
W/PackageManager( 1449): Failure retrieving resources for com.android.contacts: Resource ID #0x0
W/ResourceType( 1449): No package identifier when getting value for resource number 0x00000000
W/PackageManager( 1449): Failure retrieving resources for com.example.button_test: Resource ID #0x0
W/ResourceType( 1449): No package identifier when getting value for resource number 0x00000000
W/PackageManager( 1449): Failure retrieving resources for com.wss.calibrate2: Resource ID #0x0
W/ResourceType( 1449): No package identifier when getting value for resource number 0x00000000
W/PackageManager( 1449): Failure retrieving resources for com.estrongs.android.pop: Resource ID #0x0
W/ResourceType( 1449): No package identifier when getting value for resource number 0x00000000
W/PackageManager( 1449): Failure retrieving resources for com.fsl.ethernet: Resource ID #0x0
I/art     ( 1449): Background sticky concurrent mark sweep GC freed 2654(135KB) AllocSpace objects, 1(32KB) LOS objects, 0% free, 1730KB/1730KB, paused 13.388ms total 25.797ms
W/ResourceType( 1449): No package identifier when getting value for resource number 0x00000000
W/PackageManager( 1449): Failure retrieving resources for com.hsr.hspad: Resource ID #0x0
I/art     (  771): Background partial concurrent mark sweep GC freed 1982(109KB) AllocSpace objects, 3(7MB) LOS objects, 40% free, 11MB/18MB, paused 1.324ms total 104.937ms
E/Home    ( 1449): Couldn't find or open favorites file /system/etc/favorites.xml
W/ActivityManager(  424): getRecentTasks: caller 10019 does not hold GET_TASKS; limiting output
W/ActivityManager(  424): getRecentTasks: caller 10019 does not hold GET_TASKS; limiting output
V/CKL_TEST( 1449): in function setView
D/OpenGLRenderer( 1449): Render dirty regions requested: true
D/Atlas   ( 1449): Validating map...
I/art     (  771): Background partial concurrent mark sweep GC freed 2194(287KB) AllocSpace objects, 1(7MB) LOS objects, 40% free, 10MB/18MB, paused 15.026ms total 91.736ms
E/BufferQueueProducer(  122): [com.android.systemui.ImageWallpaper] dequeueBuffer: can't dequeue multiple buffers without setting the buffer count
D/libEGL  ( 1449): loaded /system/lib/egl/libEGL_VIVANTE.so
D/libEGL  ( 1449): loaded /system/lib/egl/libGLESv1_CM_VIVANTE.so
D/libEGL  ( 1449): loaded /system/lib/egl/libGLESv2_VIVANTE.so
I/OpenGLRenderer( 1449): Initialized EGL, version 1.4
D/OpenGLRenderer( 1449): Enabling debug mode 0
E/BufferQueueProducer(  122): [com.example.android.home/com.example.android.home.Home] dequeueBuffer: can't dequeue multiple buffers without setting the buffer count
V/KeyEvent( 1449): Reset: android.view.KeyEvent$DispatcherState@df1af35
I/ActivityManager(  424): Displayed com.example.android.home/.Home: +1s954ms (total +2m23s446ms)
D/TaskPersister(  424): removeObsoleteFile: deleting file=2_task_thumbnail.png
I/CKL_TEST(  771): in ViewPostImeInputStage
V/CKL_TEST(  771): home touch
I/CKL_TEST(  771): in ViewPostImeInputStage
V/CKL_TEST(  771): home touch
I/CKL_TEST(  771): in ViewPostImeInputStage
V/CKL_TEST(  771): home touch
I/CKL_TEST(  771): in ViewPostImeInputStage
V/CKL_TEST(  771): home touch
I/CKL_TEST(  771): in ViewPostImeInputStage
V/CKL_TEST(  771): home touch
I/CKL_TEST(  771): in ViewPostImeInputStage
V/CKL_TEST(  771): home touch
I/CKL_TEST(  771): in ViewPostImeInputStage
V/CKL_TEST(  771): home touch
I/CKL_TEST(  771): in ViewPostImeInputStage
V/CKL_TEST(  771): home touch
V/CKL_TEST(  424): in the KEYCODE_HOME
I/WindowManager(  424): Ignoring HOME; event canceled.
I/CKL_TEST(  771): in ViewPostImeInputStage
I/CKL_TEST( 1449): in ViewPostImeInputStage
I/CKL_TEST(  771): in ViewPostImeInputStage
I/CKL_TEST(  771): in ViewPostImeInputStage
I/CKL_TEST( 1449): in ViewPostImeInputStage
I/CKL_TEST( 1449): in ViewPostImeInputStage
I/CKL_TEST( 1449): in ViewPostImeInputStage
W/AudioPolicyManager(  128): getOutput() could not find output for stream 1, samplingRate 0,format 0, channels 3, flags 0
W/AudioPolicyManager(  128): getOutput() could not find output for stream 1, samplingRate 0,format 0, channels 3, flags 0
W/AudioPolicyManager(  128): getOutput() could not find output for stream 1, samplingRate 48000,format 1, channels 3, flags 4
E/AudioTrack(  424): Could not get audio output for stream type 1, usage 13, sample rate 48000, format 0x1, channel mask 0x3, flags 0x4
E/SoundPool(  424): Error creating AudioTrack
I/CKL_TEST(  771): in ViewPostImeInputStage
I/CKL_TEST(  771): in ViewPostImeInputStage
I/CKL_TEST( 1449): in ViewPostImeInputStage
I/CKL_TEST( 1449): in ViewPostImeInputStage
I/CKL_TEST( 1449): in ViewPostImeInputStage
I/CKL_TEST( 1449): in ViewPostImeInputStage
W/AudioPolicyManager(  128): getOutput() could not find output for stream 1, samplingRate 0,format 0, channels 3, flags 0
I/ActivityManager(  424): START u0 {act=android.intent.action.MAIN cat=[android.intent.category.LAUNCHER] flg=0x10200000 cmp=com.android.settings/.Settings} from uid 10019 on display 0
W/AudioPolicyManager(  128): getOutput() could not find output for stream 1, samplingRate 0,format 0, channels 3, flags 0
W/AudioPolicyManager(  128): getOutput() could not find output for stream 1, samplingRate 48000,format 1, channels 3, flags 4
E/AudioTrack(  424): Could not get audio output for stream type 1, usage 13, sample rate 48000, format 0x1, channel mask 0x3, flags 0x4
E/SoundPool(  424): Error creating AudioTrack
V/CKL_TEST(  424): in function setView
V/KeyEvent( 1449): Reset: android.view.KeyEvent$DispatcherState@df1af35
V/PackageManager(  424): Looking for presistent preferred activities...
V/PackageManager(  424): Looking for preferred activities...
V/IntentResolver(  424): Resolving type=null scheme=null defaultOnly=false userId=0 of Intent { act=android.intent.action.MAIN cat=[android.intent.category.HOME] flg=0x8 }
V/IntentResolver(  424): Action list: [PreferredActivity{0x185e3c4b com.example.android.home/.Home}, null]
V/IntentResolver(  424): Matching against filter PreferredActivity{0x185e3c4b com.example.android.home/.Home}
V/IntentResolver(  424):   Filter matched!  match=0x108000 hasDefault=true
V/IntentResolver(  424):     185e3c4b com.example.android.home/.Home
V/IntentResolver(  424):      mMatch=0x100000 mAlways=true
V/IntentResolver(  424):       Selected from:
V/IntentResolver(  424):         com.android.launcher/com.android.launcher2.Launcher
V/IntentResolver(  424):         com.example.android.home/.Home
V/IntentResolver(  424):     Action: "android.intent.action.MAIN"
V/IntentResolver(  424):     Category: "android.intent.category.HOME"
V/IntentResolver(  424):     Category: "android.intent.category.DEFAULT"
V/IntentResolver(  424): Final result list:
V/IntentResolver(  424):   PreferredActivity{0x185e3c4b com.example.android.home/.Home}
V/PackageManager(  424): Figuring out best match...
V/PackageManager(  424): Match for ActivityInfo{33629fda com.android.launcher2.Launcher}: 0x0
V/PackageManager(  424): Match for ActivityInfo{2a4eac0b com.example.android.home.Home}: 0x108000
V/PackageManager(  424): Best match: 0x108000
V/PackageManager(  424): Checking PreferredActivity ds=<none>
V/PackageManager(  424):   component=ComponentInfo{com.example.android.home/com.example.android.home.Home}
V/PackageManager(  424):   Action: "android.intent.action.MAIN"
V/PackageManager(  424):   Category: "android.intent.category.HOME"
V/PackageManager(  424):   Category: "android.intent.category.DEFAULT"
V/PackageManager(  424): Found preferred activity:
V/PackageManager(  424):   name=com.example.android.home.Home
V/PackageManager(  424):   packageName=com.example.android.home
V/PackageManager(  424):   enabled=true exported=true processName=com.example.android.home
V/PackageManager(  424):   taskAffinity=com.example.android.home targetActivity=null persistableMode=PERSIST_ROOT_ONLY
V/PackageManager(  424):   launchMode=3 flags=0x210 theme=0x7f060000
V/PackageManager(  424):   ApplicationInfo:
V/PackageManager(  424):     packageName=com.example.android.home
V/PackageManager(  424):     labelRes=0x7f050000 nonLocalizedLabel=null icon=0x7f020012 banner=0x0
V/PackageManager(  424):     processName=com.example.android.home
V/PackageManager(  424):     taskAffinity=com.example.android.home
V/PackageManager(  424):     uid=10019 flags=0x88be45 theme=0x0
V/PackageManager(  424):     requiresSmallestWidthDp=0 compatibleWidthLimitDp=0 largestWidthLimitDp=0
V/PackageManager(  424):     sourceDir=/system/app/Home/Home.apk
V/PackageManager(  424):     seinfo=default
V/PackageManager(  424):     dataDir=/data/data/com.example.android.home
V/PackageManager(  424):     enabled=true targetSdkVersion=21 versionCode=21
V/PackageManager(  424):     supportsRtl=false
V/PackageManager(  424): Returning preferred activity: com.example.android.home/com.example.android.home.Home
V/PackageManager(  424): Looking for presistent preferred activities...
V/PackageManager(  424): Looking for preferred activities...
V/IntentResolver(  424): Resolving type=null scheme=null defaultOnly=false userId=0 of Intent { act=android.intent.action.MAIN cat=[android.intent.category.HOME] flg=0x8 }
V/IntentResolver(  424): Action list: [PreferredActivity{0x185e3c4b com.example.android.home/.Home}, null]
V/IntentResolver(  424): Matching against filter PreferredActivity{0x185e3c4b com.example.android.home/.Home}
V/IntentResolver(  424):   Filter matched!  match=0x108000 hasDefault=true
V/IntentResolver(  424):     185e3c4b com.example.android.home/.Home
V/IntentResolver(  424):      mMatch=0x100000 mAlways=true
V/IntentResolver(  424):       Selected from:
V/IntentResolver(  424):         com.android.launcher/com.android.launcher2.Launcher
V/IntentResolver(  424):         com.example.android.home/.Home
V/IntentResolver(  424):     Action: "android.intent.action.MAIN"
V/IntentResolver(  424):     Category: "android.intent.category.HOME"
V/IntentResolver(  424):     Category: "android.intent.category.DEFAULT"
V/IntentResolver(  424): Final result list:
V/IntentResolver(  424):   PreferredActivity{0x185e3c4b com.example.android.home/.Home}
V/PackageManager(  424): Figuring out best match...
V/PackageManager(  424): Match for ActivityInfo{176ccae8 com.android.launcher2.Launcher}: 0x0
V/PackageManager(  424): Match for ActivityInfo{2a4eac0b com.example.android.home.Home}: 0x108000
V/PackageManager(  424): Best match: 0x108000
V/PackageManager(  424): Checking PreferredActivity ds=<none>
V/PackageManager(  424):   component=ComponentInfo{com.example.android.home/com.example.android.home.Home}
V/PackageManager(  424):   Action: "android.intent.action.MAIN"
V/PackageManager(  424):   Category: "android.intent.category.HOME"
V/PackageManager(  424):   Category: "android.intent.category.DEFAULT"
V/PackageManager(  424): Found preferred activity:
V/PackageManager(  424):   name=com.example.android.home.Home
V/PackageManager(  424):   packageName=com.example.android.home
V/PackageManager(  424):   enabled=true exported=true processName=com.example.android.home
V/PackageManager(  424):   taskAffinity=com.example.android.home targetActivity=null persistableMode=PERSIST_ROOT_ONLY
V/PackageManager(  424):   launchMode=3 flags=0x210 theme=0x7f060000
V/PackageManager(  424):   ApplicationInfo:
V/PackageManager(  424):     packageName=com.example.android.home
V/PackageManager(  424):     labelRes=0x7f050000 nonLocalizedLabel=null icon=0x7f020012 banner=0x0
V/PackageManager(  424):     processName=com.example.android.home
V/PackageManager(  424):     taskAffinity=com.example.android.home
V/PackageManager(  424):     uid=10019 flags=0x88be45 theme=0x0
V/PackageManager(  424):     requiresSmallestWidthDp=0 compatibleWidthLimitDp=0 largestWidthLimitDp=0
V/PackageManager(  424):     sourceDir=/system/app/Home/Home.apk
V/PackageManager(  424):     seinfo=default
V/PackageManager(  424):     dataDir=/data/data/com.example.android.home
V/PackageManager(  424):     enabled=true targetSdkVersion=21 versionCode=21
V/PackageManager(  424):     supportsRtl=false
V/PackageManager(  424): Returning preferred activity: com.example.android.home/com.example.android.home.Home
V/CKL_TEST( 1017): in function setView
D/OpenGLRenderer( 1017): Render dirty regions requested: true
D/Atlas   ( 1017): Validating map...
I/IndexDatabaseHelper( 1017): Bootstrapped database
I/IndexDatabaseHelper( 1017): Using schema version: 115
I/IndexDatabaseHelper( 1017): Index is fine
V/PackageManager(  424): Looking for presistent preferred activities...
V/PackageManager(  424): Looking for preferred activities...
V/IntentResolver(  424): Resolving type=null scheme=null defaultOnly=false userId=0 of Intent { act=android.intent.action.MAIN cat=[android.intent.category.HOME] flg=0x8 }
V/IntentResolver(  424): Action list: [PreferredActivity{0x185e3c4b com.example.android.home/.Home}, null]
V/IntentResolver(  424): Matching against filter PreferredActivity{0x185e3c4b com.example.android.home/.Home}
V/IntentResolver(  424):   Filter matched!  match=0x108000 hasDefault=true
V/IntentResolver(  424):     185e3c4b com.example.android.home/.Home
V/IntentResolver(  424):      mMatch=0x100000 mAlways=true
V/IntentResolver(  424):       Selected from:
V/IntentResolver(  424):         com.android.launcher/com.android.launcher2.Launcher
V/IntentResolver(  424):         com.example.android.home/.Home
V/IntentResolver(  424):     Action: "android.intent.action.MAIN"
V/IntentResolver(  424):     Category: "android.intent.category.HOME"
V/IntentResolver(  424):     Category: "android.intent.category.DEFAULT"
V/IntentResolver(  424): Final result list:
V/IntentResolver(  424):   PreferredActivity{0x185e3c4b com.example.android.home/.Home}
V/PackageManager(  424): Figuring out best match...
V/PackageManager(  424): Match for ActivityInfo{2066adfb com.android.launcher2.Launcher}: 0x0
V/PackageManager(  424): Match for ActivityInfo{2a4eac0b com.example.android.home.Home}: 0x108000
V/PackageManager(  424): Best match: 0x108000
V/PackageManager(  424): Checking PreferredActivity ds=<none>
V/PackageManager(  424):   component=ComponentInfo{com.example.android.home/com.example.android.home.Home}
V/PackageManager(  424):   Action: "android.intent.action.MAIN"
V/PackageManager(  424):   Category: "android.intent.category.HOME"
V/PackageManager(  424):   Category: "android.intent.category.DEFAULT"
V/PackageManager(  424): Found preferred activity:
V/PackageManager(  424):   name=com.example.android.home.Home
V/PackageManager(  424):   packageName=com.example.android.home
V/PackageManager(  424):   enabled=true exported=true processName=com.example.android.home
V/PackageManager(  424):   taskAffinity=com.example.android.home targetActivity=null persistableMode=PERSIST_ROOT_ONLY
V/PackageManager(  424):   launchMode=3 flags=0x210 theme=0x7f060000
V/PackageManager(  424):   ApplicationInfo:
V/PackageManager(  424):     packageName=com.example.android.home
V/PackageManager(  424):     labelRes=0x7f050000 nonLocalizedLabel=null icon=0x7f020012 banner=0x0
V/PackageManager(  424):     processName=com.example.android.home
V/PackageManager(  424):     taskAffinity=com.example.android.home
V/PackageManager(  424):     uid=10019 flags=0x88be45 theme=0x0
V/PackageManager(  424):     requiresSmallestWidthDp=0 compatibleWidthLimitDp=0 largestWidthLimitDp=0
V/PackageManager(  424):     sourceDir=/system/app/Home/Home.apk
V/PackageManager(  424):     seinfo=default
V/PackageManager(  424):     dataDir=/data/data/com.example.android.home
V/PackageManager(  424):     enabled=true targetSdkVersion=21 versionCode=21
V/PackageManager(  424):     supportsRtl=false
V/PackageManager(  424): Returning preferred activity: com.example.android.home/com.example.android.home.Home
D/DashboardSummary( 1017): rebuildUI took: 564 ms
I/Choreographer( 1017): Skipped 38 frames!  The application may be doing too much work on its main thread.
V/NFC     ( 1017): this device does not have NFC support
D/libEGL  ( 1017): loaded /system/lib/egl/libEGL_VIVANTE.so
D/libEGL  ( 1017): loaded /system/lib/egl/libGLESv1_CM_VIVANTE.so
D/libEGL  ( 1017): loaded /system/lib/egl/libGLESv2_VIVANTE.so
I/OpenGLRenderer( 1017): Initialized EGL, version 1.4
D/OpenGLRenderer( 1017): Enabling debug mode 0
E/BufferQueueProducer(  122): [com.android.settings/com.android.settings.Settings] dequeueBuffer: can't dequeue multiple buffers without setting the buffer count
I/Choreographer( 1017): Skipped 56 frames!  The application may be doing too much work on its main thread.
D/WifiService(  424): New client listening to asynchronous messages
D/BluetoothManagerService(  424): Message: 20
D/BluetoothManagerService(  424): Added callback: android.bluetooth.IBluetoothManagerCallback$Stub$Proxy@31787071:true
D/BluetoothAdapter( 1017): 664253691: getState() :  mService = null. Returning STATE_OFF
D/BluetoothManagerService(  424): Message: 30
E/BluetoothInputDevice( 1017): Could not bind to Bluetooth HID Service with Intent { act=android.bluetooth.IBluetoothInputDevice }
D/BluetoothManagerService(  424): Message: 30
E/BluetoothPan( 1017): Could not bind to Bluetooth Pan Service with Intent { act=android.bluetooth.IBluetoothPan }
D/LocalBluetoothProfileManager( 1017): Adding local MAP profile
D/BluetoothMap( 1017): Create BluetoothMap proxy object
D/BluetoothManagerService(  424): Message: 30
E/BluetoothMap( 1017): Could not bind to Bluetooth MAP Service with Intent { act=android.bluetooth.IBluetoothMap }
D/BluetoothManagerService(  424): Message: 30
E/BluetoothPbap( 1017): Could not bind to Bluetooth Pbap Service with Intent { act=android.bluetooth.IBluetoothPbap }
D/LocalBluetoothProfileManager( 1017): LocalBluetoothProfileManager construction complete
D/BluetoothAdapter( 1017): 664253691: getState() :  mService = null. Returning STATE_OFF
V/PackageManager(  424): Looking for presistent preferred activities...
V/PackageManager(  424): Looking for preferred activities...
V/IntentResolver(  424): Resolving type=null scheme=null defaultOnly=false userId=0 of Intent { act=android.intent.action.MAIN cat=[android.intent.category.HOME] flg=0x8 }
V/IntentResolver(  424): Action list: [PreferredActivity{0x185e3c4b com.example.android.home/.Home}, null]
V/IntentResolver(  424): Matching against filter PreferredActivity{0x185e3c4b com.example.android.home/.Home}
V/IntentResolver(  424):   Filter matched!  match=0x108000 hasDefault=true
V/IntentResolver(  424):     185e3c4b com.example.android.home/.Home
V/IntentResolver(  424):      mMatch=0x100000 mAlways=true
V/IntentResolver(  424):       Selected from:
V/IntentResolver(  424):         com.android.launcher/com.android.launcher2.Launcher
V/IntentResolver(  424):         com.example.android.home/.Home
V/IntentResolver(  424):     Action: "android.intent.action.MAIN"
V/IntentResolver(  424):     Category: "android.intent.category.HOME"
V/IntentResolver(  424):     Category: "android.intent.category.DEFAULT"
V/IntentResolver(  424): Final result list:
V/IntentResolver(  424):   PreferredActivity{0x185e3c4b com.example.android.home/.Home}
V/PackageManager(  424): Figuring out best match...
V/PackageManager(  424): Match for ActivityInfo{823bca9 com.android.launcher2.Launcher}: 0x0
V/PackageManager(  424): Match for ActivityInfo{2a4eac0b com.example.android.home.Home}: 0x108000
V/PackageManager(  424): Best match: 0x108000
V/PackageManager(  424): Checking PreferredActivity ds=<none>
V/PackageManager(  424):   component=ComponentInfo{com.example.android.home/com.example.android.home.Home}
V/PackageManager(  424):   Action: "android.intent.action.MAIN"
V/PackageManager(  424):   Category: "android.intent.category.HOME"
V/PackageManager(  424):   Category: "android.intent.category.DEFAULT"
V/PackageManager(  424): Found preferred activity:
V/PackageManager(  424):   name=com.example.android.home.Home
V/PackageManager(  424):   packageName=com.example.android.home
V/PackageManager(  424):   enabled=true exported=true processName=com.example.android.home
V/PackageManager(  424):   taskAffinity=com.example.android.home targetActivity=null persistableMode=PERSIST_ROOT_ONLY
V/PackageManager(  424):   launchMode=3 flags=0x210 theme=0x7f060000
V/PackageManager(  424):   ApplicationInfo:
V/PackageManager(  424):     packageName=com.example.android.home
V/PackageManager(  424):     labelRes=0x7f050000 nonLocalizedLabel=null icon=0x7f020012 banner=0x0
V/PackageManager(  424):     processName=com.example.android.home
V/PackageManager(  424):     taskAffinity=com.example.android.home
V/PackageManager(  424):     uid=10019 flags=0x88be45 theme=0x0
V/PackageManager(  424):     requiresSmallestWidthDp=0 compatibleWidthLimitDp=0 largestWidthLimitDp=0
V/PackageManager(  424):     sourceDir=/system/app/Home/Home.apk
V/PackageManager(  424):     seinfo=default
V/PackageManager(  424):     dataDir=/data/data/com.example.android.home
V/PackageManager(  424):     enabled=true targetSdkVersion=21 versionCode=21
V/PackageManager(  424):     supportsRtl=false
V/PackageManager(  424): Returning preferred activity: com.example.android.home/com.example.android.home.Home
I/ActivityManager(  424): Displayed com.android.settings/.Settings: +2s543ms
D/Index   ( 1017): SearchIndexableResource 'com.android.settings.PrivacySettings' should implement the com.android.settings.search.Indexable interface!
V/KeyEvent( 1017): Reset: android.view.KeyEvent$DispatcherState@393e2860
D/Index   ( 1017): Indexing locale 'zh_CN' took 1745 millis
I/Choreographer( 1017): Skipped 35 frames!  The application may be doing too much work on its main thread.
I/CKL_TEST(  771): in ViewPostImeInputStage
V/CKL_TEST(  771): home touch
I/CKL_TEST(  771): in ViewPostImeInputStage
V/CKL_TEST(  771): home touch
I/CKL_TEST(  771): in ViewPostImeInputStage
V/CKL_TEST(  771): home touch
I/CKL_TEST(  771): in ViewPostImeInputStage
V/CKL_TEST(  771): home touch
I/CKL_TEST(  771): in ViewPostImeInputStage
V/CKL_TEST(  771): home touch
I/CKL_TEST(  771): in ViewPostImeInputStage
V/CKL_TEST(  771): home touch
I/CKL_TEST(  771): in ViewPostImeInputStage
V/CKL_TEST(  771): home touch
I/CKL_TEST(  771): in ViewPostImeInputStage
V/CKL_TEST(  771): home touch
I/CKL_TEST(  771): in ViewPostImeInputStage
V/CKL_TEST(  771): home touch
I/CKL_TEST(  771): in ViewPostImeInputStage
V/CKL_TEST(  771): home touch
V/CKL_TEST(  424): in the KEYCODE_HOME
W/AudioPolicyManager(  128): getOutput() could not find output for stream 1, samplingRate 0,format 0, channels 3, flags 0
W/AudioPolicyManager(  128): getOutput() could not find output for stream 1, samplingRate 0,format 0, channels 3, flags 0
W/AudioPolicyManager(  128): getOutput() could not find output for stream 1, samplingRate 48000,format 1, channels 3, flags 4
E/AudioTrack(  424): Could not get audio output for stream type 1, usage 13, sample rate 48000, format 0x1, channel mask 0x3, flags 0x4
V/CKL_TEST(  424): Go Home!!
V/CKL_Test(  424): In launchHomeFromHotKey
E/SoundPool(  424): Error creating AudioTrack
V/CKL_Test(  424): In startDockOrHome
V/PackageManager(  424): Looking for presistent preferred activities...
V/PackageManager(  424): Looking for preferred activities...
V/IntentResolver(  424): Resolving type=null scheme=null defaultOnly=true userId=0 of Intent { act=android.intent.action.MAIN cat=[android.intent.category.HOME] flg=0x10200008 }
V/IntentResolver(  424): Action list: [PreferredActivity{0x185e3c4b com.example.android.home/.Home}, null]
V/IntentResolver(  424): Matching against filter PreferredActivity{0x185e3c4b com.example.android.home/.Home}
V/IntentResolver(  424):   Filter matched!  match=0x108000 hasDefault=true
V/IntentResolver(  424):     185e3c4b com.example.android.home/.Home
V/IntentResolver(  424):      mMatch=0x100000 mAlways=true
V/IntentResolver(  424):       Selected from:
V/IntentResolver(  424):         com.android.launcher/com.android.launcher2.Launcher
V/IntentResolver(  424):         com.example.android.home/.Home
V/IntentResolver(  424):     Action: "android.intent.action.MAIN"
V/IntentResolver(  424):     Category: "android.intent.category.HOME"
V/IntentResolver(  424):     Category: "android.intent.category.DEFAULT"
V/IntentResolver(  424): Final result list:
V/IntentResolver(  424):   PreferredActivity{0x185e3c4b com.example.android.home/.Home}
V/PackageManager(  424): Figuring out best match...
V/PackageManager(  424): Match for ActivityInfo{1487133a com.android.launcher2.Launcher}: 0x0
V/PackageManager(  424): Match for ActivityInfo{2a4eac0b com.example.android.home.Home}: 0x108000
V/PackageManager(  424): Best match: 0x108000
V/PackageManager(  424): Checking PreferredActivity ds=<none>
V/PackageManager(  424):   component=ComponentInfo{com.example.android.home/com.example.android.home.Home}
V/PackageManager(  424):   Action: "android.intent.action.MAIN"
V/PackageManager(  424):   Category: "android.intent.category.HOME"
V/PackageManager(  424):   Category: "android.intent.category.DEFAULT"
V/PackageManager(  424): Found preferred activity:
V/PackageManager(  424):   name=com.example.android.home.Home
V/PackageManager(  424):   packageName=com.example.android.home
V/PackageManager(  424):   enabled=true exported=true processName=com.example.android.home
V/PackageManager(  424):   taskAffinity=com.example.android.home targetActivity=null persistableMode=PERSIST_ROOT_ONLY
V/PackageManager(  424):   launchMode=3 flags=0x210 theme=0x7f060000
V/PackageManager(  424):   ApplicationInfo:
V/PackageManager(  424):     packageName=com.example.android.home
V/PackageManager(  424):     labelRes=0x7f050000 nonLocalizedLabel=null icon=0x7f020012 banner=0x0
V/PackageManager(  424):     processName=com.example.android.home
V/PackageManager(  424):     taskAffinity=com.example.android.home
V/PackageManager(  424):     uid=10019 flags=0x88be45 theme=0x0
V/PackageManager(  424):     requiresSmallestWidthDp=0 compatibleWidthLimitDp=0 largestWidthLimitDp=0
V/PackageManager(  424):     sourceDir=/system/app/Home/Home.apk
V/PackageManager(  424):     seinfo=default
V/PackageManager(  424):     dataDir=/data/data/com.example.android.home
V/PackageManager(  424):     enabled=true targetSdkVersion=21 versionCode=21
V/PackageManager(  424):     supportsRtl=false
V/PackageManager(  424): Returning preferred activity: com.example.android.home/com.example.android.home.Home
I/ActivityManager(  424): START u0 {act=android.intent.action.MAIN cat=[android.intent.category.HOME] flg=0x10200008 cmp=com.example.android.home/.Home} from uid 1000 on display 0
V/IntentResolver(  424): Resolving type=null scheme=null defaultOnly=false userId=0 of Intent { act=android.intent.action.MAIN cat=[android.intent.category.HOME] flg=0x10200008 cmp=com.example.android.home/.Home }
V/IntentResolver(  424): Action list: null
V/IntentResolver(  424): Final result list:
V/KeyEvent( 1017): Reset: android.view.KeyEvent$DispatcherState@393e2860
W/ActivityManager(  424): getRecentTasks: caller 10019 does not hold GET_TASKS; limiting output
E/BufferQueueProducer(  122): [com.example.android.home/com.example.android.home.Home] dequeueBuffer: can't dequeue multiple buffers without setting the buffer count
V/KeyEvent( 1449): Reset: android.view.KeyEvent$DispatcherState@df1af35
I/CKL_TEST( 1449): in ViewPostImeInputStage
I/CKL_TEST(  771): in ViewPostImeInputStage
I/CKL_TEST(  771): in ViewPostImeInputStage
I/CKL_TEST( 1449): in ViewPostImeInputStage
I/CKL_TEST( 1449): in ViewPostImeInputStage
I/CKL_TEST( 1449): in ViewPostImeInputStage
I/CKL_TEST( 1449): in ViewPostImeInputStage
I/ActivityManager(  424): START u0 {act=android.intent.action.MAIN cat=[android.intent.category.LAUNCHER] flg=0x10200000 cmp=com.android.settings/.Settings} from uid 10019 on display 0
W/AudioPolicyManager(  128): getOutput() could not find output for stream 1, samplingRate 0,format 0, channels 3, flags 0
W/AudioPolicyManager(  128): getOutput() could not find output for stream 1, samplingRate 0,format 0, channels 3, flags 0
W/AudioPolicyManager(  128): getOutput() could not find output for stream 1, samplingRate 48000,format 1, channels 3, flags 4
E/AudioTrack(  424): Could not get audio output for stream type 1, usage 13, sample rate 48000, format 0x1, channel mask 0x3, flags 0x4
E/SoundPool(  424): Error creating AudioTrack
V/KeyEvent( 1449): Reset: android.view.KeyEvent$DispatcherState@df1af35
V/PackageManager(  424): Looking for presistent preferred activities...
V/PackageManager(  424): Looking for preferred activities...
V/IntentResolver(  424): Resolving type=null scheme=null defaultOnly=false userId=0 of Intent { act=android.intent.action.MAIN cat=[android.intent.category.HOME] flg=0x8 }
V/IntentResolver(  424): Action list: [PreferredActivity{0x185e3c4b com.example.android.home/.Home}, null]
V/IntentResolver(  424): Matching against filter PreferredActivity{0x185e3c4b com.example.android.home/.Home}
V/IntentResolver(  424):   Filter matched!  match=0x108000 hasDefault=true
V/IntentResolver(  424):     185e3c4b com.example.android.home/.Home
V/IntentResolver(  424):      mMatch=0x100000 mAlways=true
V/IntentResolver(  424):       Selected from:
V/IntentResolver(  424):         com.android.launcher/com.android.launcher2.Launcher
V/IntentResolver(  424):         com.example.android.home/.Home
V/IntentResolver(  424):     Action: "android.intent.action.MAIN"
V/IntentResolver(  424):     Category: "android.intent.category.HOME"
V/IntentResolver(  424):     Category: "android.intent.category.DEFAULT"
V/IntentResolver(  424): Final result list:
V/IntentResolver(  424):   PreferredActivity{0x185e3c4b com.example.android.home/.Home}
V/PackageManager(  424): Figuring out best match...
V/PackageManager(  424): Match for ActivityInfo{10fb0d63 com.android.launcher2.Launcher}: 0x0
V/PackageManager(  424): Match for ActivityInfo{2a4eac0b com.example.android.home.Home}: 0x108000
V/PackageManager(  424): Best match: 0x108000
V/PackageManager(  424): Checking PreferredActivity ds=<none>
V/PackageManager(  424):   component=ComponentInfo{com.example.android.home/com.example.android.home.Home}
V/PackageManager(  424):   Action: "android.intent.action.MAIN"
V/PackageManager(  424):   Category: "android.intent.category.HOME"
V/PackageManager(  424):   Category: "android.intent.category.DEFAULT"
V/PackageManager(  424): Found preferred activity:
V/PackageManager(  424):   name=com.example.android.home.Home
V/PackageManager(  424):   packageName=com.example.android.home
V/PackageManager(  424):   enabled=true exported=true processName=com.example.android.home
V/PackageManager(  424):   taskAffinity=com.example.android.home targetActivity=null persistableMode=PERSIST_ROOT_ONLY
V/PackageManager(  424):   launchMode=3 flags=0x210 theme=0x7f060000
V/PackageManager(  424):   ApplicationInfo:
V/PackageManager(  424):     packageName=com.example.android.home
V/PackageManager(  424):     labelRes=0x7f050000 nonLocalizedLabel=null icon=0x7f020012 banner=0x0
V/PackageManager(  424):     processName=com.example.android.home
V/PackageManager(  424):     taskAffinity=com.example.android.home
V/PackageManager(  424):     uid=10019 flags=0x88be45 theme=0x0
V/PackageManager(  424):     requiresSmallestWidthDp=0 compatibleWidthLimitDp=0 largestWidthLimitDp=0
V/PackageManager(  424):     sourceDir=/system/app/Home/Home.apk
V/PackageManager(  424):     seinfo=default
V/PackageManager(  424):     dataDir=/data/data/com.example.android.home
V/PackageManager(  424):     enabled=true targetSdkVersion=21 versionCode=21
V/PackageManager(  424):     supportsRtl=false
V/PackageManager(  424): Returning preferred activity: com.example.android.home/com.example.android.home.Home
E/BufferQueueProducer(  122): [com.android.settings/com.android.settings.Settings] dequeueBuffer: can't dequeue multiple buffers without setting the buffer count
D/DashboardSummary( 1017): rebuildUI took: 142 ms
V/KeyEvent( 1017): Reset: android.view.KeyEvent$DispatcherState@393e2860
D/MtpService( 1028): updating state; isCurrentUser=true, mMtpLocked=false
D/MtpService( 1028): addStorageLocked 65537 /storage/emulated/0
D/MtpService( 1028): updating state; isCurrentUser=true, mMtpLocked=false
D/MtpService( 1028): starting MTP server in MTP mode
D/MtpService( 1028): addStorageLocked 65537 /storage/emulated/0
I/CKL_TEST( 1017): in ViewPostImeInputStage
I/CKL_TEST(  771): in ViewPostImeInputStage
I/CKL_TEST(  771): in ViewPostImeInputStage
I/CKL_TEST( 1017): in ViewPostImeInputStage
I/CKL_TEST( 1017): in ViewPostImeInputStage
I/CKL_TEST( 1017): in ViewPostImeInputStage
I/CKL_TEST( 1017): in ViewPostImeInputStage
I/CKL_TEST( 1017): in ViewPostImeInputStage
I/CKL_TEST( 1017): in ViewPostImeInputStage
I/CKL_TEST( 1017): in ViewPostImeInputStage
I/CKL_TEST( 1017): in ViewPostImeInputStage
I/CKL_TEST( 1017): in ViewPostImeInputStage
I/CKL_TEST( 1017): in ViewPostImeInputStage
I/CKL_TEST( 1017): in ViewPostImeInputStage
I/CKL_TEST( 1017): in ViewPostImeInputStage
I/CKL_TEST( 1017): in ViewPostImeInputStage
I/CKL_TEST( 1017): in ViewPostImeInputStage
I/CKL_TEST( 1017): in ViewPostImeInputStage
I/CKL_TEST( 1017): in ViewPostImeInputStage
I/CKL_TEST( 1017): in ViewPostImeInputStage
I/CKL_TEST( 1017): in ViewPostImeInputStage
I/CKL_TEST( 1017): in ViewPostImeInputStage
I/CKL_TEST( 1017): in ViewPostImeInputStage
I/CKL_TEST( 1017): in ViewPostImeInputStage
I/CKL_TEST( 1017): in ViewPostImeInputStage
I/CKL_TEST( 1017): in ViewPostImeInputStage
I/CKL_TEST( 1017): in ViewPostImeInputStage
I/CKL_TEST( 1017): in ViewPostImeInputStage
I/CKL_TEST( 1017): in ViewPostImeInputStage
I/CKL_TEST( 1017): in ViewPostImeInputStage
I/CKL_TEST( 1017): in ViewPostImeInputStage
I/CKL_TEST( 1017): in ViewPostImeInputStage
I/CKL_TEST( 1017): in ViewPostImeInputStage
I/CKL_TEST( 1017): in ViewPostImeInputStage
I/CKL_TEST( 1017): in ViewPostImeInputStage
I/CKL_TEST( 1017): in ViewPostImeInputStage
I/CKL_TEST( 1017): in ViewPostImeInputStage
I/CKL_TEST( 1017): in ViewPostImeInputStage
I/CKL_TEST( 1017): in ViewPostImeInputStage
I/CKL_TEST( 1017): in ViewPostImeInputStage
I/CKL_TEST( 1017): in ViewPostImeInputStage
I/CKL_TEST( 1017): in ViewPostImeInputStage
I/CKL_TEST( 1017): in ViewPostImeInputStage
I/CKL_TEST( 1017): in ViewPostImeInputStage
I/CKL_TEST( 1017): in ViewPostImeInputStage
I/CKL_TEST(  771): in ViewPostImeInputStage
V/CKL_TEST(  771): home touch
I/CKL_TEST(  771): in ViewPostImeInputStage
V/CKL_TEST(  771): home touch
I/CKL_TEST(  771): in ViewPostImeInputStage
V/CKL_TEST(  771): home touch
I/CKL_TEST(  771): in ViewPostImeInputStage
V/CKL_TEST(  771): home touch
I/CKL_TEST(  771): in ViewPostImeInputStage
V/CKL_TEST(  771): home touch
I/CKL_TEST(  771): in ViewPostImeInputStage
V/CKL_TEST(  771): home touch
I/CKL_TEST(  771): in ViewPostImeInputStage
V/CKL_TEST(  771): home touch
I/CKL_TEST(  771): in ViewPostImeInputStage
V/CKL_TEST(  771): home touch
V/CKL_TEST(  424): in the KEYCODE_HOME
W/AudioPolicyManager(  128): getOutput() could not find output for stream 1, samplingRate 0,format 0, channels 3, flags 0
W/AudioPolicyManager(  128): getOutput() could not find output for stream 1, samplingRate 0,format 0, channels 3, flags 0
W/AudioPolicyManager(  128): getOutput() could not find output for stream 1, samplingRate 48000,format 1, channels 3, flags 4
E/AudioTrack(  424): Could not get audio output for stream type 1, usage 13, sample rate 48000, format 0x1, channel mask 0x3, flags 0x4
V/CKL_TEST(  424): Go Home!!
V/CKL_Test(  424): In launchHomeFromHotKey
E/SoundPool(  424): Error creating AudioTrack
V/CKL_Test(  424): In startDockOrHome
V/PackageManager(  424): Looking for presistent preferred activities...
V/PackageManager(  424): Looking for preferred activities...
V/IntentResolver(  424): Resolving type=null scheme=null defaultOnly=true userId=0 of Intent { act=android.intent.action.MAIN cat=[android.intent.category.HOME] flg=0x10200008 }
V/IntentResolver(  424): Action list: [PreferredActivity{0x185e3c4b com.example.android.home/.Home}, null]
V/IntentResolver(  424): Matching against filter PreferredActivity{0x185e3c4b com.example.android.home/.Home}
V/IntentResolver(  424):   Filter matched!  match=0x108000 hasDefault=true
V/IntentResolver(  424):     185e3c4b com.example.android.home/.Home
V/IntentResolver(  424):      mMatch=0x100000 mAlways=true
V/IntentResolver(  424):       Selected from:
V/IntentResolver(  424):         com.android.launcher/com.android.launcher2.Launcher
V/IntentResolver(  424):         com.example.android.home/.Home
V/IntentResolver(  424):     Action: "android.intent.action.MAIN"
V/IntentResolver(  424):     Category: "android.intent.category.HOME"
V/IntentResolver(  424):     Category: "android.intent.category.DEFAULT"
V/IntentResolver(  424): Final result list:
V/IntentResolver(  424):   PreferredActivity{0x185e3c4b com.example.android.home/.Home}
V/PackageManager(  424): Figuring out best match...
V/PackageManager(  424): Match for ActivityInfo{1487133a com.android.launcher2.Launcher}: 0x0
V/PackageManager(  424): Match for ActivityInfo{2a4eac0b com.example.android.home.Home}: 0x108000
V/PackageManager(  424): Best match: 0x108000
V/PackageManager(  424): Checking PreferredActivity ds=<none>
V/PackageManager(  424):   component=ComponentInfo{com.example.android.home/com.example.android.home.Home}
V/PackageManager(  424):   Action: "android.intent.action.MAIN"
V/PackageManager(  424):   Category: "android.intent.category.HOME"
V/PackageManager(  424):   Category: "android.intent.category.DEFAULT"
V/PackageManager(  424): Found preferred activity:
V/PackageManager(  424):   name=com.example.android.home.Home
V/PackageManager(  424):   packageName=com.example.android.home
V/PackageManager(  424):   enabled=true exported=true processName=com.example.android.home
V/PackageManager(  424):   taskAffinity=com.example.android.home targetActivity=null persistableMode=PERSIST_ROOT_ONLY
V/PackageManager(  424):   launchMode=3 flags=0x210 theme=0x7f060000
V/PackageManager(  424):   ApplicationInfo:
V/PackageManager(  424):     packageName=com.example.android.home
V/PackageManager(  424):     labelRes=0x7f050000 nonLocalizedLabel=null icon=0x7f020012 banner=0x0
V/PackageManager(  424):     processName=com.example.android.home
V/PackageManager(  424):     taskAffinity=com.example.android.home
V/PackageManager(  424):     uid=10019 flags=0x88be45 theme=0x0
V/PackageManager(  424):     requiresSmallestWidthDp=0 compatibleWidthLimitDp=0 largestWidthLimitDp=0
V/PackageManager(  424):     sourceDir=/system/app/Home/Home.apk
V/PackageManager(  424):     seinfo=default
V/PackageManager(  424):     dataDir=/data/data/com.example.android.home
V/PackageManager(  424):     enabled=true targetSdkVersion=21 versionCode=21
V/PackageManager(  424):     supportsRtl=false
V/PackageManager(  424): Returning preferred activity: com.example.android.home/com.example.android.home.Home
I/ActivityManager(  424): START u0 {act=android.intent.action.MAIN cat=[android.intent.category.HOME] flg=0x10200008 cmp=com.example.android.home/.Home} from uid 1000 on display 0
V/IntentResolver(  424): Resolving type=null scheme=null defaultOnly=false userId=0 of Intent { act=android.intent.action.MAIN cat=[android.intent.category.HOME] flg=0x10200008 cmp=com.example.android.home/.Home }
V/IntentResolver(  424): Action list: null
V/IntentResolver(  424): Final result list:
V/KeyEvent( 1017): Reset: android.view.KeyEvent$DispatcherState@393e2860
W/ActivityManager(  424): getRecentTasks: caller 10019 does not hold GET_TASKS; limiting output
E/BufferQueueProducer(  122): [com.example.android.home/com.example.android.home.Home] dequeueBuffer: can't dequeue multiple buffers without setting the buffer count
V/KeyEvent( 1449): Reset: android.view.KeyEvent$DispatcherState@df1af35
I/UsageStatsService(  424): User[0] Flushing usage stats to disk
I/CKL_TEST(  771): in ViewPostImeInputStage
I/CKL_TEST(  771): in ViewPostImeInputStage
I/CKL_TEST( 1449): in ViewPostImeInputStage
I/CKL_TEST( 1449): in ViewPostImeInputStage
I/CKL_TEST( 1449): in ViewPostImeInputStage
I/CKL_TEST( 1449): in ViewPostImeInputStage
W/AudioPolicyManager(  128): getOutput() could not find output for stream 1, samplingRate 0,format 0, channels 3, flags 0
I/ActivityManager(  424): START u0 {act=android.intent.action.MAIN cat=[android.intent.category.LAUNCHER] flg=0x10200000 cmp=com.android.settings/.Settings} from uid 10019 on display 0
W/AudioPolicyManager(  128): getOutput() could not find output for stream 1, samplingRate 0,format 0, channels 3, flags 0
