V/IntentResolver(  424):   Filter did not match: category
V/IntentResolver(  424): Matching against filter ActivityIntentInfo{289c67f com.android.phone/.ChangeIccPinScreen}
V/IntentResolver(  424):   Filter did not match: category
V/IntentResolver(  424): Matching against filter ActivityIntentInfo{145e664c com.android.phone/.DataRoamingReenable}
V/IntentResolver(  424):   Filter did not match: category
V/IntentResolver(  424): Matching against filter ActivityIntentInfo{1a24e695 com.android.phone/.RoamingSetting}
V/IntentResolver(  424):   Filter did not match: category
V/IntentResolver(  424): Matching against filter ActivityIntentInfo{c35c3aa com.android.phone/.CallFeaturesSetting}
V/IntentResolver(  424):   Filter did not match: category
V/IntentResolver(  424): Matching against filter ActivityIntentInfo{13319b38 com.android.phone/com.android.services.telephony.sip.SipSettings}
V/IntentResolver(  424):   Filter did not match: category
V/IntentResolver(  424): Matching against filter ActivityIntentInfo{24146703 com.android.server.telecom/.RespondViaSmsSettings$Settings}
V/IntentResolver(  424):   Filter did not match: category
V/IntentResolver(  424): Matching against filter ActivityIntentInfo{27e0c57 com.android.vpndialogs/.ConfirmDialog}
V/IntentResolver(  424):   Filter did not match: category
V/IntentResolver(  424): Matching against filter ActivityIntentInfo{19b7f344 com.android.vpndialogs/.ManageDialog}
V/IntentResolver(  424):   Filter did not match: category
V/IntentResolver(  424): Matching against filter ActivityIntentInfo{21bcf961 com.wss.calibrate2/.MainActivity}
V/IntentResolver(  424):   Filter did not match: category
V/IntentResolver(  424): Matching against filter ActivityIntentInfo{eac2a6a com.android.deskclock/.DeskClock}
V/IntentResolver(  424):   Filter did not match: category
V/IntentResolver(  424): Matching against filter ActivityIntentInfo{2c368b5b com.android.deskclock/.DockClock}
V/IntentResolver(  424):   Filter did not match: category
V/IntentResolver(  424): Matching against filter ActivityIntentInfo{15113ff8 com.android.deskclock/.SettingsActivity}
V/IntentResolver(  424):   Filter did not match: category
V/IntentResolver(  424): Matching against filter ActivityIntentInfo{2ba5fcd1 com.android.deskclock/.worldclock.CitiesActivity}
V/IntentResolver(  424):   Filter did not match: category
V/IntentResolver(  424): Matching against filter ActivityIntentInfo{fbc950d com.android.deskclock/.ScreensaverSettingsActivity}
V/IntentResolver(  424):   Filter did not match: category
V/IntentResolver(  424): Matching against filter ActivityIntentInfo{23edc5d com.estrongs.android.pop/.ftp.ESFtpShortcut}
V/IntentResolver(  424):   Filter did not match: category
V/IntentResolver(  424): Matching against filter ActivityIntentInfo{c11e159 com.estrongs.android.pop/.app.adgad.GdtSplashActivity}
V/IntentResolver(  424):   Filter did not match: category
V/IntentResolver(  424): Matching against filter ActivityIntentInfo{16948b1b com.example.android.home/.Home}
V/IntentResolver(  424):   Filter matched!  match=0x108000 hasDefault=true
V/IntentResolver(  424):     16e181ae com.example.android.home/.Home filter 16948b1b
V/IntentResolver(  424):     Action: "android.intent.action.MAIN"
V/IntentResolver(  424):     Category: "android.intent.category.HOME"
V/IntentResolver(  424):     Category: "android.intent.category.DEFAULT"
V/IntentResolver(  424): Matching against filter ActivityIntentInfo{311ad285 com.android.inputmethod.latin/.setup.SetupActivity}
V/IntentResolver(  424):   Filter did not match: category
V/IntentResolver(  424): Matching against filter ActivityIntentInfo{2c6e58da com.android.inputmethod.latin/.setup.SetupWizardActivity}
V/IntentResolver(  424):   Filter did not match: category
V/IntentResolver(  424): Matching against filter ActivityIntentInfo{1caa710b com.android.inputmethod.latin/.settings.SettingsActivity}
V/IntentResolver(  424):   Filter did not match: category
V/IntentResolver(  424): Matching against filter ActivityIntentInfo{1c85abe8 com.android.inputmethod.latin/.spellcheck.SpellCheckerSettingsActivity}
V/IntentResolver(  424):   Filter did not match: category
V/IntentResolver(  424): Matching against filter ActivityIntentInfo{3cbb1201 com.android.inputmethod.latin/com.android.inputmethod.dictionarypack.DictionarySettingsActivity}
V/IntentResolver(  424):   Filter did not match: category
V/IntentResolver(  424): Matching against filter ActivityIntentInfo{8e928a6 com.android.inputmethod.latin/com.android.inputmethod.dictionarypack.DownloadOverMeteredDialog}
V/IntentResolver(  424):   Filter did not match: category
V/IntentResolver(  424): Matching against filter ActivityIntentInfo{1aa83d7 com.android.quicksearchbox/.SearchActivity}
V/IntentResolver(  424):   Filter did not match: category
V/IntentResolver(  424): Matching against filter ActivityIntentInfo{10f3f6f4 com.fsl.ethernet/.MainActivity}
V/IntentResolver(  424):   Filter did not match: category
V/IntentResolver(  424): Matching against filter ActivityIntentInfo{16c737ea com.hsr.hspad/.UI.MainActivity}
V/IntentResolver(  424):   Filter did not match: category
V/IntentResolver(  424): Matching against filter ActivityIntentInfo{182da42 com.example.button_test/.MainWindow}
V/IntentResolver(  424):   Filter did not match: category
V/IntentResolver(  424): Final result list:
V/IntentResolver(  424):   ResolveInfo{2f2acc89 com.android.launcher/com.android.launcher2.Launcher m=0x108000}
V/IntentResolver(  424):   ResolveInfo{1a81048e com.example.android.home/.Home m=0x108000}
E/BufferQueueProducer(  122): [StatusBar] dequeueBuffer: can't dequeue multiple buffers without setting the buffer count
E/BufferQueueProducer(  122): [NavigationBar] dequeueBuffer: can't dequeue multiple buffers without setting the buffer count
I/DownloadManager( 1028): Upgrading downloads database from version 0 to version 109, which will destroy all old data
V/CKL_TEST( 1090): in function setView
I/art     (  994): Background sticky concurrent mark sweep GC freed 9812(462KB) AllocSpace objects, 0(0B) LOS objects, 40% free, 860KB/1448KB, paused 3.037ms total 118.251ms
E/DevicePolicyManagerService(  424): Could not connect to KeyChain service
E/DevicePolicyManagerService(  424): java.lang.IllegalArgumentException: Service Intent must be explicit: Intent { act=android.security.IKeyChainService }
E/DevicePolicyManagerService(  424): 	at android.app.ContextImpl.validateServiceIntent(ContextImpl.java:1674)
E/DevicePolicyManagerService(  424): 	at android.app.ContextImpl.bindServiceCommon(ContextImpl.java:1773)
E/DevicePolicyManagerService(  424): 	at android.app.ContextImpl.bindServiceAsUser(ContextImpl.java:1758)
E/DevicePolicyManagerService(  424): 	at android.security.KeyChain.bindAsUser(KeyChain.java:473)
E/DevicePolicyManagerService(  424): 	at com.android.server.devicepolicy.DevicePolicyManagerService$MonitoringCertNotificationTask.manageNotification(DevicePolicyManagerService.java:1637)
E/DevicePolicyManagerService(  424): 	at com.android.server.devicepolicy.DevicePolicyManagerService$MonitoringCertNotificationTask.doInBackground(DevicePolicyManagerService.java:1624)
E/DevicePolicyManagerService(  424): 	at com.android.server.devicepolicy.DevicePolicyManagerService$MonitoringCertNotificationTask.doInBackground(DevicePolicyManagerService.java:1614)
E/DevicePolicyManagerService(  424): 	at android.os.AsyncTask$2.call(AsyncTask.java:288)
E/DevicePolicyManagerService(  424): 	at java.util.concurrent.FutureTask.run(FutureTask.java:237)
E/DevicePolicyManagerService(  424): 	at android.os.AsyncTask$SerialExecutor$1.run(AsyncTask.java:231)
E/DevicePolicyManagerService(  424): 	at java.util.concurrent.ThreadPoolExecutor.runWorker(ThreadPoolExecutor.java:1112)
E/DevicePolicyManagerService(  424): 	at java.util.concurrent.ThreadPoolExecutor$Worker.run(ThreadPoolExecutor.java:587)
E/DevicePolicyManagerService(  424): 	at java.lang.Thread.run(Thread.java:818)
I/LatinIME:LogUtils(  920): Dictionary info: dictionary = main:en ; version = 47 ; date = 1402373178
V/KeyEvent( 1090): Reset: android.view.KeyEvent$DispatcherState@2a6ae22
I/WindowManager(  424): Screen frozen for +590ms due to Window{1efe9ccb u0 android/com.android.internal.app.ResolverActivity}
D/ConnectivityService(  424): Got NetworkFactory Messenger for Telephony
I/LatinIME:LogUtils(  920): Dictionary info: dictionary = main:en ; version = 47 ; date = 1402373178
I/LatinIME:LogUtils(  920): Dictionary info: dictionary = main:en ; version = 47 ; date = 1402373178
I/LatinIME:LogUtils(  920): Dictionary info: dictionary = main:en ; version = 47 ; date = 1402373178
D/TelephonyProvider(  994): dbh.onCreate:+ db=SQLiteDatabase: /data/data/com.android.providers.telephony/databases/telephony.db
D/TelephonyProvider(  994): dbh.createSimInfoTable:+
D/TelephonyProvider(  994): dbh.createSimInfoTable:-
D/TelephonyProvider(  994): dbh.createCarriersTable:+
D/TelephonyProvider(  994): dbh.createCarriersTable:-
I/LatinIME:LogUtils(  920): Dictionary info: dictionary = main:en ; version = 47 ; date = 1402373178
D/TelephonyProvider(  994): dbh.onCreate:- db=SQLiteDatabase: /data/data/com.android.providers.telephony/databases/telephony.db
I/LatinIME:LogUtils(  920): Dictionary info: dictionary = main:en ; version = 47 ; date = 1402373178
I/LatinIME:LogUtils(  920): Dictionary info: dictionary = main:en ; version = 47 ; date = 1402373178
D/TelephonyProvider(  994): dbh.onOpen: ok, queried table=siminfo
D/TelephonyProvider(  994): dbh.onOpen: ok, queried table=carriers
I/ContactDirectoryManager( 1051): deleted 0 stale rows which don't have any relevant directory
I/ContactDirectoryManager( 1051): Discovered 0 contact directories in 237ms
I/ValidateNoPeople(  424): mEvictionCount: 0
I/ContactsProvider( 1051): Upgrading aggregation algorithm
I/ContactAggregator( 1051): Marked all visible contacts for aggregation: 0 raw contacts, 3 ms
D/DcSwitchState(  994): [DcSwitchState-0] DcSwitchState constructor E
D/DcSwitchState(  994): [DcSwitchState-0] DcSwitchState constructor X
D/DctController(  994): [DctController] DctController(phones): Connect success: 0
I/ContactsProvider( 1051): Aggregation algorithm upgraded for 0 raw contacts in 182ms
W/BackupManagerService(  424): dataChanged but no participant pkg='com.android.providers.settings' uid=1001
I/PackageManager(  424): Replacing preferred activity com.android.mms/.ui.ComposeMessageActivity for user 0:
I/PackageManager(  424):   Action: "android.intent.action.SENDTO"
I/PackageManager(  424):   Category: "android.intent.category.DEFAULT"
I/PackageManager(  424):   Scheme: "sms"
I/PackageManager(  424): Replacing preferred activity com.android.mms/.ui.ComposeMessageActivity for user 0:
I/PackageManager(  424):   Action: "android.intent.action.SENDTO"
I/PackageManager(  424):   Category: "android.intent.category.DEFAULT"
I/PackageManager(  424):   Scheme: "smsto"
I/ContactsFTS( 1051): Rebuild contact search index in 62ms, 0 contacts
I/PackageManager(  424): Replacing preferred activity com.android.mms/.ui.ComposeMessageActivity for user 0:
I/PackageManager(  424):   Action: "android.intent.action.SENDTO"
I/PackageManager(  424):   Category: "android.intent.category.DEFAULT"
I/PackageManager(  424):   Scheme: "mms"
I/PackageManager(  424): Replacing preferred activity com.android.mms/.ui.ComposeMessageActivity for user 0:
I/PackageManager(  424):   Action: "android.intent.action.SENDTO"
I/PackageManager(  424):   Category: "android.intent.category.DEFAULT"
I/PackageManager(  424):   Scheme: "mmsto"
I/PackageManager(  424): Checking replace of preferred:
I/PackageManager(  424):   Action: "android.intent.action.SENDTO"
I/PackageManager(  424):   Category: "android.intent.category.DEFAULT"
I/PackageManager(  424):   Scheme: "sms"
I/PackageManager(  424):   -- CUR: mMatch=2097152
I/PackageManager(  424):   -- CUR: mSet=[com.android.mms/.ui.ComposeMessageActivity]
I/PackageManager(  424):   -- CUR: mComponent=com.android.mms/.ui.ComposeMessageActivity
I/PackageManager(  424):   -- NEW: mMatch=2097152
I/PackageManager(  424):   -- CUR: mSet=[ComponentInfo{com.android.mms/com.android.mms.ui.ComposeMessageActivity}]
I/PackageManager(  424):   -- CUR: mComponent=com.android.mms/.ui.ComposeMessageActivity
I/PackageManager(  424): Replacing with same preferred activity com.android.mms/.ui.ComposeMessageActivity for user 0:
I/PackageManager(  424):   Action: "android.intent.action.SENDTO"
I/PackageManager(  424):   Category: "android.intent.category.DEFAULT"
I/PackageManager(  424):   Scheme: "sms"
I/PackageManager(  424): Checking replace of preferred:
I/PackageManager(  424):   Action: "android.intent.action.SENDTO"
I/PackageManager(  424):   Category: "android.intent.category.DEFAULT"
I/PackageManager(  424):   Scheme: "smsto"
I/PackageManager(  424):   -- CUR: mMatch=2097152
I/PackageManager(  424):   -- CUR: mSet=[com.android.mms/.ui.ComposeMessageActivity]
I/PackageManager(  424):   -- CUR: mComponent=com.android.mms/.ui.ComposeMessageActivity
I/PackageManager(  424):   -- NEW: mMatch=2097152
I/PackageManager(  424):   -- CUR: mSet=[ComponentInfo{com.android.mms/com.android.mms.ui.ComposeMessageActivity}]
I/PackageManager(  424):   -- CUR: mComponent=com.android.mms/.ui.ComposeMessageActivity
I/PackageManager(  424): Replacing with same preferred activity com.android.mms/.ui.ComposeMessageActivity for user 0:
I/PackageManager(  424):   Action: "android.intent.action.SENDTO"
I/PackageManager(  424):   Category: "android.intent.category.DEFAULT"
I/PackageManager(  424):   Scheme: "smsto"
I/PackageManager(  424): Checking replace of preferred:
I/PackageManager(  424):   Action: "android.intent.action.SENDTO"
I/PackageManager(  424):   Category: "android.intent.category.DEFAULT"
I/PackageManager(  424):   Scheme: "mms"
I/PackageManager(  424):   -- CUR: mMatch=2097152
I/PackageManager(  424):   -- CUR: mSet=[com.android.mms/.ui.ComposeMessageActivity]
I/PackageManager(  424):   -- CUR: mComponent=com.android.mms/.ui.ComposeMessageActivity
I/PackageManager(  424):   -- NEW: mMatch=2097152
I/PackageManager(  424):   -- CUR: mSet=[ComponentInfo{com.android.mms/com.android.mms.ui.ComposeMessageActivity}]
I/PackageManager(  424):   -- CUR: mComponent=com.android.mms/.ui.ComposeMessageActivity
I/PackageManager(  424): Replacing with same preferred activity com.android.mms/.ui.ComposeMessageActivity for user 0:
I/PackageManager(  424):   Action: "android.intent.action.SENDTO"
I/PackageManager(  424):   Category: "android.intent.category.DEFAULT"
I/PackageManager(  424):   Scheme: "mms"
I/PackageManager(  424): Checking replace of preferred:
I/PackageManager(  424):   Action: "android.intent.action.SENDTO"
I/PackageManager(  424):   Category: "android.intent.category.DEFAULT"
I/PackageManager(  424):   Scheme: "mmsto"
I/PackageManager(  424):   -- CUR: mMatch=2097152
I/PackageManager(  424):   -- CUR: mSet=[com.android.mms/.ui.ComposeMessageActivity]
I/PackageManager(  424):   -- CUR: mComponent=com.android.mms/.ui.ComposeMessageActivity
I/PackageManager(  424):   -- NEW: mMatch=2097152
I/PackageManager(  424):   -- CUR: mSet=[ComponentInfo{com.android.mms/com.android.mms.ui.ComposeMessageActivity}]
I/PackageManager(  424):   -- CUR: mComponent=com.android.mms/.ui.ComposeMessageActivity
I/PackageManager(  424): Replacing with same preferred activity com.android.mms/.ui.ComposeMessageActivity for user 0:
I/PackageManager(  424):   Action: "android.intent.action.SENDTO"
I/PackageManager(  424):   Category: "android.intent.category.DEFAULT"
I/PackageManager(  424):   Scheme: "mmsto"
I/art     (  424): Explicit concurrent mark sweep GC freed 15928(1207KB) AllocSpace objects, 12(219KB) LOS objects, 33% free, 6MB/9MB, paused 2.067ms total 91.049ms
D/BluetoothManagerService(  424): Message: 20
D/BluetoothManagerService(  424): Added callback: android.bluetooth.IBluetoothManagerCallback$Stub$Proxy@3ec1917f:true
D/BluetoothManagerService(  424): Message: 30
E/BluetoothHeadset(  994): Could not bind to Bluetooth Headset Service with Intent { act=android.bluetooth.IBluetoothHeadset }
I/art     (  424): Explicit concurrent mark sweep GC freed 1129(62KB) AllocSpace objects, 1(16KB) LOS objects, 33% free, 5MB/8MB, paused 1.569ms total 96.766ms
D/ConnectivityService(  424): Got NetworkFactory Messenger for WIFI
D/WIFI    (  424): got request NetworkRequest [ id=1, legacyType=-1, [ Capabilities: INTERNET&NOT_RESTRICTED&TRUSTED&NOT_VPN] ] with score 0
I/ActivityManager(  424): Start proc com.android.providers.calendar for broadcast com.android.providers.calendar/.CalendarReceiver: pid=1174 uid=10001 gids={50001, 9997, 3003, 1028, 1015} abi=armeabi-v7a
D/TelephonyNetworkFactory(  994): got request NetworkRequest [ id=1, legacyType=-1, [ Capabilities: INTERNET&NOT_RESTRICTED&TRUSTED&NOT_VPN] ] with score 0
D/TelephonyNetworkFactory(  994): Cellular needs Network for NetworkRequest [ id=1, legacyType=-1, [ Capabilities: INTERNET&NOT_RESTRICTED&TRUSTED&NOT_VPN] ]
W/ResourcesManager( 1174): Asset path '/system/framework/android.test.runner.jar' does not exist or contains no resources.
D/DctController(  994): [DctController] EVENT_PHONE1_RADIO_OFF.
D/TelephonyDebugService(  994): TelephonyDebugService()
D/WifiService(  424): New client listening to asynchronous messages
D/DctController(  994): [DctController] DataStateReceiver: phoneId= 0
D/DctController(  994): [DctController] DataStateReceiver: ignore invalid subId=-1
E/RemotePrintSpooler(  424): Error removing obsolete print jobs .
E/RemotePrintSpooler(  424): java.util.concurrent.TimeoutException: Cannot get spooler!
E/RemotePrintSpooler(  424): 	at com.android.server.print.RemotePrintSpooler.bindLocked(RemotePrintSpooler.java:376)
E/RemotePrintSpooler(  424): 	at com.android.server.print.RemotePrintSpooler.getRemoteInstanceLazy(RemotePrintSpooler.java:352)
E/RemotePrintSpooler(  424): 	at com.android.server.print.RemotePrintSpooler.removeObsoletePrintJobs(RemotePrintSpooler.java:287)
E/RemotePrintSpooler(  424): 	at com.android.server.print.UserState.removeObsoletePrintJobs(UserState.java:165)
E/RemotePrintSpooler(  424): 	at com.android.server.print.PrintManagerService$PrintManagerImpl$3.run(PrintManagerService.java:644)
E/RemotePrintSpooler(  424): 	at android.os.Handler.handleCallback(Handler.java:739)
E/RemotePrintSpooler(  424): 	at android.os.Handler.dispatchMessage(Handler.java:95)
E/RemotePrintSpooler(  424): 	at android.os.Looper.loop(Looper.java:135)
E/RemotePrintSpooler(  424): 	at android.os.HandlerThread.run(HandlerThread.java:61)
D/GpsLocationProvider(  424): received SIM realted action: android.intent.action.SIM_STATE_CHANGED
D/GpsLocationProvider(  424): SIM MCC/MNC is still not available
I/CalendarDatabaseHelper( 1174): Bootstrapping database
D/BackupManagerService(  424): Received broadcast Intent { act=android.intent.action.PACKAGE_CHANGED dat=package:com.android.settings flg=0x4000010 (has extras) }
I/InputReader(  424): Reconfiguring input devices.  changes=0x00000010
I/PackageManager(  424): Checking replace of preferred:
I/PackageManager(  424):   Action: "android.intent.action.SENDTO"
I/PackageManager(  424):   Category: "android.intent.category.DEFAULT"
I/PackageManager(  424):   Scheme: "sms"
I/PackageManager(  424):   -- CUR: mMatch=2097152
I/PackageManager(  424):   -- CUR: mSet=[com.android.mms/.ui.ComposeMessageActivity]
I/PackageManager(  424):   -- CUR: mComponent=com.android.mms/.ui.ComposeMessageActivity
I/PackageManager(  424):   -- NEW: mMatch=2097152
I/PackageManager(  424):   -- CUR: mSet=[ComponentInfo{com.android.mms/com.android.mms.ui.ComposeMessageActivity}]
I/PackageManager(  424):   -- CUR: mComponent=com.android.mms/.ui.ComposeMessageActivity
I/PackageManager(  424): Replacing with same preferred activity com.android.mms/.ui.ComposeMessageActivity for user 0:
I/PackageManager(  424):   Action: "android.intent.action.SENDTO"
I/PackageManager(  424):   Category: "android.intent.category.DEFAULT"
I/PackageManager(  424):   Scheme: "sms"
I/PackageManager(  424): Checking replace of preferred:
I/PackageManager(  424):   Action: "android.intent.action.SENDTO"
I/PackageManager(  424):   Category: "android.intent.category.DEFAULT"
I/PackageManager(  424):   Scheme: "smsto"
I/PackageManager(  424):   -- CUR: mMatch=2097152
I/PackageManager(  424):   -- CUR: mSet=[com.android.mms/.ui.ComposeMessageActivity]
I/PackageManager(  424):   -- CUR: mComponent=com.android.mms/.ui.ComposeMessageActivity
I/PackageManager(  424):   -- NEW: mMatch=2097152
I/PackageManager(  424):   -- CUR: mSet=[ComponentInfo{com.android.mms/com.android.mms.ui.ComposeMessageActivity}]
I/PackageManager(  424):   -- CUR: mComponent=com.android.mms/.ui.ComposeMessageActivity
I/PackageManager(  424): Replacing with same preferred activity com.android.mms/.ui.ComposeMessageActivity for user 0:
I/PackageManager(  424):   Action: "android.intent.action.SENDTO"
I/PackageManager(  424):   Category: "android.intent.category.DEFAULT"
I/PackageManager(  424):   Scheme: "smsto"
I/PackageManager(  424): Checking replace of preferred:
I/PackageManager(  424):   Action: "android.intent.action.SENDTO"
I/PackageManager(  424):   Category: "android.intent.category.DEFAULT"
I/PackageManager(  424):   Scheme: "mms"
I/PackageManager(  424):   -- CUR: mMatch=2097152
I/PackageManager(  424):   -- CUR: mSet=[com.android.mms/.ui.ComposeMessageActivity]
I/PackageManager(  424):   -- CUR: mComponent=com.android.mms/.ui.ComposeMessageActivity
I/PackageManager(  424):   -- NEW: mMatch=2097152
I/PackageManager(  424):   -- CUR: mSet=[ComponentInfo{com.android.mms/com.android.mms.ui.ComposeMessageActivity}]
I/PackageManager(  424):   -- CUR: mComponent=com.android.mms/.ui.ComposeMessageActivity
I/PackageManager(  424): Replacing with same preferred activity com.android.mms/.ui.ComposeMessageActivity for user 0:
I/PackageManager(  424):   Action: "android.intent.action.SENDTO"
I/PackageManager(  424):   Category: "android.intent.category.DEFAULT"
I/PackageManager(  424):   Scheme: "mms"
I/PackageManager(  424): Checking replace of preferred:
I/PackageManager(  424):   Action: "android.intent.action.SENDTO"
I/PackageManager(  424):   Category: "android.intent.category.DEFAULT"
I/PackageManager(  424):   Scheme: "mmsto"
I/PackageManager(  424):   -- CUR: mMatch=2097152
I/PackageManager(  424):   -- CUR: mSet=[com.android.mms/.ui.ComposeMessageActivity]
I/PackageManager(  424):   -- CUR: mComponent=com.android.mms/.ui.ComposeMessageActivity
I/PackageManager(  424):   -- NEW: mMatch=2097152
I/PackageManager(  424):   -- CUR: mSet=[ComponentInfo{com.android.mms/com.android.mms.ui.ComposeMessageActivity}]
I/PackageManager(  424):   -- CUR: mComponent=com.android.mms/.ui.ComposeMessageActivity
I/PackageManager(  424): Replacing with same preferred activity com.android.mms/.ui.ComposeMessageActivity for user 0:
I/PackageManager(  424):   Action: "android.intent.action.SENDTO"
I/PackageManager(  424):   Category: "android.intent.category.DEFAULT"
I/PackageManager(  424):   Scheme: "mmsto"
I/CalendarProvider2( 1174): Created com.android.providers.calendar.CalendarAlarmManager@1c3c6c3f(com.android.providers.calendar.CalendarProvider2@266f790c)
I/PackageManager(  424): Checking replace of preferred:
I/PackageManager(  424):   Action: "android.intent.action.SENDTO"
I/PackageManager(  424):   Category: "android.intent.category.DEFAULT"
I/PackageManager(  424):   Scheme: "sms"
I/PackageManager(  424):   -- CUR: mMatch=2097152
I/PackageManager(  424):   -- CUR: mSet=[com.android.mms/.ui.ComposeMessageActivity]
I/PackageManager(  424):   -- CUR: mComponent=com.android.mms/.ui.ComposeMessageActivity
I/PackageManager(  424):   -- NEW: mMatch=2097152
I/PackageManager(  424):   -- CUR: mSet=[ComponentInfo{com.android.mms/com.android.mms.ui.ComposeMessageActivity}]
I/PackageManager(  424):   -- CUR: mComponent=com.android.mms/.ui.ComposeMessageActivity
I/PackageManager(  424): Replacing with same preferred activity com.android.mms/.ui.ComposeMessageActivity for user 0:
I/PackageManager(  424):   Action: "android.intent.action.SENDTO"
I/PackageManager(  424):   Category: "android.intent.category.DEFAULT"
I/PackageManager(  424):   Scheme: "sms"
I/PackageManager(  424): Checking replace of preferred:
I/PackageManager(  424):   Action: "android.intent.action.SENDTO"
I/PackageManager(  424):   Category: "android.intent.category.DEFAULT"
I/PackageManager(  424):   Scheme: "smsto"
I/PackageManager(  424):   -- CUR: mMatch=2097152
I/PackageManager(  424):   -- CUR: mSet=[com.android.mms/.ui.ComposeMessageActivity]
I/PackageManager(  424):   -- CUR: mComponent=com.android.mms/.ui.ComposeMessageActivity
I/PackageManager(  424):   -- NEW: mMatch=2097152
I/PackageManager(  424):   -- CUR: mSet=[ComponentInfo{com.android.mms/com.android.mms.ui.ComposeMessageActivity}]
I/PackageManager(  424):   -- CUR: mComponent=com.android.mms/.ui.ComposeMessageActivity
I/PackageManager(  424): Replacing with same preferred activity com.android.mms/.ui.ComposeMessageActivity for user 0:
I/PackageManager(  424):   Action: "android.intent.action.SENDTO"
I/PackageManager(  424):   Category: "android.intent.category.DEFAULT"
I/PackageManager(  424):   Scheme: "smsto"
I/PackageManager(  424): Checking replace of preferred:
I/PackageManager(  424):   Action: "android.intent.action.SENDTO"
I/PackageManager(  424):   Category: "android.intent.category.DEFAULT"
I/PackageManager(  424):   Scheme: "mms"
I/PackageManager(  424):   -- CUR: mMatch=2097152
I/PackageManager(  424):   -- CUR: mSet=[com.android.mms/.ui.ComposeMessageActivity]
I/PackageManager(  424):   -- CUR: mComponent=com.android.mms/.ui.ComposeMessageActivity
I/PackageManager(  424):   -- NEW: mMatch=2097152
I/PackageManager(  424):   -- CUR: mSet=[ComponentInfo{com.android.mms/com.android.mms.ui.ComposeMessageActivity}]
I/PackageManager(  424):   -- CUR: mComponent=com.android.mms/.ui.ComposeMessageActivity
I/PackageManager(  424): Replacing with same preferred activity com.android.mms/.ui.ComposeMessageActivity for user 0:
I/PackageManager(  424):   Action: "android.intent.action.SENDTO"
I/PackageManager(  424):   Category: "android.intent.category.DEFAULT"
I/PackageManager(  424):   Scheme: "mms"
I/PackageManager(  424): Checking replace of preferred:
I/PackageManager(  424):   Action: "android.intent.action.SENDTO"
I/PackageManager(  424):   Category: "android.intent.category.DEFAULT"
I/PackageManager(  424):   Scheme: "mmsto"
I/PackageManager(  424):   -- CUR: mMatch=2097152
I/PackageManager(  424):   -- CUR: mSet=[com.android.mms/.ui.ComposeMessageActivity]
I/PackageManager(  424):   -- CUR: mComponent=com.android.mms/.ui.ComposeMessageActivity
I/PackageManager(  424):   -- NEW: mMatch=2097152
I/PackageManager(  424):   -- CUR: mSet=[ComponentInfo{com.android.mms/com.android.mms.ui.ComposeMessageActivity}]
I/PackageManager(  424):   -- CUR: mComponent=com.android.mms/.ui.ComposeMessageActivity
I/PackageManager(  424): Replacing with same preferred activity com.android.mms/.ui.ComposeMessageActivity for user 0:
I/PackageManager(  424):   Action: "android.intent.action.SENDTO"
I/PackageManager(  424):   Category: "android.intent.category.DEFAULT"
I/PackageManager(  424):   Scheme: "mmsto"
I/ActivityManager(  424): Start proc com.android.managedprovisioning for broadcast com.android.managedprovisioning/.BootReminder: pid=1195 uid=10008 gids={50008, 9997, 1028, 3003} abi=armeabi-v7a
I/ActivityManager(  424): Start proc com.android.mms for broadcast com.android.mms/.transaction.MmsSystemEventReceiver: pid=1213 uid=10009 gids={50009, 9997, 3003, 1028, 1015} abi=armeabi-v7a
D/CountryDetector(  424): The first listener is added
I/MediaProvider( 1028): Upgrading media database from version 0 to 700, which will destroy all old data
V/Mms     ( 1213): mnc/mcc: 
V/Mms     ( 1213): tag: bool value: enabledMMS - true
V/Mms     ( 1213): tag: int value: maxMessageSize - 307200
V/Mms     ( 1213): tag: int value: maxImageHeight - 480
V/Mms     ( 1213): tag: int value: maxImageWidth - 640
V/Mms     ( 1213): tag: int value: defaultSMSMessagesPerThread - 10000
V/Mms     ( 1213): tag: int value: defaultMMSMessagesPerThread - 1000
V/Mms     ( 1213): tag: int value: minMessageCountPerThread - 10
V/Mms     ( 1213): tag: int value: maxMessageCountPerThread - 5000
V/Mms     ( 1213): tag: string value: uaProfUrl - http://www.google.com/oha/rdf/ua-profile-kila.xml
V/Mms     ( 1213): tag: int value: recipientLimit - -1
V/Mms     ( 1213): tag: bool value: enableMultipartSMS - true
V/Mms     ( 1213): tag: int value: smsToMmsTextThreshold - -1
V/Mms     ( 1213): tag: bool value: enableSlideDuration - true
V/Mms     ( 1213): tag: int value: maxMessageTextSize - -1
I/ActivityManager(  424): Start proc com.android.onetimeinitializer for broadcast com.android.onetimeinitializer/.OneTimeInitializerReceiver: pid=1242 uid=10011 gids={50011, 9997} abi=armeabi-v7a
D/MmsSmsDatabaseHelper(  994): [MmsSmsDb] tableName: threads hasAutoIncrement: CREATE TABLE threads (_id INTEGER PRIMARY KEY AUTOINCREMENT,date INTEGER DEFAULT 0,message_count INTEGER DEFAULT 0,recipient_ids TEXT,snippet TEXT,snippet_cs INTEGER DEFAULT 0,read INTEGER DEFAULT 1,archived INTEGER DEFAULT 0,type INTEGER DEFAULT 0,error INTEGER DEFAULT 0,has_attachment INTEGER DEFAULT 0) result: true
D/MmsSmsDatabaseHelper(  994): [MmsSmsDb] tableName: canonical_addresses hasAutoIncrement: CREATE TABLE canonical_addresses (_id INTEGER PRIMARY KEY AUTOINCREMENT,address TEXT) result: true
D/MmsSmsDatabaseHelper(  994): [MmsSmsDb] tableName: part hasAutoIncrement: CREATE TABLE part (_id INTEGER PRIMARY KEY AUTOINCREMENT,mid INTEGER,seq INTEGER DEFAULT 0,ct TEXT,name TEXT,chset INTEGER,cd TEXT,fn TEXT,cid TEXT,cl TEXT,ctt_s INTEGER,ctt_t TEXT,_data TEXT,text TEXT) result: true
D/MmsSmsDatabaseHelper(  994): [MmsSmsDb] tableName: pdu hasAutoIncrement: CREATE TABLE pdu (_id INTEGER PRIMARY KEY AUTOINCREMENT,thread_id INTEGER,date INTEGER,date_sent INTEGER DEFAULT 0,msg_box INTEGER,read INTEGER DEFAULT 0,m_id TEXT,sub TEXT,sub_cs INTEGER,ct_t TEXT,ct_l TEXT,exp INTEGER,m_cls TEXT,m_type INTEGER,v INTEGER,m_size INTEGER,pri INTEGER,rr INTEGER,rpt_a INTEGER,resp_st INTEGER,st INTEGER,tr_id TEXT,retr_st INTEGER,retr_txt TEXT,retr_txt_cs INTEGER,read_status INTEGER,ct_cls INTEGER,resp_txt TEXT,d_tm INTEGER,d_rpt INTEGER,locked INTEGER DEFAULT 0,sub_id INTEGER DEFAULT -1, seen INTEGER DEFAULT 0,creator TEXT,text_only INTEGER DEFAULT 0) result: true
D/MmsSmsDatabaseHelper(  994): [getWritableDatabase] hasAutoIncrementThreads: true hasAutoIncrementAddresses: true hasAutoIncrementPart: true hasAutoIncrementPdu: true
D/Mms     ( 1213): cancelNotification
V/OneTimeInitializerRece( 1242): OneTimeInitializerReceiver.onReceive
I/OneTimeInitializerServ( 1242): Updating to version 1.
I/CalendarProvider2( 1174): Sending notification intent: Intent { act=android.intent.action.PROVIDER_CHANGED dat=content://com.android.calendar }
W/ContentResolver( 1174): Failed to get type for: content://com.android.calendar (Unknown URL content://com.android.calendar)
I/art     (  133): Explicit concurrent mark sweep GC freed 703(30KB) AllocSpace objects, 0(0B) LOS objects, 90% free, 110KB/1134KB, paused 457us total 23.219ms
I/ActivityManager(  424): Start proc com.android.deskclock for broadcast com.android.deskclock/.AlarmInitReceiver: pid=1262 uid=10017 gids={50017, 9997, 1028} abi=armeabi-v7a
I/art     (  133): Explicit concurrent mark sweep GC freed 8(256B) AllocSpace objects, 0(0B) LOS objects, 90% free, 110KB/1134KB, paused 334us total 18.772ms
I/art     (  133): Explicit concurrent mark sweep GC freed 5(160B) AllocSpace objects, 0(0B) LOS objects, 90% free, 110KB/1134KB, paused 340us total 18.536ms
I/ActivityManager(  424): Start proc com.android.launcher for content provider com.android.launcher/com.android.launcher2.LauncherProvider: pid=1277 uid=10007 gids={50007, 9997} abi=armeabi-v7a
D/Mms     ( 1213): cancelNotification
D/MediaProvider( 1028): Adjusting external storage paths to: /storage/emulated/0
E/SQLiteLog( 1028): (1) no such table: files
E/MetadataRetrieverClient(  128): failed to extract an album art
I/AlarmClock( 1262): Alarms Table created
I/AlarmClock( 1262): Instance table created
I/AlarmClock( 1262): Cities table created
I/AlarmClock( 1262): Inserting default alarms
W/BackupManagerService(  424): dataChanged but no participant pkg='com.android.providers.settings' uid=10005
I/SystemBroadcastReceiver(  920): Boot has been completed
I/LauncherIconVisibilityManager(  920): Disable activity: ComponentInfo{com.android.inputmethod.latin/com.android.inputmethod.latin.setup.SetupActivity}
V/Mms     ( 1213): onStart: #1 mResultCode: -1 = Activity.RESULT_OK
E/SQLiteLog( 1174): (284) automatic index on view_events(_id)
E/MetadataRetrieverClient(  128): failed to extract an album art
W/BackupManagerService(  424): dataChanged but no participant pkg='com.android.providers.settings' uid=10005
E/MetadataRetrieverClient(  128): failed to extract an album art
E/MetadataRetrieverClient(  128): failed to extract an album art
W/BackupManagerService(  424): dataChanged but no participant pkg='com.android.providers.settings' uid=10005
I/CKL_TEST(  771): in ViewPostImeInputStage
I/CKL_TEST( 1090): in ViewPostImeInputStage
I/CKL_TEST(  771): in ViewPostImeInputStage
I/CKL_TEST( 1090): in ViewPostImeInputStage
I/CKL_TEST( 1090): in ViewPostImeInputStage
I/CKL_TEST( 1090): in ViewPostImeInputStage
W/MediaScanner( 1028): Error opening directory '/oem/media/', skipping: No such file or directory.
E/MetadataRetrieverClient(  128): failed to extract an album art
E/MetadataRetrieverClient(  128): failed to extract an album art
V/MediaScanner( 1028): pruneDeadThumbnailFiles... android.database.sqlite.SQLiteCursor@2ceee32f
V/MediaScanner( 1028): /pruneDeadThumbnailFiles... android.database.sqlite.SQLiteCursor@2ceee32f
D/BackupManagerService(  424): Received broadcast Intent { act=android.intent.action.PACKAGE_CHANGED dat=package:com.android.inputmethod.latin flg=0x4000010 (has extras) }
I/InputReader(  424): Reconfiguring input devices.  changes=0x00000010
I/PackageManager(  424): Checking replace of preferred:
I/PackageManager(  424):   Action: "android.intent.action.SENDTO"
I/PackageManager(  424):   Category: "android.intent.category.DEFAULT"
I/PackageManager(  424):   Scheme: "sms"
I/PackageManager(  424):   -- CUR: mMatch=2097152
I/PackageManager(  424):   -- CUR: mSet=[com.android.mms/.ui.ComposeMessageActivity]
I/PackageManager(  424):   -- CUR: mComponent=com.android.mms/.ui.ComposeMessageActivity
I/PackageManager(  424):   -- NEW: mMatch=2097152
I/PackageManager(  424):   -- CUR: mSet=[ComponentInfo{com.android.mms/com.android.mms.ui.ComposeMessageActivity}]
I/PackageManager(  424):   -- CUR: mComponent=com.android.mms/.ui.ComposeMessageActivity
I/PackageManager(  424): Replacing with same preferred activity com.android.mms/.ui.ComposeMessageActivity for user 0:
I/PackageManager(  424):   Action: "android.intent.action.SENDTO"
I/PackageManager(  424):   Category: "android.intent.category.DEFAULT"
I/PackageManager(  424):   Scheme: "sms"
I/PackageManager(  424): Checking replace of preferred:
I/PackageManager(  424):   Action: "android.intent.action.SENDTO"
I/PackageManager(  424):   Category: "android.intent.category.DEFAULT"
I/PackageManager(  424):   Scheme: "smsto"
I/PackageManager(  424):   -- CUR: mMatch=2097152
I/PackageManager(  424):   -- CUR: mSet=[com.android.mms/.ui.ComposeMessageActivity]
I/PackageManager(  424):   -- CUR: mComponent=com.android.mms/.ui.ComposeMessageActivity
I/PackageManager(  424):   -- NEW: mMatch=2097152
I/PackageManager(  424):   -- CUR: mSet=[ComponentInfo{com.android.mms/com.android.mms.ui.ComposeMessageActivity}]
I/PackageManager(  424):   -- CUR: mComponent=com.android.mms/.ui.ComposeMessageActivity
I/PackageManager(  424): Replacing with same preferred activity com.android.mms/.ui.ComposeMessageActivity for user 0:
I/PackageManager(  424):   Action: "android.intent.action.SENDTO"
I/PackageManager(  424):   Category: "android.intent.category.DEFAULT"
I/PackageManager(  424):   Scheme: "smsto"
I/PackageManager(  424): Checking replace of preferred:
W/Launcher.Model( 1277): Nobody to tell about the new app.  Launcher is probably loading.
I/PackageManager(  424):   Action: "android.intent.action.SENDTO"
I/PackageManager(  424):   Category: "android.intent.category.DEFAULT"
I/PackageManager(  424):   Scheme: "mms"
I/PackageManager(  424):   -- CUR: mMatch=2097152
I/PackageManager(  424):   -- CUR: mSet=[com.android.mms/.ui.ComposeMessageActivity]
I/PackageManager(  424):   -- CUR: mComponent=com.android.mms/.ui.ComposeMessageActivity
I/PackageManager(  424):   -- NEW: mMatch=2097152
I/PackageManager(  424):   -- CUR: mSet=[ComponentInfo{com.android.mms/com.android.mms.ui.ComposeMessageActivity}]
I/PackageManager(  424):   -- CUR: mComponent=com.android.mms/.ui.ComposeMessageActivity
I/PackageManager(  424): Replacing with same preferred activity com.android.mms/.ui.ComposeMessageActivity for user 0:
I/PackageManager(  424):   Action: "android.intent.action.SENDTO"
I/PackageManager(  424):   Category: "android.intent.category.DEFAULT"
I/PackageManager(  424):   Scheme: "mms"
I/PackageManager(  424): Checking replace of preferred:
I/PackageManager(  424):   Action: "android.intent.action.SENDTO"
I/PackageManager(  424):   Category: "android.intent.category.DEFAULT"
I/PackageManager(  424):   Scheme: "mmsto"
I/PackageManager(  424):   -- CUR: mMatch=2097152
I/PackageManager(  424):   -- CUR: mSet=[com.android.mms/.ui.ComposeMessageActivity]
I/PackageManager(  424):   -- CUR: mComponent=com.android.mms/.ui.ComposeMessageActivity
I/PackageManager(  424):   -- NEW: mMatch=2097152
I/PackageManager(  424):   -- CUR: mSet=[ComponentInfo{com.android.mms/com.android.mms.ui.ComposeMessageActivity}]
I/PackageManager(  424):   -- CUR: mComponent=com.android.mms/.ui.ComposeMessageActivity
I/PackageManager(  424): Replacing with same preferred activity com.android.mms/.ui.ComposeMessageActivity for user 0:
I/PackageManager(  424):   Action: "android.intent.action.SENDTO"
I/PackageManager(  424):   Category: "android.intent.category.DEFAULT"
I/PackageManager(  424):   Scheme: "mmsto"
I/PackageManager(  424): Checking replace of preferred:
I/PackageManager(  424):   Action: "android.intent.action.SENDTO"
I/PackageManager(  424):   Category: "android.intent.category.DEFAULT"
I/PackageManager(  424):   Scheme: "sms"
I/PackageManager(  424):   -- CUR: mMatch=2097152
I/PackageManager(  424):   -- CUR: mSet=[com.android.mms/.ui.ComposeMessageActivity]
I/PackageManager(  424):   -- CUR: mComponent=com.android.mms/.ui.ComposeMessageActivity
I/PackageManager(  424):   -- NEW: mMatch=2097152
I/PackageManager(  424):   -- CUR: mSet=[ComponentInfo{com.android.mms/com.android.mms.ui.ComposeMessageActivity}]
I/PackageManager(  424):   -- CUR: mComponent=com.android.mms/.ui.ComposeMessageActivity
I/PackageManager(  424): Replacing with same preferred activity com.android.mms/.ui.ComposeMessageActivity for user 0:
I/PackageManager(  424):   Action: "android.intent.action.SENDTO"
I/PackageManager(  424):   Category: "android.intent.category.DEFAULT"
I/PackageManager(  424):   Scheme: "sms"
I/PackageManager(  424): Checking replace of preferred:
I/PackageManager(  424):   Action: "android.intent.action.SENDTO"
I/PackageManager(  424):   Category: "android.intent.category.DEFAULT"
I/PackageManager(  424):   Scheme: "smsto"
I/PackageManager(  424):   -- CUR: mMatch=2097152
I/PackageManager(  424):   -- CUR: mSet=[com.android.mms/.ui.ComposeMessageActivity]
I/PackageManager(  424):   -- CUR: mComponent=com.android.mms/.ui.ComposeMessageActivity
I/PackageManager(  424):   -- NEW: mMatch=2097152
I/PackageManager(  424):   -- CUR: mSet=[ComponentInfo{com.android.mms/com.android.mms.ui.ComposeMessageActivity}]
I/PackageManager(  424):   -- CUR: mComponent=com.android.mms/.ui.ComposeMessageActivity
I/PackageManager(  424): Replacing with same preferred activity com.android.mms/.ui.ComposeMessageActivity for user 0:
I/PackageManager(  424):   Action: "android.intent.action.SENDTO"
I/PackageManager(  424):   Category: "android.intent.category.DEFAULT"
I/PackageManager(  424):   Scheme: "smsto"
I/PackageManager(  424): Checking replace of preferred:
I/PackageManager(  424):   Action: "android.intent.action.SENDTO"
I/PackageManager(  424):   Category: "android.intent.category.DEFAULT"
I/PackageManager(  424):   Scheme: "mms"
I/PackageManager(  424):   -- CUR: mMatch=2097152
I/PackageManager(  424):   -- CUR: mSet=[com.android.mms/.ui.ComposeMessageActivity]
I/PackageManager(  424):   -- CUR: mComponent=com.android.mms/.ui.ComposeMessageActivity
I/PackageManager(  424):   -- NEW: mMatch=2097152
I/PackageManager(  424):   -- CUR: mSet=[ComponentInfo{com.android.mms/com.android.mms.ui.ComposeMessageActivity}]
I/PackageManager(  424):   -- CUR: mComponent=com.android.mms/.ui.ComposeMessageActivity
I/PackageManager(  424): Replacing with same preferred activity com.android.mms/.ui.ComposeMessageActivity for user 0:
I/PackageManager(  424):   Action: "android.intent.action.SENDTO"
I/PackageManager(  424):   Category: "android.intent.category.DEFAULT"
I/PackageManager(  424):   Scheme: "mms"
I/PackageManager(  424): Checking replace of preferred:
I/PackageManager(  424):   Action: "android.intent.action.SENDTO"
I/PackageManager(  424):   Category: "android.intent.category.DEFAULT"
I/PackageManager(  424):   Scheme: "mmsto"
I/PackageManager(  424):   -- CUR: mMatch=2097152
I/PackageManager(  424):   -- CUR: mSet=[com.android.mms/.ui.ComposeMessageActivity]
I/PackageManager(  424):   -- CUR: mComponent=com.android.mms/.ui.ComposeMessageActivity
I/PackageManager(  424):   -- NEW: mMatch=2097152
I/PackageManager(  424):   -- CUR: mSet=[ComponentInfo{com.android.mms/com.android.mms.ui.ComposeMessageActivity}]
I/PackageManager(  424):   -- CUR: mComponent=com.android.mms/.ui.ComposeMessageActivity
I/PackageManager(  424): Replacing with same preferred activity com.android.mms/.ui.ComposeMessageActivity for user 0:
I/PackageManager(  424):   Action: "android.intent.action.SENDTO"
I/PackageManager(  424):   Category: "android.intent.category.DEFAULT"
I/PackageManager(  424):   Scheme: "mmsto"
I/ValidateNoPeople(  424): skipping global notification
D/ZenLog  (  424): disable_effects: -1|android|17040614|null|1000,booleanState
I/ValidateNoPeople(  424): skipping global notification
D/ZenLog  (  424): disable_effects: -1|android|17040622|null|1000,booleanState
D/MtpService( 1028): updating state; isCurrentUser=true, mMtpLocked=false
D/MtpService( 1028): addStorageLocked 65537 /storage/emulated/0
D/MtpService( 1028): updating state; isCurrentUser=true, mMtpLocked=false
D/MtpService( 1028): starting MTP server in MTP mode
D/MtpService( 1028): addStorageLocked 65537 /storage/emulated/0
D/UsbDebuggingManager(  424): Received public key: QAAAAG16UlebYGNna9DWc/r5frjxz5HCr7r5Av+Ll291EC9Jjjc/MFbcIzoWK3IgaOyNZJQ7+A54JZGR96tuGqnEBNDMLSeRr1BGR+/Vm4aoaO0g7d9k44eMZ4NFtynJQIZeQHCvVhjGcS3PnUIw4Skgc0HB+f7GGMziI4ZmJ+CF28z6/7CV551JnvbugHuAlBGfipH8UDVswA0Ta1fii58swti32jHmKOytQVCQZWyM83Pk8KyNiMupvwrQc0qsUR2CDfB7iDHmxJgT3JKud19qLEwAs71GtSB3qG57Ct9VvDXUQjCkhWPNazcGAVtzdy/itC92D0kpoTOR3baxdSeaLYa/nIa7uRXDuJxIvjYp2/NMnZ6G8ZXYEVgRQ16tbYLj/FCTkHbZkC4+43oO3CW02rvttmbUi3Ps8/cZxH6NkVlC65MSnwEXUkISy5DwF0zELRty6qzYck/0iTngIOMmYKdnZKMf0DE6cwL+mLx+KyLq4H+X6HNWk/HfNky2t1takjZxTg2rKLhdkfSpCIt2lDWiDkZ47BO44NdnJsJhJyI9/3oeLiQ1F6qTTQnlYuWb7PNl4TOMlCHFWnd+QLGHt37iQS4LA385+Fu+tlYqg44xhmZDCiYfki013YW+xC2UIdwjdg3+Bui67DzxB0pDV6ZDBjS4J1yJyRrh/S2O0IYpg+wDJAEAAQA= unknown@unknown
W/ContextImpl(  424): Calling a method in the system process without a qualified user: android.app.ContextImpl.startActivity:1218 com.android.server.usb.UsbDebuggingManager.startConfirmationActivity:269 com.android.server.usb.UsbDebuggingManager.startConfirmation:251 com.android.server.usb.UsbDebuggingManager.access$900:49 com.android.server.usb.UsbDebuggingManager$UsbDebuggingHandler.handleMessage:212 
W/ContextImpl(  424): Calling a method in the system process without a qualified user: android.app.ContextImpl.startActivity:1230 android.app.ContextImpl.startActivity:1219 com.android.server.usb.UsbDebuggingManager.startConfirmationActivity:269 com.android.server.usb.UsbDebuggingManager.startConfirmation:251 com.android.server.usb.UsbDebuggingManager.access$900:49 
I/ActivityManager(  424): START u0 {flg=0x10000000 cmp=com.android.systemui/.usb.UsbDebuggingActivity (has extras)} from uid 1000 on display 0
V/KeyEvent( 1090): Reset: android.view.KeyEvent$DispatcherState@2a6ae22
V/CKL_TEST(  771): in function setView
E/BufferQueueProducer(  122): [com.android.systemui/com.android.systemui.usb.UsbDebuggingActivity] dequeueBuffer: can't dequeue multiple buffers without setting the buffer count
V/KeyEvent(  771): Reset: android.view.KeyEvent$DispatcherState@305a2284
I/ActivityManager(  424): Displayed com.android.systemui/.usb.UsbDebuggingActivity: +534ms
I/CKL_TEST(  771): in ViewPostImeInputStage
I/CKL_TEST(  771): in ViewPostImeInputStage
I/CKL_TEST(  771): in ViewPostImeInputStage
I/CKL_TEST(  771): in ViewPostImeInputStage
I/CKL_TEST(  771): in ViewPostImeInputStage
I/CKL_TEST(  771): in ViewPostImeInputStage
I/CKL_TEST(  771): in ViewPostImeInputStage
I/CKL_TEST(  771): in ViewPostImeInputStage
I/CKL_TEST(  771): in ViewPostImeInputStage
I/CKL_TEST(  771): in ViewPostImeInputStage
I/CKL_TEST(  771): in ViewPostImeInputStage
I/CKL_TEST(  771): in ViewPostImeInputStage
I/CKL_TEST(  771): in ViewPostImeInputStage
I/CKL_TEST(  771): in ViewPostImeInputStage
D/TaskPersister(  424): removeObsoleteFile: deleting file=2_task_thumbnail.png
I/CKL_TEST(  771): in ViewPostImeInputStage
I/CKL_TEST(  771): in ViewPostImeInputStage
I/CKL_TEST(  771): in ViewPostImeInputStage
I/CKL_TEST(  771): in ViewPostImeInputStage
I/CKL_TEST(  771): in ViewPostImeInputStage
I/CKL_TEST(  771): in ViewPostImeInputStage
I/CKL_TEST(  771): in ViewPostImeInputStage
I/CKL_TEST(  771): in ViewPostImeInputStage
W/AudioPolicyManager(  128): getOutput() could not find output for stream 1, samplingRate 0,format 0, channels 3, flags 0
W/AudioPolicyManager(  128): getOutput() could not find output for stream 1, samplingRate 0,format 0, channels 3, flags 0
W/AudioPolicyManager(  128): getOutput() could not find output for stream 1, samplingRate 48000,format 1, channels 3, flags 4
E/AudioTrack(  424): Could not get audio output for stream type 1, usage 13, sample rate 48000, format 0x1, channel mask 0x3, flags 0x4
E/SoundPool(  424): Error creating AudioTrack
V/KeyEvent( 1090): Reset: android.view.KeyEvent$DispatcherState@2a6ae22
W/InputMethodManagerService(  424): Window already focused, ignoring focus gain of: com.android.internal.view.IInputMethodClient$Stub$Proxy@2731491a attribute=null, token = android.os.BinderProxy@398cdb9a
V/KeyEvent(  771): Reset: android.view.KeyEvent$DispatcherState@305a2284
D/OpenGLRenderer(  771): endAllStagingAnimators on 0x61a4ce80 (RippleDrawable) with handle 0x608c4ee0
D/TaskPersister(  424): removeObsoleteFile: deleting file=2_task.xml
D/TaskPersister(  424): removeObsoleteFile: deleting file=3_task_thumbnail.png
I/CKL_TEST(  771): in ViewPostImeInputStage
V/DeadZone(  771): consuming errant click: (388.35272,1.0587158)
I/CKL_TEST(  771): in ViewPostImeInputStage
I/CKL_TEST(  771): in ViewPostImeInputStage
I/CKL_TEST(  771): in ViewPostImeInputStage
I/CKL_TEST(  771): in ViewPostImeInputStage
I/CKL_TEST(  771): in ViewPostImeInputStage
I/CKL_TEST(  771): in ViewPostImeInputStage
I/CKL_TEST( 1090): in ViewPostImeInputStage
I/CKL_TEST(  771): in ViewPostImeInputStage
I/CKL_TEST(  771): in ViewPostImeInputStage
I/CKL_TEST( 1090): in ViewPostImeInputStage
I/CKL_TEST( 1090): in ViewPostImeInputStage
I/CKL_TEST( 1090): in ViewPostImeInputStage
I/CKL_TEST( 1090): in ViewPostImeInputStage
I/CKL_TEST( 1090): in ViewPostImeInputStage
I/CKL_TEST( 1090): in ViewPostImeInputStage
I/CKL_TEST( 1090): in ViewPostImeInputStage
I/CKL_TEST( 1090): in ViewPostImeInputStage
I/CKL_TEST( 1090): in ViewPostImeInputStage
I/CKL_TEST( 1090): in ViewPostImeInputStage
I/CKL_TEST(  771): in ViewPostImeInputStage
V/CKL_TEST(  771): home touch
I/CKL_TEST(  771): in ViewPostImeInputStage
V/CKL_TEST(  771): home touch
I/CKL_TEST(  771): in ViewPostImeInputStage
V/CKL_TEST(  771): home touch
I/CKL_TEST(  771): in ViewPostImeInputStage
V/CKL_TEST(  771): home touch
I/CKL_TEST(  771): in ViewPostImeInputStage
V/CKL_TEST(  771): home touch
I/CKL_TEST(  771): in ViewPostImeInputStage
V/CKL_TEST(  771): home touch
I/CKL_TEST(  771): in ViewPostImeInputStage
V/CKL_TEST(  771): home touch
I/CKL_TEST(  771): in ViewPostImeInputStage
V/CKL_TEST(  771): home touch
I/CKL_TEST(  771): in ViewPostImeInputStage
V/CKL_TEST(  771): home touch
I/CKL_TEST(  771): in ViewPostImeInputStage
V/CKL_TEST(  771): home touch
I/CKL_TEST(  771): in ViewPostImeInputStage
V/CKL_TEST(  771): home touch
V/CKL_TEST(  424): in the KEYCODE_HOME
I/WindowManager(  424): Ignoring HOME; event canceled.
I/CKL_TEST(  771): in ViewPostImeInputStage
V/DeadZone(  771): consuming errant click: (135.77371,9.048706)
I/CKL_TEST(  771): in ViewPostImeInputStage
I/CKL_TEST(  771): in ViewPostImeInputStage
I/CKL_TEST(  771): in ViewPostImeInputStage
I/CKL_TEST(  771): in ViewPostImeInputStage
