E/OMXNodeInstance(  128): getParameter(100663297) ERROR: 0x8000101a
E/OMXNodeInstance(  128): getParameter(100663311) ERROR: 0x8000101a
E/OMXNodeInstance(  128): getParameter(100663297) ERROR: 0x8000101a
E/OMXNodeInstance(  128): getParameter(100663311) ERROR: 0x8000101a
E/OMXNodeInstance(  128): getParameter(100663297) ERROR: 0x8000101a
E/OMXNodeInstance(  128): getParameter(100663311) ERROR: 0x8000101a
E/OMXNodeInstance(  128): getParameter(100663297) ERROR: 0x8000101a
E/OMXNodeInstance(  128): getParameter(100663311) ERROR: 0x8000101a
E/OMXNodeInstance(  128): getParameter(100663297) ERROR: 0x8000101a
E/OMXNodeInstance(  128): getParameter(100663311) ERROR: 0x8000101a
E/OMXNodeInstance(  128): getParameter(100663297) ERROR: 0x8000101a
E/OMXNodeInstance(  128): getParameter(100663311) ERROR: 0x8000101a
E/OMXNodeInstance(  128): getParameter(100663297) ERROR: 0x8000101a
E/OMXNodeInstance(  128): getParameter(100663311) ERROR: 0x8000101a
E/OMXNodeInstance(  128): getParameter(100663297) ERROR: 0x8000101a
E/OMXNodeInstance(  128): getParameter(100663311) ERROR: 0x8000101a
E/OMXNodeInstance(  128): getParameter(100663297) ERROR: 0x8000101a
E/OMXNodeInstance(  128): getParameter(100663311) ERROR: 0x8000101a
E/OMXNodeInstance(  128): getParameter(100663297) ERROR: 0x8000101a
E/OMXNodeInstance(  128): getParameter(100663311) ERROR: 0x8000101a
E/OMXNodeInstance(  128): getParameter(100663297) ERROR: 0x8000101a
E/OMXNodeInstance(  128): getParameter(100663311) ERROR: 0x8000101a
E/OMXNodeInstance(  128): getParameter(100663297) ERROR: 0x8000101a
E/OMXNodeInstance(  128): getParameter(100663311) ERROR: 0x8000100e
E/OMXNodeInstance(  128): getParameter(100663297) ERROR: 0x8000100e
E/OMXNodeInstance(  128): OMX_GetExtensionIndex OMX.google.android.index.storeMetaDataInBuffers failed
E/OMXNodeInstance(  128): getParameter(100663311) ERROR: 0x8000100e
E/OMXNodeInstance(  128): getParameter(100663297) ERROR: 0x8000100e
E/OMXNodeInstance(  128): OMX_GetExtensionIndex OMX.google.android.index.storeMetaDataInBuffers failed
E/OMXNodeInstance(  128): getParameter(100663311) ERROR: 0x8000100e
E/OMXNodeInstance(  128): getParameter(100663297) ERROR: 0x8000100e
E/OMXNodeInstance(  128): OMX_GetExtensionIndex OMX.google.android.index.storeMetaDataInBuffers failed
D/SoftHEVC(  128): Number of CPU cores: 2
D/SoftHEVC(  128): Initializing decoder
D/PermissionMonitor(  424): Monitoring
D/PermissionMonitor(  424): Users: 1, Apps: 26
D/SoftHEVC(  128): Set number of cores to 2
D/SoftHEVC(  128): Ittiam decoder version number: @(#)Id:HEVCDEC_production Ver:04.01 Released by ITTIAM Build: Dec 30 2015 @ 01:49:35
E/OMXNodeInstance(  128): getParameter(100663311) ERROR: 0x8000100e
E/OMXNodeInstance(  128): getParameter(100663297) ERROR: 0x8000100e
E/OMXNodeInstance(  128): OMX_GetExtensionIndex OMX.google.android.index.storeMetaDataInBuffers failed
D/SoftHEVC(  128): Freeing codec memory
D/SoftHEVC(  128): Number of CPU cores: 2
D/SoftHEVC(  128): Initializing decoder
D/SoftHEVC(  128): Set number of cores to 2
D/SoftHEVC(  128): Ittiam decoder version number: @(#)Id:HEVCDEC_production Ver:04.01 Released by ITTIAM Build: Dec 30 2015 @ 01:49:35
D/BluetoothManagerService(  424): Message: 20
D/BluetoothManagerService(  424): Added callback: android.bluetooth.BluetoothAdapter$1@32b8b570:true
D/BluetoothManagerService(  424): Message: 30
D/SoftHEVC(  128): In SoftHEVC::~SoftHEVC
D/SoftHEVC(  128): Freeing codec memory
E/BluetoothHeadset(  424): Could not bind to Bluetooth Headset Service with Intent { act=android.bluetooth.IBluetoothHeadset }
D/BluetoothManagerService(  424): Message: 30
E/BluetoothA2dp(  424): Could not bind to Bluetooth A2DP Service with Intent { act=android.bluetooth.IBluetoothA2dp }
E/OMXNodeInstance(  128): getParameter(100663311) ERROR: 0x8000100e
E/OMXNodeInstance(  128): getParameter(100663297) ERROR: 0x8000100e
E/OMXNodeInstance(  128): OMX_GetExtensionIndex OMX.google.android.index.storeMetaDataInBuffers failed
E/OMXNodeInstance(  128): getParameter(100663311) ERROR: 0x8000100e
E/OMXNodeInstance(  128): getParameter(100663297) ERROR: 0x8000100e
E/OMXNodeInstance(  128): OMX_GetExtensionIndex OMX.google.android.index.storeMetaDataInBuffers failed
I/SoftMPEG4Encoder(  128): Construct SoftMPEG4Encoder
E/OMXNodeInstance(  128): getParameter(100663311) ERROR: 0x8000100e
W/ACodec  (  128): do not know color format 0x7f000789 = 2130708361
E/OMXNodeInstance(  128): getParameter(100663297) ERROR: 0x8000100e
D/NuPlayerDriver(  128): start(0x76053d00)
I/GenericSource(  128): start
I/SoftAVCEncoder(  128): Construct SoftAVCEncoder
E/OMXNodeInstance(  128): getParameter(100663311) ERROR: 0x8000100e
W/ACodec  (  128): do not know color format 0x7f000789 = 2130708361
E/OMXNodeInstance(  128): getParameter(100663297) ERROR: 0x8000100e
I/SoftMPEG4Encoder(  128): Construct SoftMPEG4Encoder
E/OMXNodeInstance(  128): getParameter(100663311) ERROR: 0x8000100e
W/ACodec  (  128): do not know color format 0x7f000789 = 2130708361
E/OMXNodeInstance(  128): getParameter(100663297) ERROR: 0x8000100e
E/OMXNodeInstance(  128): getParameter(100663311) ERROR: 0x8000100e
W/ACodec  (  128): do not know color format 0x7f000789 = 2130708361
E/OMXNodeInstance(  128): getParameter(100663297) ERROR: 0x8000100e
E/NuPlayer(  128): feedDecoderInputData getCurrentPosition failed.
E/NuPlayer(  128): feedDecoderInputData getCurrentPosition failed.
E/NuPlayer(  128): feedDecoderInputData getCurrentPosition failed.
E/NuPlayer(  128): feedDecoderInputData getCurrentPosition failed.
E/NuPlayer(  128): feedDecoderInputData getCurrentPosition failed.
E/NuPlayer(  128): feedDecoderInputData getCurrentPosition failed.
E/NuPlayer(  128): feedDecoderInputData getCurrentPosition failed.
E/NuPlayer(  128): feedDecoderInputData getCurrentPosition failed.
E/NuPlayer(  128): feedDecoderInputData getCurrentPosition failed.
E/NuPlayer(  128): feedDecoderInputData getCurrentPosition failed.
E/NuPlayer(  128): feedDecoderInputData getCurrentPosition failed.
E/NuPlayer(  128): feedDecoderInputData getCurrentPosition failed.
E/NuPlayer(  128): feedDecoderInputData getCurrentPosition failed.
D/NuPlayerDriver(  128): reset(0x76053d00)
D/NuPlayerDriver(  128): notifyResetComplete(0x76053d00)
E/NuPlayer(  128): feedDecoderInputData getCurrentPosition failed.
D/NuPlayerDriver(  128): reset(0x7570d040)
D/NuPlayerDriver(  128): notifyResetComplete(0x7570d040)
D/NuPlayerDriver(  128): start(0x73e40040)
I/GenericSource(  128): start
D/NuPlayerDriver(  128): start(0x73f94040)
I/GenericSource(  128): start
D/GpsLocationProvider(  424): Reset GPS properties, previous size = 0
D/GpsLocationProvider(  424): GpsParamsResource: SUPL_HOST=supl.google.com
D/GpsLocationProvider(  424): GpsParamsResource: SUPL_PORT=7275
D/GpsLocationProvider(  424): GpsParamsResource: NTP_SERVER=north-america.pool.ntp.org
D/GpsLocationProvider(  424): GpsParamsResource: SUPL_VER=0x20000
D/GpsLocationProvider(  424): GpsParamsResource: SUPL_MODE=1
W/GpsLocationProvider(  424): Could not open GPS configuration file /etc/gps.conf
D/GpsLocationProvider(  424): GPS properties reloaded, size = 5
E/GpsLocationProvider(  424): no AGPS interface in set_agps_server
E/GpsLocationProvider(  424): no GPS configuration interface in configuraiton_update
D/GpsLocationProvider(  424): final config = #Thu Jan 01 08:04:12 GMT+08:00 1970
D/GpsLocationProvider(  424): SUPL_VER=0x20000
D/GpsLocationProvider(  424): SUPL_HOST=supl.google.com
D/GpsLocationProvider(  424): NTP_SERVER=north-america.pool.ntp.org
D/GpsLocationProvider(  424): SUPL_PORT=7275
D/GpsLocationProvider(  424): SUPL_MODE=1
E/NuPlayer(  128): feedDecoderInputData getCurrentPosition failed.
E/NuPlayer(  128): feedDecoderInputData getCurrentPosition failed.
E/NuPlayer(  128): feedDecoderInputData getCurrentPosition failed.
E/NuPlayer(  128): feedDecoderInputData getCurrentPosition failed.
E/NuPlayer(  128): feedDecoderInputData getCurrentPosition failed.
E/NuPlayer(  128): feedDecoderInputData getCurrentPosition failed.
E/FlpHardwareProvider(  424): Error hw_get_module 'flp': -2
E/NuPlayer(  128): feedDecoderInputData getCurrentPosition failed.
E/NuPlayer(  128): feedDecoderInputData getCurrentPosition failed.
E/NuPlayer(  128): feedDecoderInputData getCurrentPosition failed.
E/NuPlayer(  128): feedDecoderInputData getCurrentPosition failed.
E/ActivityRecognitionHardware(  424): Error hw_get_module: -2
E/NuPlayer(  128): feedDecoderInputData getCurrentPosition failed.
E/NuPlayer(  128): feedDecoderInputData getCurrentPosition failed.
D/NuPlayerDriver(  128): reset(0x73e40040)
E/NuPlayer(  128): feedDecoderInputData getCurrentPosition failed.
I/CommonTimeManagementService(  424): No common time service detected on this platform.  Common time services will be unavailable.
D/NuPlayerDriver(  128): notifyResetComplete(0x73e40040)
I/InputReader(  424): Reconfiguring input devices.  changes=0x00000020
I/InputReader(  424): Reconfiguring input devices.  changes=0x00000010
D/NuPlayerDriver(  128): reset(0x73f94040)
D/NuPlayerDriver(  128): notifyResetComplete(0x73f94040)
I/CKL_TEST(  424): mActivityManagerService.systemReady finsh in 253427ms
I/art     (  133): Explicit concurrent mark sweep GC freed 703(30KB) AllocSpace objects, 0(0B) LOS objects, 90% free, 110KB/1134KB, paused 390us total 33.982ms
D/NuPlayerDriver(  128): start(0x7570d040)
I/GenericSource(  128): start
E/NuPlayer(  128): feedDecoderInputData getCurrentPosition failed.
E/NuPlayer(  128): feedDecoderInputData getCurrentPosition failed.
E/NuPlayer(  128): feedDecoderInputData getCurrentPosition failed.
I/art     (  133): Explicit concurrent mark sweep GC freed 8(256B) AllocSpace objects, 0(0B) LOS objects, 90% free, 110KB/1134KB, paused 327us total 32.578ms
E/NuPlayer(  128): feedDecoderInputData getCurrentPosition failed.
E/NuPlayer(  128): feedDecoderInputData getCurrentPosition failed.
E/NuPlayer(  128): feedDecoderInputData getCurrentPosition failed.
I/art     (  133): Explicit concurrent mark sweep GC freed 5(160B) AllocSpace objects, 0(0B) LOS objects, 90% free, 110KB/1134KB, paused 347us total 20.787ms
D/NuPlayerDriver(  128): start(0x76053d00)
I/GenericSource(  128): start
D/NuPlayerDriver(  128): reset(0x7570d040)
D/NuPlayerDriver(  128): notifyResetComplete(0x7570d040)
I/FusedLocation(  424): engine started (com.android.location.fused)
E/NuPlayer(  128): feedDecoderInputData getCurrentPosition failed.
E/NuPlayer(  128): feedDecoderInputData getCurrentPosition failed.
E/NuPlayer(  128): feedDecoderInputData getCurrentPosition failed.
E/NuPlayer(  128): feedDecoderInputData getCurrentPosition failed.
E/NuPlayer(  128): feedDecoderInputData getCurrentPosition failed.
E/NuPlayer(  128): feedDecoderInputData getCurrentPosition failed.
D/NuPlayerDriver(  128): reset(0x76053d00)
D/NuPlayerDriver(  128): notifyResetComplete(0x76053d00)
I/LatinIME(  920): Hardware accelerated drawing: true
D/NuPlayerDriver(  128): start(0x73e40040)
I/GenericSource(  128): start
E/NuPlayer(  128): feedDecoderInputData getCurrentPosition failed.
E/NuPlayer(  128): feedDecoderInputData getCurrentPosition failed.
E/NuPlayer(  128): feedDecoderInputData getCurrentPosition failed.
E/NuPlayer(  128): feedDecoderInputData getCurrentPosition failed.
E/NuPlayer(  128): feedDecoderInputData getCurrentPosition failed.
E/NuPlayer(  128): feedDecoderInputData getCurrentPosition failed.
D/GpsNetInitiatedHandler(  424): location enabled :false
D/NuPlayerDriver(  128): reset(0x73e40040)
D/NuPlayerDriver(  128): notifyResetComplete(0x73e40040)
D/BluetoothManagerService(  424): Message: 300
D/BluetoothManagerService(  424): MESSAGE_USER_SWITCHED
I/art     (  771): Background sticky concurrent mark sweep GC freed 5090(305KB) AllocSpace objects, 0(0B) LOS objects, 29% free, 797KB/1135KB, paused 2.294ms total 118.848ms
D/PermissionCache(  122): checking android.permission.HARDWARE_TEST for uid=1000 => granted (285 us)
D/NuPlayerDriver(  128): start(0x73f94040)
I/GenericSource(  128): start
E/NuPlayer(  128): feedDecoderInputData getCurrentPosition failed.
E/NuPlayer(  128): feedDecoderInputData getCurrentPosition failed.
E/NuPlayer(  128): feedDecoderInputData getCurrentPosition failed.
E/NuPlayer(  128): feedDecoderInputData getCurrentPosition failed.
E/NuPlayer(  128): feedDecoderInputData getCurrentPosition failed.
E/NuPlayer(  128): feedDecoderInputData getCurrentPosition failed.
D/VolumeUI(  771): Registering volume controller
D/NuPlayerDriver(  128): reset(0x73f94040)
D/NuPlayerDriver(  128): notifyResetComplete(0x73f94040)
W/InputAttributes(  920): No editor info for this field. Bug?
W/art     (  771): Suspending all threads took: 21.066ms
I/art     (  771): Background partial concurrent mark sweep GC freed 2566(148KB) AllocSpace objects, 0(0B) LOS objects, 51% free, 960KB/1984KB, paused 25.064ms total 77.905ms
I/LatinIME:LogUtils(  920): Dictionary info: dictionary = userunigram.en_US ; version = 253 ; date = ?
I/LatinIME:LogUtils(  920): Dictionary info: dictionary = UserHistoryDictionary.en_US ; version = 253 ; date = ?
I/LatinIME:LogUtils(  920): Dictionary info: dictionary = ContextualDictionary.en_US ; version = 253 ; date = ?
I/LatinIME:LogUtils(  920): Dictionary info: dictionary = PersonalizationDictionary.en_US ; version = 253 ; date = ?
I/LatinIME:LogUtils(  920): Dictionary info: dictionary = PersonalizationDictionary.en_US ; version = 253 ; date = ?
D/BluetoothManagerService(  424): Message: 20
D/BluetoothManagerService(  424): Added callback: android.bluetooth.IBluetoothManagerCallback$Stub$Proxy@2e13b349:true
I/LatinIME:LogUtils(  920): Dictionary info: dictionary = contacts.en_US ; version = 253 ; date = ?
I/LatinIME:LogUtils(  920): Dictionary info: dictionary = PersonalizationDictionary.en_US ; version = 253 ; date = ?
D/BluetoothManagerService(  424): Message: 30
E/BluetoothHeadset(  980): Could not bind to Bluetooth Headset Service with Intent { act=android.bluetooth.IBluetoothHeadset }
D/NuPlayerDriver(  128): start(0x7570d040)
I/GenericSource(  128): start
E/NuPlayer(  128): feedDecoderInputData getCurrentPosition failed.
E/NuPlayer(  128): feedDecoderInputData getCurrentPosition failed.
E/NuPlayer(  128): feedDecoderInputData getCurrentPosition failed.
E/NuPlayer(  128): feedDecoderInputData getCurrentPosition failed.
E/NuPlayer(  128): feedDecoderInputData getCurrentPosition failed.
E/NuPlayer(  128): feedDecoderInputData getCurrentPosition failed.
D/NuPlayerDriver(  128): reset(0x7570d040)
D/NuPlayerDriver(  128): notifyResetComplete(0x7570d040)
E/AudioPolicyManager(  128): getDeviceForStrategy() speaker device not found for STRATEGY_SONIFICATION
E/AudioPolicyManager(  128): getDeviceForStrategy() speaker device not found for STRATEGY_SONIFICATION
E/AudioPolicyManager(  128): getDeviceForStrategy() speaker device not found for STRATEGY_SONIFICATION
E/AudioPolicyManager(  128): getDeviceForStrategy() speaker device not found for STRATEGY_SONIFICATION
D/ResolverActivity( 1090): sinceTime=-1209345891
D/BluetoothManagerService(  424): Message: 30
E/BluetoothHeadset(  980): Could not bind to Bluetooth Headset Service with Intent { act=android.bluetooth.IBluetoothHeadset }
V/PackageManager(  424): Querying last chosen activity for Intent { act=android.intent.action.MAIN cat=[android.intent.category.HOME] flg=0x10000008 }
--------- beginning of system
V/IntentResolver(  424): Matching against filter ActivityIntentInfo{2d52e541 com.android.settings/.Settings$BluetoothSettingsActivity}
V/IntentResolver(  424):   Filter did not match: category
V/IntentResolver(  424): Matching against filter ActivityIntentInfo{1de73827 com.android.settings/.Settings$TetherSettingsActivity}
V/IntentResolver(  424):   Filter did not match: category
V/IntentResolver(  424): Matching against filter ActivityIntentInfo{3b8fad4 com.android.settings/.Settings$WifiP2pSettingsActivity}
V/IntentResolver(  424):   Filter did not match: category
V/IntentResolver(  424): Matching against filter ActivityIntentInfo{627947d com.android.settings/.Settings$VpnSettingsActivity}
V/IntentResolver(  424):   Filter did not match: category
V/IntentResolver(  424): Matching against filter ActivityIntentInfo{3c67f72 com.android.settings/.Settings$DateTimeSettingsActivity}
V/IntentResolver(  424):   Filter did not match: category
V/IntentResolver(  424): Matching against filter ActivityIntentInfo{1a852fc3 com.android.settings/.DateTimeSettingsSetupWizard}
V/IntentResolver(  424):   Filter did not match: category
V/IntentResolver(  424): Matching against filter ActivityIntentInfo{1314f040 com.android.settings/.Settings$LocalePickerActivity}
V/IntentResolver(  424):   Filter did not match: category
V/IntentResolver(  424): Matching against filter ActivityIntentInfo{129dfb79 com.android.settings/.Settings$InputMethodAndLanguageSettingsActivity}
V/IntentResolver(  424):   Filter did not match: category
V/IntentResolver(  424): Matching against filter ActivityIntentInfo{87920be com.android.settings/.Settings$VoiceInputSettingsActivity}
V/IntentResolver(  424):   Filter did not match: category
V/IntentResolver(  424): Matching against filter ActivityIntentInfo{1481051f com.android.settings/.Settings$KeyboardLayoutPickerActivity}
V/IntentResolver(  424):   Filter did not match: category
V/IntentResolver(  424): Matching against filter ActivityIntentInfo{1f78d06c com.android.settings/.Settings$SpellCheckersSettingsActivity}
V/IntentResolver(  424):   Filter did not match: category
V/IntentResolver(  424): Matching against filter ActivityIntentInfo{1579d635 com.android.settings/.inputmethod.InputMethodAndSubtypeEnablerActivity}
V/IntentResolver(  424):   Filter did not match: category
V/IntentResolver(  424): Matching against filter ActivityIntentInfo{26228aca com.android.settings/.Settings$UserDictionarySettingsActivity}
V/IntentResolver(  424):   Filter did not match: category
V/IntentResolver(  424): Matching against filter ActivityIntentInfo{27588758 com.android.settings/.Settings$ZenModeSettingsActivity}
V/IntentResolver(  424):   Filter did not match: category
V/IntentResolver(  424): Matching against filter ActivityIntentInfo{3ffea0b1 com.android.settings/.Settings$HomeSettingsActivity}
V/IntentResolver(  424):   Filter did not match: category
V/IntentResolver(  424): Matching against filter ActivityIntentInfo{e468996 com.android.settings/.Settings$DisplaySettingsActivity}
V/IntentResolver(  424):   Filter did not match: category
V/IntentResolver(  424): Matching against filter ActivityIntentInfo{11f87917 com.android.settings/.Settings$DeviceInfoSettingsActivity}
V/IntentResolver(  424):   Filter did not match: category
V/IntentResolver(  424): Matching against filter ActivityIntentInfo{34d9a922 com.android.settings/.Settings$ManageApplicationsActivity}
V/IntentResolver(  424):   Filter did not match: category
V/IntentResolver(  424): Matching against filter ActivityIntentInfo{3c64e970 com.android.settings/.Settings$RunningServicesActivity}
V/IntentResolver(  424):   Filter did not match: category
V/IntentResolver(  424): Matching against filter ActivityIntentInfo{32b7b4e9 com.android.settings/.Settings$StorageUseActivity}
V/IntentResolver(  424):   Filter did not match: category
V/IntentResolver(  424): Matching against filter ActivityIntentInfo{268d356e com.android.settings/.Settings$NotificationStationActivity}
V/IntentResolver(  424):   Filter did not match: category
V/IntentResolver(  424): Matching against filter ActivityIntentInfo{317b740f com.android.settings/.Settings$LocationSettingsActivity}
V/IntentResolver(  424):   Filter did not match: category
V/IntentResolver(  424): Matching against filter ActivityIntentInfo{1872c9c com.android.settings/.Settings$SecuritySettingsActivity}
V/IntentResolver(  424):   Filter did not match: category
V/IntentResolver(  424): Matching against filter ActivityIntentInfo{32cdb6a5 com.android.settings/.MonitoringCertInfoActivity}
V/IntentResolver(  424):   Filter did not match: category
V/IntentResolver(  424): Matching against filter ActivityIntentInfo{37db3a7a com.android.settings/.Settings$TrustedCredentialsSettingsActivity}
V/IntentResolver(  424):   Filter did not match: category
V/IntentResolver(  424): Matching against filter ActivityIntentInfo{885422b com.android.settings/.Settings$PrivacySettingsActivity}
V/IntentResolver(  424):   Filter did not match: category
V/IntentResolver(  424): Matching against filter ActivityIntentInfo{31881821 com.android.settings/.Settings$DeviceAdminSettingsActivity}
V/IntentResolver(  424):   Filter did not match: category
V/IntentResolver(  424): Matching against filter ActivityIntentInfo{a13d607 com.android.settings/.Settings$UsageAccessSettingsActivity}
V/IntentResolver(  424):   Filter did not match: category
V/IntentResolver(  424): Matching against filter ActivityIntentInfo{232d155d com.android.settings/.IccLockSettings}
V/IntentResolver(  424):   Filter did not match: category
V/IntentResolver(  424): Matching against filter ActivityIntentInfo{19a29ed2 com.android.settings/.Settings$AccessibilitySettingsActivity}
V/IntentResolver(  424):   Filter did not match: category
V/IntentResolver(  424): Matching against filter ActivityIntentInfo{1f0dcba3 com.android.settings/.Settings$AccessibilityDaltonizerSettingsActivity}
V/IntentResolver(  424):   Filter did not match: category
V/IntentResolver(  424): Matching against filter ActivityIntentInfo{ffd8ea0 com.android.settings/.Settings$CaptioningSettingsActivity}
V/IntentResolver(  424):   Filter did not match: category
V/IntentResolver(  424): Matching against filter ActivityIntentInfo{2aaa59 com.android.settings/.Settings$TextToSpeechSettingsActivity}
V/IntentResolver(  424):   Filter did not match: category
V/IntentResolver(  424): Matching against filter ActivityIntentInfo{3fd29315 com.android.settings/.deviceinfo.Status}
V/IntentResolver(  424):   Filter did not match: category
V/IntentResolver(  424): Matching against filter ActivityIntentInfo{2cb7362a com.android.settings/.Settings$StorageSettingsActivity}
V/IntentResolver(  424):   Filter did not match: category
V/IntentResolver(  424): Matching against filter ActivityIntentInfo{2d64b91 com.android.settings/.MediaFormat}
V/IntentResolver(  424):   Filter did not match: category
V/IntentResolver(  424): Matching against filter ActivityIntentInfo{36a8af6 com.android.settings/.Settings$QuickLaunchSettingsActivity}
V/IntentResolver(  424):   Filter did not match: category
V/IntentResolver(  424): Matching against filter ActivityIntentInfo{1af84ef7 com.android.settings/.quicklaunch.BookmarkPicker}
V/IntentResolver(  424):   Filter did not match: category
V/IntentResolver(  424): Matching against filter ActivityIntentInfo{2dd31164 com.android.settings/.Settings$DevelopmentSettingsActivity}
V/IntentResolver(  424):   Filter did not match: category
V/IntentResolver(  424): Matching against filter ActivityIntentInfo{29830fcd com.android.settings/.Settings$PrintSettingsActivity}
V/IntentResolver(  424):   Filter did not match: category
V/IntentResolver(  424): Matching against filter ActivityIntentInfo{bd8e393 com.android.settings/.Settings$UsbSettingsActivity}
V/IntentResolver(  424):   Filter did not match: category
V/IntentResolver(  424): Matching against filter ActivityIntentInfo{38bf6b85 com.android.settings/.Settings$AndroidBeamSettingsActivity}
V/IntentResolver(  424):   Filter did not match: category
V/IntentResolver(  424): Matching against filter ActivityIntentInfo{2a217dda com.android.settings/.Settings$WifiDisplaySettingsActivity}
V/IntentResolver(  424):   Filter did not match: category
V/IntentResolver(  424): Matching against filter ActivityIntentInfo{1537320b com.android.settings/.BatteryInfo}
V/IntentResolver(  424):   Filter did not match: category
V/IntentResolver(  424): Matching against filter ActivityIntentInfo{1941d8e8 com.android.settings/.Display}
V/IntentResolver(  424):   Filter did not match: category
V/IntentResolver(  424): Matching against filter ActivityIntentInfo{3c903b01 com.android.settings/.RadioInfo}
V/IntentResolver(  424):   Filter did not match: category
V/IntentResolver(  424): Matching against filter ActivityIntentInfo{1f299da6 com.android.settings/.ProxySelector}
V/IntentResolver(  424):   Filter did not match: category
V/IntentResolver(  424): Matching against filter ActivityIntentInfo{724e3e7 com.android.settings/.BandMode}
V/IntentResolver(  424):   Filter did not match: category
V/IntentResolver(  424): Matching against filter ActivityIntentInfo{33cf9b94 com.android.settings/.TestingSettings}
V/IntentResolver(  424):   Filter did not match: category
V/IntentResolver(  424): Matching against filter ActivityIntentInfo{3651d783 com.android.settings/.UsageStatsActivity}
V/IntentResolver(  424):   Filter did not match: category
V/IntentResolver(  424): Matching against filter ActivityIntentInfo{2d4dd00 com.android.settings/.Settings$PowerUsageSummaryActivity}
V/IntentResolver(  424):   Filter did not match: category
V/IntentResolver(  424): Matching against filter ActivityIntentInfo{3df84939 com.android.settings/.Settings$BatterySaverSettingsActivity}
V/IntentResolver(  424):   Filter did not match: category
V/IntentResolver(  424): Matching against filter ActivityIntentInfo{241cbb7e com.android.settings/.Settings$AccountSettingsActivity}
V/IntentResolver(  424):   Filter did not match: category
V/IntentResolver(  424): Matching against filter ActivityIntentInfo{22d068df com.android.settings/.Settings$AccountSyncSettingsActivity}
V/IntentResolver(  424):   Filter did not match: category
V/IntentResolver(  424): Matching against filter ActivityIntentInfo{e2ac92c com.android.settings/.accounts.AddAccountSettings}
V/IntentResolver(  424):   Filter did not match: category
V/IntentResolver(  424): Matching against filter ActivityIntentInfo{158b3ff5 com.android.settings/.CryptKeeper}
V/IntentResolver(  424):   Filter matched!  match=0x108000 hasDefault=true
V/IntentResolver(  424): Matching against filter ActivityIntentInfo{645118a com.android.settings/.Settings$CryptKeeperSettingsActivity}
V/IntentResolver(  424):   Filter did not match: category
V/IntentResolver(  424): Matching against filter ActivityIntentInfo{117cb3fb com.android.settings/.Settings$DataUsageSummaryActivity}
V/IntentResolver(  424):   Filter did not match: category
V/IntentResolver(  424): Matching against filter ActivityIntentInfo{20114c18 com.android.settings/.Settings$DreamSettingsActivity}
V/IntentResolver(  424):   Filter did not match: category
V/IntentResolver(  424): Matching against filter ActivityIntentInfo{1f1ce671 com.android.settings/.Settings$UserSettingsActivity}
V/IntentResolver(  424):   Filter did not match: category
V/IntentResolver(  424): Matching against filter ActivityIntentInfo{39eabc56 com.android.settings/.Settings$PaymentSettingsActivity}
V/IntentResolver(  424):   Filter did not match: category
V/IntentResolver(  424): Matching against filter ActivityIntentInfo{6e47e2 com.android.settings/.Settings$NotificationAccessSettingsActivity}
V/IntentResolver(  424):   Filter did not match: category
V/IntentResolver(  424): Matching against filter ActivityIntentInfo{3a7a773 com.android.settings/.Settings$ConditionProviderSettingsActivity}
V/IntentResolver(  424):   Filter did not match: category
V/IntentResolver(  424): Matching against filter ActivityIntentInfo{19598630 com.android.settings/.Settings$NotificationSettingsActivity}
V/IntentResolver(  424):   Filter did not match: category
V/IntentResolver(  424): Matching against filter ActivityIntentInfo{b20f2a9 com.android.settings/.Settings$SoundSettingsActivity}
V/IntentResolver(  424):   Filter did not match: category
V/IntentResolver(  424): Matching against filter ActivityIntentInfo{1ead002e com.android.settings/.Settings$OtherSoundSettingsActivity}
V/IntentResolver(  424):   Filter did not match: category
V/IntentResolver(  424): Matching against filter ActivityIntentInfo{174b47cf com.android.settings/.Settings$AppNotificationSettingsActivity}
V/IntentResolver(  424):   Filter did not match: category
V/IntentResolver(  424): Matching against filter ActivityIntentInfo{39ed1065 com.android.settings/.Settings$SimSettingsActivity}
V/IntentResolver(  424):   Filter did not match: category
V/IntentResolver(  424): Matching against filter ActivityIntentInfo{17d231bc com.android.systemui/.DessertCase}
V/IntentResolver(  424):   Filter did not match: category
V/IntentResolver(  424): Matching against filter ActivityIntentInfo{230ea545 com.android.systemui/.egg.LLandActivity}
V/IntentResolver(  424):   Filter did not match: category
V/IntentResolver(  424): Matching against filter ActivityIntentInfo{3bf5949a com.android.systemui/.Somnambulator}
V/IntentResolver(  424):   Filter did not match: category
V/IntentResolver(  424): Matching against filter ActivityIntentInfo{11b22008 com.android.phone/.MobileNetworkSettings}
V/IntentResolver(  424):   Filter did not match: category
V/IntentResolver(  424): Matching against filter ActivityIntentInfo{1cca43a1 com.android.phone/.NetworkSetting}
V/IntentResolver(  424):   Filter did not match: category
V/IntentResolver(  424): Matching against filter ActivityIntentInfo{124009c6 com.android.phone/.GsmUmtsOptions}
V/IntentResolver(  424):   Filter did not match: category
V/IntentResolver(  424): Matching against filter ActivityIntentInfo{1d62ad87 com.android.phone/.CdmaOptions}
V/IntentResolver(  424):   Filter did not match: category
V/IntentResolver(  424): Matching against filter ActivityIntentInfo{114d34b4 com.android.phone/.GsmUmtsCallOptions}
V/IntentResolver(  424):   Filter did not match: category
V/IntentResolver(  424): Matching against filter ActivityIntentInfo{1b2678dd com.android.phone/.CdmaCallOptions}
V/IntentResolver(  424):   Filter did not match: category
V/IntentResolver(  424): Matching against filter ActivityIntentInfo{2022fc52 com.android.phone/.GsmUmtsCallForwardOptions}
V/IntentResolver(  424):   Filter did not match: category
V/IntentResolver(  424): Matching against filter ActivityIntentInfo{11329b23 com.android.phone/.GsmUmtsAdditionalCallOptions}
V/IntentResolver(  424):   Filter did not match: category
V/IntentResolver(  424): Matching against filter ActivityIntentInfo{1de2e820 com.android.phone/.CellBroadcastSms}
V/IntentResolver(  424):   Filter did not match: category
V/IntentResolver(  424): Matching against filter ActivityIntentInfo{516c5d9 com.android.phone/.FdnSetting}
V/IntentResolver(  424):   Filter did not match: category
V/IntentResolver(  424): Matching against filter ActivityIntentInfo{39d08b9e com.android.phone/.EnableIccPinScreen}
V/IntentResolver(  424):   Filter did not match: category
V/IntentResolver(  424): Matching against filter ActivityIntentInfo{289c67f com.android.phone/.ChangeIccPinScreen}
V/IntentResolver(  424):   Filter did not match: category
V/IntentResolver(  424): Matching against filter ActivityIntentInfo{145e664c com.android.phone/.DataRoamingReenable}
V/IntentResolver(  424):   Filter did not match: category
V/IntentResolver(  424): Matching against filter ActivityIntentInfo{1a24e695 com.android.phone/.RoamingSetting}
V/IntentResolver(  424):   Filter did not match: category
V/IntentResolver(  424): Matching against filter ActivityIntentInfo{c35c3aa com.android.phone/.CallFeaturesSetting}
V/IntentResolver(  424):   Filter did not match: category
V/IntentResolver(  424): Matching against filter ActivityIntentInfo{13319b38 com.android.phone/com.android.services.telephony.sip.SipSettings}
V/IntentResolver(  424):   Filter did not match: category
V/IntentResolver(  424): Matching against filter ActivityIntentInfo{24146703 com.android.server.telecom/.RespondViaSmsSettings$Settings}
V/IntentResolver(  424):   Filter did not match: category
V/IntentResolver(  424): Matching against filter ActivityIntentInfo{27e0c57 com.android.vpndialogs/.ConfirmDialog}
V/IntentResolver(  424):   Filter did not match: category
V/IntentResolver(  424): Matching against filter ActivityIntentInfo{19b7f344 com.android.vpndialogs/.ManageDialog}
V/IntentResolver(  424):   Filter did not match: category
V/IntentResolver(  424): Matching against filter ActivityIntentInfo{21bcf961 com.wss.calibrate2/.MainActivity}
V/IntentResolver(  424):   Filter did not match: category
V/IntentResolver(  424): Matching against filter ActivityIntentInfo{eac2a6a com.android.deskclock/.DeskClock}
V/IntentResolver(  424):   Filter did not match: category
V/IntentResolver(  424): Matching against filter ActivityIntentInfo{2c368b5b com.android.deskclock/.DockClock}
V/IntentResolver(  424):   Filter did not match: category
V/IntentResolver(  424): Matching against filter ActivityIntentInfo{15113ff8 com.android.deskclock/.SettingsActivity}
V/IntentResolver(  424):   Filter did not match: category
V/IntentResolver(  424): Matching against filter ActivityIntentInfo{2ba5fcd1 com.android.deskclock/.worldclock.CitiesActivity}
V/IntentResolver(  424):   Filter did not match: category
V/IntentResolver(  424): Matching against filter ActivityIntentInfo{fbc950d com.android.deskclock/.ScreensaverSettingsActivity}
V/IntentResolver(  424):   Filter did not match: category
V/IntentResolver(  424): Matching against filter ActivityIntentInfo{23edc5d com.estrongs.android.pop/.ftp.ESFtpShortcut}
V/IntentResolver(  424):   Filter did not match: category
V/IntentResolver(  424): Matching against filter ActivityIntentInfo{c11e159 com.estrongs.android.pop/.app.adgad.GdtSplashActivity}
V/IntentResolver(  424):   Filter did not match: category
V/IntentResolver(  424): Matching against filter ActivityIntentInfo{16948b1b com.example.android.home/.Home}
V/IntentResolver(  424):   Filter matched!  match=0x108000 hasDefault=true
V/IntentResolver(  424):     16e181ae com.example.android.home/.Home filter 16948b1b
V/IntentResolver(  424):     Action: "android.intent.action.MAIN"
V/IntentResolver(  424):     Category: "android.intent.category.HOME"
V/IntentResolver(  424):     Category: "android.intent.category.DEFAULT"
V/IntentResolver(  424): Matching against filter ActivityIntentInfo{311ad285 com.android.inputmethod.latin/.setup.SetupActivity}
V/IntentResolver(  424):   Filter did not match: category
V/IntentResolver(  424): Matching against filter ActivityIntentInfo{2c6e58da com.android.inputmethod.latin/.setup.SetupWizardActivity}
V/IntentResolver(  424):   Filter did not match: category
V/IntentResolver(  424): Matching against filter ActivityIntentInfo{1caa710b com.android.inputmethod.latin/.settings.SettingsActivity}
V/IntentResolver(  424):   Filter did not match: category
V/IntentResolver(  424): Matching against filter ActivityIntentInfo{1c85abe8 com.android.inputmethod.latin/.spellcheck.SpellCheckerSettingsActivity}
V/IntentResolver(  424):   Filter did not match: category
V/IntentResolver(  424): Matching against filter ActivityIntentInfo{3cbb1201 com.android.inputmethod.latin/com.android.inputmethod.dictionarypack.DictionarySettingsActivity}
V/IntentResolver(  424):   Filter did not match: category
V/IntentResolver(  424): Matching against filter ActivityIntentInfo{8e928a6 com.android.inputmethod.latin/com.android.inputmethod.dictionarypack.DownloadOverMeteredDialog}
V/IntentResolver(  424):   Filter did not match: category
V/IntentResolver(  424): Matching against filter ActivityIntentInfo{1aa83d7 com.android.quicksearchbox/.SearchActivity}
V/IntentResolver(  424):   Filter did not match: category
V/IntentResolver(  424): Matching against filter ActivityIntentInfo{10f3f6f4 com.fsl.ethernet/.MainActivity}
V/IntentResolver(  424):   Filter did not match: category
V/IntentResolver(  424): Matching against filter ActivityIntentInfo{16c737ea com.hsr.hspad/.UI.MainActivity}
V/IntentResolver(  424):   Filter did not match: category
V/IntentResolver(  424): Matching against filter ActivityIntentInfo{182da42 com.example.button_test/.MainWindow}
V/IntentResolver(  424):   Filter did not match: category
V/IntentResolver(  424): Final result list:
V/IntentResolver(  424):   ResolveInfo{1a69fe5 com.android.launcher/com.android.launcher2.Launcher m=0x108000}
V/IntentResolver(  424):   ResolveInfo{8c80aba com.example.android.home/.Home m=0x108000}
I/art     (  424): Background sticky concurrent mark sweep GC freed 24742(1723KB) AllocSpace objects, 14(246KB) LOS objects, 24% free, 5MB/7MB, paused 12.059ms total 115.686ms
V/CKL_TEST( 1090): in function setView
I/art     (  771): Background sticky concurrent mark sweep GC freed 4637(410KB) AllocSpace objects, 0(0B) LOS objects, 24% free, 1503KB/1984KB, paused 6.109ms total 56.023ms
V/KeyEvent( 1090): Reset: android.view.KeyEvent$DispatcherState@380af128
I/ActivityManager(  424): Displayed android/com.android.internal.app.ResolverActivity: +616ms
V/KeyguardServiceDelegate(  424): *** Keyguard started
W/KeyguardServiceDelegate(  424): onScreenTurnedOn(): no keyguard service!
D/        (  424): AccelSensor enable 1 , handle 0 ,mEnabled 1
E/SensorService(  424): Error activating sensor 0 (Operation not permitted)
I/MediaProvider( 1028): Upgrading media database from version 0 to 700, which will destroy all old data
D/MmsService(  994): onCreate
I/MmsServiceBroker(  424): MmsService connected
I/MmsService(  994): MmsConfigManager.loadInBackground(): mcc/mnc: 0/0
E/MmsService(  994): MmsConfigManager.load -- empty getActiveSubInfoList
D/WifiService(  424): New client listening to asynchronous messages
I/art     (  771): Background sticky concurrent mark sweep GC freed 9584(497KB) AllocSpace objects, 0(0B) LOS objects, 18% free, 2MB/2MB, paused 7.660ms total 56.933ms
D/BluetoothManagerService(  424): Message: 20
D/BluetoothManagerService(  424): Added callback: android.bluetooth.IBluetoothManagerCallback$Stub$Proxy@39251e6:true
D/BluetoothAdapter(  771): 329370210: getState() :  mService = null. Returning STATE_OFF
D/BluetoothAdapter(  771): 329370210: getState() :  mService = null. Returning STATE_OFF
D/ConnectivityService(  424): listenForNetwork for NetworkRequest [ id=2, legacyType=-1, [] ]
D/MediaProvider( 1028): Adjusting external storage paths to: /storage/emulated/0
I/CameraService(  128): getCameraCharacteristics: Switching to HAL1 shim implementation...
I/Camera2ClientBase(  128): Camera 0: Opened. Client: media (PID 128, UID 1013)
E/cutils-trace(  128): Error opening trace file: Permission denied (13)
I/FslCameraHAL(  128): camera_device open: 0
I/FslCameraHAL(  128): DeviceAdapter: Create uvc device
E/FslCameraHAL(  128): can not open camera devpath:
E/FslCameraHAL(  128): CameraHal: DeviceAdapter initialize failed
E/FslCameraHAL(  128): CameraHal: DeviceAdapter initialize failed
I/FslCameraHAL(  128): RequestManager release...
I/FslCameraHAL(  128): RequestManager release end...
I/FslCameraHAL(  128): RequestManager release...
I/FslCameraHAL(  128): RequestManager release end...
E/Camera2-Device(  128): initialize: Could not open camera 0: Invalid argument (-22)
E/Camera2ClientBase(  128): initialize: Camera 0: unable to initialize device: Invalid argument (-22)
I/Camera2Client(  128): Camera 0: Closed
I/Camera2ClientBase(  128): Closed Camera 0. Client was: media (PID 128, UID 1013)
D/NuPlayerDriver(  128): reset(0x7570d040)
D/NuPlayerDriver(  128): notifyResetComplete(0x7570d040)
D/NuPlayerDriver(  128): reset(0x7570d280)
D/NuPlayerDriver(  128): notifyResetComplete(0x7570d280)
W/CameraManager(  771): Error querying camera device 0 for listing.
D/BluetoothAdapter(  771): 329370210: getState() :  mService = null. Returning STATE_OFF
D/BluetoothAdapter(  771): 329370210: getState() :  mService = null. Returning STATE_OFF
D/BluetoothAdapter(  771): 329370210: getState() :  mService = null. Returning STATE_OFF
D/BluetoothAdapter(  771): 329370210: getState() :  mService = null. Returning STATE_OFF
V/CKL_TEST(  771): in function setView
D/OpenGLRenderer(  771): Render dirty regions requested: true
D/Atlas   (  771): Validating map...
D/PhoneStatusBar(  771): disable: < expand icons alerts system_info back home recent clock search >
V/CKL_TEST(  771): in function setView
V/CKL_TEST(  771): in function setView
D/BluetoothAdapter(  771): 329370210: getState() :  mService = null. Returning STATE_OFF
D/BluetoothAdapter(  771): 329370210: getState() :  mService = null. Returning STATE_OFF
D/PhoneStatusBar(  771): heads up is enabled
V/CKL_TEST(  771): in function setView
D/StatusBar(  771): user hasn't seen notification about hidden notifications
D/StatusBar(  771): insecure lockscreen, skipping notification
W/BackupManagerService(  424): dataChanged but no participant pkg='com.android.providers.settings' uid=10014
I/ContactLocale( 1051): AddressBook Labels [zh-CN]: [, A, B, C, D, E, F, G, H, I, J, K, L, M, N, O, P, Q, R, S, T, U, V, W, X, Y, Z, , , , , , , , , , , , , , , , , , , , , , , , , , , , , , , , , , , , , , , , , , , , , , , , , , , , , , , , , , , , , , , , , , , , , , , , , , , , , , , , , , , , , , , , , , , , , , , , , , , , , , , , , , , , , , , , , , , , , , , , , , , , , , , , , , , , , , , , , , , , , , , , , , , , , , , , , , , , , , , , , , , , , , , , , , , , , , , , , , , , , , , , , , , , #, ]
I/art     (  771): Background sticky concurrent mark sweep GC freed 32(1336B) AllocSpace objects, 0(0B) LOS objects, 0% free, 18MB/18MB, paused 15.493ms total 45.938ms
D/libEGL  (  771): loaded /system/lib/egl/libEGL_VIVANTE.so
D/libEGL  (  771): loaded /system/lib/egl/libGLESv1_CM_VIVANTE.so
D/libEGL  (  771): loaded /system/lib/egl/libGLESv2_VIVANTE.so
I/LatinIME:LogUtils(  920): Dictionary info: dictionary = main:de ; version = 44 ; date = 1393228134
E/BufferQueueProducer(  122): [com.android.systemui.ImageWallpaper] dequeueBuffer: can't dequeue multiple buffers without setting the buffer count
I/Choreographer(  771): Skipped 295 frames!  The application may be doing too much work on its main thread.
I/SurfaceFlinger(  122): Boot is finished (255389 ms)
D/ViewRootImpl(  771): changeCanvasOpacity: opaque=true
D/BootAnimation(  169): end boot donghua
I/OpenGLRenderer(  771): Initialized EGL, version 1.4
D/OpenGLRenderer(  771): Enabling debug mode 0
E/BufferQueueProducer(  122): [StatusBar] dequeueBuffer: can't dequeue multiple buffers without setting the buffer count
E/BufferQueueProducer(  122): [NavigationBar] dequeueBuffer: can't dequeue multiple buffers without setting the buffer count
V/KeyguardServiceDelegate(  424): *** Keyguard connected (yay!)
D/WifiService(  424): New client listening to asynchronous messages
I/LatinIME:LogUtils(  920): Dictionary info: dictionary = main:fr ; version = 45 ; date = 1400639634
I/LatinIME:LogUtils(  920): Dictionary info: dictionary = main:es ; version = 49 ; date = 1404131686
I/LatinIME:LogUtils(  920): Dictionary info: dictionary = main:it ; version = 44 ; date = 1393228135
I/LatinIME:LogUtils(  920): Dictionary info: dictionary = main:ru ; version = 50 ; date = 1406597821
D/OpenGLRenderer(  771): setting property extraRasterBucket to 0.95
D/OpenGLRenderer(  771):     failed
D/OpenGLRenderer(  771): setting property extraRasterBucket to 0.0
D/OpenGLRenderer(  771):     failed
I/LatinIME:LogUtils(  920): Dictionary info: dictionary = main:en ; version = 47 ; date = 1402373178
E/SQLiteLog( 1028): (1) no such table: album_info
I/SystemServiceManager(  424): Starting phase 1000
V/KeyguardServiceDelegate(  424): **** SHOWN CALLED ****
D/BluetoothManagerService(  424): Retrieving Bluetooth Adapter name and address...
D/BluetoothManagerService(  424): getNameAndAddress(): mBluetooth = null mBinding = false
D/BluetoothManagerService(  424): Message: 200
D/BluetoothManagerService(  424): MESSAGE_GET_NAME_AND_ADDRESS
D/BluetoothManagerService(  424): Binding to service to get name and address
E/BluetoothManagerService(  424): Fail to bind to: Intent { act=android.bluetooth.IBluetooth }
D/PermissionCache(  122): checking android.permission.READ_FRAME_BUFFER for uid=1000 => granted (345 us)
I/RecoverySystem(  424): No recovery log file
I/ActivityManager(  424): Config changes=480 {1.0 ?mcc?mnc zh_CN ldltr sw600dp w600dp h727dp 160dpi lrg port finger -keyb/v/h -nav/h s.6}
I/Choreographer(  424): Skipped 46 frames!  The application may be doing too much work on its main thread.
I/BootReceiver(  424): Copying audit failures to DropBox
I/InputReader(  424): Reconfiguring input devices.  changes=0x00000004
I/InputReader(  424): Device reconfigured: id=2, name='TSC2007 Touchscreen', size 800x600, orientation 3, mode 1, display id 0
I/BootReceiver(  424): Checking for fsck errors
I/InputReader(  424): Reconfiguring input devices.  changes=0x00000004
V/ActivityManager(  424): Display changed displayId=0
D/ResolverActivity( 1090): sinceTime=-1209339909
V/PackageManager(  424): Querying last chosen activity for Intent { act=android.intent.action.MAIN cat=[android.intent.category.HOME] flg=0x10000008 }
V/IntentResolver(  424): Resolving type=null scheme=null defaultOnly=true userId=0 of Intent { act=android.intent.action.MAIN cat=[android.intent.category.HOME] flg=0x10000008 }
V/IntentResolver(  424): Action list: [ActivityIntentInfo{df1af35 com.android.providers.calendar/.CalendarContentProviderTests}, ActivityIntentInfo{b47efca com.android.providers.calendar/.CalendarDebug}, ActivityIntentInfo{38ecd53b com.android.providers.calendar/.CalendarDebugActivity}, ActivityIntentInfo{3a52b0b3 com.android.contacts/.activities.PeopleActivity}, ActivityIntentInfo{3d7fbff6 com.android.contacts/.widget.PinnedHeaderListDemoActivity}, ActivityIntentInfo{a25dff7 com.android.contacts/.NonPhoneActivity}, ActivityIntentInfo{3be371ad com.android.dialer/.DialtactsActivity}, ActivityIntentInfo{664f0fd com.android.launcher/com.android.launcher2.Launcher}, ActivityIntentInfo{3a955531 com.android.managedprovisioning/.HomeReceiverActivity}, ActivityIntentInfo{10983413 com.android.mms/.ui.ConversationList}, ActivityIntentInfo{16e11337 com.android.settings/.Settings}, ActivityIntentInfo{328a0e0d com.android.settings/.Settings$WirelessSettingsActivity}, ActivityIntentInfo{1e21c2 com.android.settings/.Settings$WifiSettingsActivity}, ActivityIntentInfo{1929abd3 com.android.settings/.wifi.WifiPickerActivity}, ActivityIntentInfo{214aa310 com.android.settings/.wifi.WifiSetupActivity}, ActivityIntentInfo{18d67e09 com.android.settings/.Settings$AdvancedWifiSettingsActivity}, ActivityIntentInfo{31b0980e com.android.settings/.Settings$SavedAccessPointsSettingsActivity}, ActivityIntentInfo{1f59322f com.android.settings/.wifi.WifiInfo}, ActivityIntentInfo{59ee03c com.android.settings/.wifi.WifiConfigInfo}, ActivityIntentInfo{375ff1c5 com.android.settings/.wifi.WifiAPITest}, ActivityIntentInfo{12e2271a com.android.settings/.wifi.WifiStatusTest}, ActivityIntentInfo{a50c24b com.android.settings/.wifi.WifiApSettings}, ActivityIntentInfo{1097c428 com.android.settings/.Settings$ApnSettingsActivity}, ActivityIntentInfo{2d52e541 com.android.settings/.Settings$BluetoothSettingsActivity}, ActivityIntentInfo{1de73827 com.android.settings/.Settings$TetherSettingsActivity}, ActivityIntentInfo{3b8fad4 com.android.settings/.Settings$WifiP2pSettingsActivity}, ActivityIntentInfo{627947d com.android.settings/.Settings$VpnSettingsActivity}, ActivityIntentInfo{3c67f72 com.android.settings/.Settings$DateTimeSettingsActivity}, ActivityIntentInfo{1a852fc3 com.android.settings/.DateTimeSettingsSetupWizard}, ActivityIntentInfo{1314f040 com.android.settings/.Settings$LocalePickerActivity}, ActivityIntentInfo{129dfb79 com.android.settings/.Settings$InputMethodAndLanguageSettingsActivity}, ActivityIntentInfo{87920be com.android.settings/.Settings$VoiceInputSettingsActivity}, ActivityIntentInfo{1481051f com.android.settings/.Settings$KeyboardLayoutPickerActivity}, ActivityIntentInfo{1f78d06c com.android.settings/.Settings$SpellCheckersSettingsActivity}, ActivityIntentInfo{1579d635 com.android.settings/.inputmethod.InputMethodAndSubtypeEnablerActivity}, ActivityIntentInfo{26228aca com.android.settings/.Settings$UserDictionarySettingsActivity}, ActivityIntentInfo{27588758 com.android.settings/.Settings$ZenModeSettingsActivity}, ActivityIntentInfo{3ffea0b1 com.android.settings/.Settings$HomeSettingsActivity}, ActivityIntentInfo{e468996 com.android.settings/.Settings$DisplaySettingsActivity}, ActivityIntentInfo{11f87917 com.android.settings/.Settings$DeviceInfoSettingsActivity}, ActivityIntentInfo{34d9a922 com.android.settings/.Settings$ManageApplicationsActivity}, ActivityIntentInfo{3c64e970 com.android.settings/.Settings$RunningServicesActivity}, ActivityIntentInfo{32b7b4e9 com.android.settings/.Settings$StorageUseActivity}, ActivityIntentInfo{268d356e com.android.settings/.Settings$NotificationStationActivity}, ActivityIntentInfo{317b740f com.android.settings/.Settings$LocationSettingsActivity}, ActivityIntentInfo{1872c9c com.android.settings/.Settings$SecuritySettingsActivity}, ActivityIntentInfo{32cdb6a5 com.android.settings/.MonitoringCertInfoActivity}, ActivityIntentInfo{37db3a7a com.android.settings/.Settings$TrustedCredentialsSettingsActivity}, ActivityIntentInfo{885422b com.android.settings/.Settings$PrivacySettingsActivity}, ActivityIntentI
V/IntentResolver(  424): Matching against filter ActivityIntentInfo{df1af35 com.android.providers.calendar/.CalendarContentProviderTests}
V/IntentResolver(  424):   Filter did not match: category
V/IntentResolver(  424): Matching against filter ActivityIntentInfo{b47efca com.android.providers.calendar/.CalendarDebug}
V/IntentResolver(  424):   Filter did not match: category
